[    0.000000] Initializing cgroup subsys cpuset
[    0.000000] Initializing cgroup subsys cpu
[    0.000000] Initializing cgroup subsys cpuacct
[    0.000000] Linux version 4.4.0-210-generic (buildd@lgw01-amd64-009) (gcc version 5.4.0 20160609 (Ubuntu 5.4.0-6ubuntu1~16.04.12) ) #242-Ubuntu SMP Fri Apr 16 09:57:56 UTC 2021 (Ubuntu 4.4.0-210.242-generic 4.4.262)
[    0.000000] Command line: BOOT_IMAGE=/boot/vmlinuz-4.4.0-210-generic root=LABEL=cloudimg-rootfs ro console=tty1 console=ttyS0
[    0.000000] KERNEL supported cpus:
[    0.000000]   Intel GenuineIntel
[    0.000000]   AMD AuthenticAMD
[    0.000000]   Centaur CentaurHauls
[    0.000000] x86/fpu: Legacy x87 FPU detected.
[    0.000000] e820: BIOS-provided physical RAM map:
[    0.000000] BIOS-e820: [mem 0x0000000000000000-0x000000000009fbff] usable
[    0.000000] BIOS-e820: [mem 0x000000000009fc00-0x000000000009ffff] reserved
[    0.000000] BIOS-e820: [mem 0x00000000000f0000-0x00000000000fffff] reserved
[    0.000000] BIOS-e820: [mem 0x0000000000100000-0x000000003ffeffff] usable
[    0.000000] BIOS-e820: [mem 0x000000003fff0000-0x000000003fffffff] ACPI data
[    0.000000] BIOS-e820: [mem 0x00000000fec00000-0x00000000fec00fff] reserved
[    0.000000] BIOS-e820: [mem 0x00000000fee00000-0x00000000fee00fff] reserved
[    0.000000] BIOS-e820: [mem 0x00000000fffc0000-0x00000000ffffffff] reserved
[    0.000000] NX (Execute Disable) protection: active
[    0.000000] SMBIOS 2.5 present.
[    0.000000] Hypervisor detected: KVM
[    0.000000] Kernel/User page tables isolation: disabled
[    0.000000] e820: last_pfn = 0x3fff0 max_arch_pfn = 0x400000000
[    0.000000] MTRR: Disabled
[    0.000000] x86/PAT: MTRRs disabled, skipping PAT initialization too.
[    0.000000] CPU MTRRs all blank - virtualized system.
[    0.000000] x86/PAT: Configuration [0-7]: WB  WT  UC- UC  WB  WT  UC- UC  
[    0.000000] found SMP MP-table at [mem 0x0009fff0-0x0009ffff] mapped at [ffff88000009fff0]
[    0.000000] Scanning 1 areas for low memory corruption
[    0.000000] RAMDISK: [mem 0x362dc000-0x37165fff]
[    0.000000] ACPI: Early table checksum verification disabled
[    0.000000] ACPI: RSDP 0x00000000000E0000 000024 (v02 VBOX  )
[    0.000000] ACPI: XSDT 0x000000003FFF0030 00003C (v01 VBOX   VBOXXSDT 00000001 ASL  00000061)
[    0.000000] ACPI: FACP 0x000000003FFF00F0 0000F4 (v04 VBOX   VBOXFACP 00000001 ASL  00000061)
[    0.000000] ACPI: DSDT 0x000000003FFF0470 002325 (v02 VBOX   VBOXBIOS 00000002 INTL 20100528)
[    0.000000] ACPI: FACS 0x000000003FFF0200 000040
[    0.000000] ACPI: FACS 0x000000003FFF0200 000040
[    0.000000] ACPI: APIC 0x000000003FFF0240 00005C (v02 VBOX   VBOXAPIC 00000001 ASL  00000061)
[    0.000000] ACPI: SSDT 0x000000003FFF02A0 0001CC (v01 VBOX   VBOXCPUT 00000002 INTL 20100528)
[    0.000000] No NUMA configuration found
[    0.000000] Faking a node at [mem 0x0000000000000000-0x000000003ffeffff]
[    0.000000] NODE_DATA(0) allocated [mem 0x3ffeb000-0x3ffeffff]
[    0.000000] kvm-clock: Using msrs 4b564d01 and 4b564d00
[    0.000000] kvm-clock: cpu 0, msr 0:3ffe3001, primary cpu clock
[    0.000000] kvm-clock: using sched offset of 4400824326 cycles
[    0.000000] clocksource: kvm-clock: mask: 0xffffffffffffffff max_cycles: 0x1cd42e4dffb, max_idle_ns: 881590591483 ns
[    0.000000] Zone ranges:
[    0.000000]   DMA      [mem 0x0000000000001000-0x0000000000ffffff]
[    0.000000]   DMA32    [mem 0x0000000001000000-0x000000003ffeffff]
[    0.000000]   Normal   empty
[    0.000000]   Device   empty
[    0.000000] Movable zone start for each node
[    0.000000] Early memory node ranges
[    0.000000]   node   0: [mem 0x0000000000001000-0x000000000009efff]
[    0.000000]   node   0: [mem 0x0000000000100000-0x000000003ffeffff]
[    0.000000] Initmem setup node 0 [mem 0x0000000000001000-0x000000003ffeffff]
[    0.000000] ACPI: PM-Timer IO Port: 0x4008
[    0.000000] IOAPIC[0]: apic_id 2, version 32, address 0xfec00000, GSI 0-23
[    0.000000] ACPI: INT_SRC_OVR (bus 0 bus_irq 0 global_irq 2 dfl dfl)
[    0.000000] ACPI: INT_SRC_OVR (bus 0 bus_irq 9 global_irq 9 low level)
[    0.000000] Using ACPI (MADT) for SMP configuration information
[    0.000000] smpboot: Allowing 2 CPUs, 0 hotplug CPUs
[    0.000000] PM: Registered nosave memory: [mem 0x00000000-0x00000fff]
[    0.000000] PM: Registered nosave memory: [mem 0x0009f000-0x0009ffff]
[    0.000000] PM: Registered nosave memory: [mem 0x000a0000-0x000effff]
[    0.000000] PM: Registered nosave memory: [mem 0x000f0000-0x000fffff]
[    0.000000] e820: [mem 0x40000000-0xfebfffff] available for PCI devices
[    0.000000] Booting paravirtualized kernel on KVM
[    0.000000] clocksource: refined-jiffies: mask: 0xffffffff max_cycles: 0xffffffff, max_idle_ns: 7645519600211568 ns
[    0.000000] setup_percpu: NR_CPUS:512 nr_cpumask_bits:512 nr_cpu_ids:2 nr_node_ids:1
[    0.000000] PERCPU: Embedded 33 pages/cpu @ffff88003fc00000 s95192 r8192 d31784 u1048576
[    0.000000] Built 1 zonelists in Node order, mobility grouping on.  Total pages: 257912
[    0.000000] Policy zone: DMA32
[    0.000000] Kernel command line: BOOT_IMAGE=/boot/vmlinuz-4.4.0-210-generic root=LABEL=cloudimg-rootfs ro console=tty1 console=ttyS0
[    0.000000] PID hash table entries: 4096 (order: 3, 32768 bytes)
[    0.000000] Memory: 997792K/1048120K available (8644K kernel code, 1332K rwdata, 4044K rodata, 1492K init, 1164K bss, 50328K reserved, 0K cma-reserved)
[    0.000000] SLUB: HWalign=64, Order=0-3, MinObjects=0, CPUs=2, Nodes=1
[    0.000000] Hierarchical RCU implementation.
[    0.000000] 	Build-time adjustment of leaf fanout to 64.
[    0.000000] 	RCU restricting CPUs from NR_CPUS=512 to nr_cpu_ids=2.
[    0.000000] RCU: Adjusting geometry for rcu_fanout_leaf=64, nr_cpu_ids=2
[    0.000000] NR_IRQS:33024 nr_irqs:440 16
[    0.000000] Console: colour VGA+ 80x25
[    0.000000] console [tty1] enabled
[    0.000000] console [ttyS0] enabled
[    0.000000] tsc: Detected 2496.000 MHz processor
[    0.949618] Calibrating delay loop (skipped) preset value.. 4992.00 BogoMIPS (lpj=9984000)
[    0.968990] pid_max: default: 32768 minimum: 301
[    0.981237] ACPI: Core revision 20150930
[    0.990456] ACPI: 2 ACPI AML tables successfully acquired and loaded
[    1.003136] Security Framework initialized
[    1.009272] Yama: becoming mindful.
[    1.016493] AppArmor: AppArmor initialized
[    1.026337] Dentry cache hash table entries: 131072 (order: 8, 1048576 bytes)
[    1.045340] Inode-cache hash table entries: 65536 (order: 7, 524288 bytes)
[    1.061101] Mount-cache hash table entries: 2048 (order: 2, 16384 bytes)
[    1.076463] Mountpoint-cache hash table entries: 2048 (order: 2, 16384 bytes)
[    1.091193] Initializing cgroup subsys io
[    1.098717] Initializing cgroup subsys memory
[    1.108134] Initializing cgroup subsys devices
[    1.117640] Initializing cgroup subsys freezer
[    1.127587] Initializing cgroup subsys net_cls
[    1.135697] Initializing cgroup subsys perf_event
[    1.144277] Initializing cgroup subsys net_prio
[    1.153858] Initializing cgroup subsys hugetlb
[    1.163254] Initializing cgroup subsys pids
[    1.172287] mce: CPU supports 0 MCE banks
[    1.180218] Last level iTLB entries: 4KB 0, 2MB 0, 4MB 0
[    1.188687] Last level dTLB entries: 4KB 0, 2MB 0, 4MB 0, 1GB 0
[    1.198673] Spectre V1 : Mitigation: usercopy/swapgs barriers and __user pointer sanitization
[    1.213812] Spectre V2 : Mitigation: Enhanced IBRS
[    1.221696] Spectre V2 : Spectre v2 / SpectreRSB mitigation: Filling RSB on context switch
[    1.237098] Speculative Store Bypass: Vulnerable
[    1.321155] Freeing SMP alternatives memory: 36K
[    1.468844] ftrace: allocating 32380 entries in 127 pages
[    2.470974] smpboot: APIC(0) Converting physical 0 to logical package 0
[    2.481628] smpboot: Max logical packages: 1
[    2.512641] ..TIMER: vector=0x30 apic1=0 pin1=2 apic2=-1 pin2=-1
[    2.629452] APIC calibration not consistent with PM-Timer: 101ms instead of 100ms
[    2.641136] APIC delta adjusted to PM-Timer: 6271038 (6363697)
[    2.650572] smpboot: CPU0: 12th Gen Intel(R) Core(TM) i5-1235U (family: 0x6, model: 0x9a, stepping: 0x4)
[    2.665751] Performance Events: unsupported p6 CPU model 154 no PMU driver, software events only.
[    2.821401] KVM setup paravirtual spinlock
[    2.834075] x86: Booting SMP configuration:
[    2.841021] .... node  #0, CPUs:      #1
[    2.849382] kvm-clock: cpu 1, msr 0:3ffe3041, secondary cpu clock
[    2.857621] mce: CPU supports 0 MCE banks
[    2.863057] TSC synchronization [CPU#0 -> CPU#1]:
[    2.869861] Measured 53983 cycles TSC warp between CPUs, turning off TSC clock.
[    2.880504] tsc: Marking TSC unstable due to check_tsc_sync_source failed
[    0.738441] x86: Booted up 1 node, 2 CPUs
[    0.740007] smpboot: Total of 2 processors activated (9984.00 BogoMIPS)
[    0.752017] devtmpfs: initialized
[    0.760021] evm: security.selinux
[    0.764005] evm: security.SMACK64
[    0.768004] evm: security.SMACK64EXEC
[    0.772007] evm: security.SMACK64TRANSMUTE
[    0.776008] evm: security.SMACK64MMAP
[    0.780011] evm: security.ima
[    0.784008] evm: security.capability
[    0.792505] clocksource: jiffies: mask: 0xffffffff max_cycles: 0xffffffff, max_idle_ns: 7645041785100000 ns
[    0.796024] futex hash table entries: 512 (order: 3, 32768 bytes)
[    0.800610] pinctrl core: initialized pinctrl subsystem
[    0.804553] RTC time:  9:33:48, date: 02/08/23
[    0.809496] NET: Registered protocol family 16
[    0.824022] cpuidle: using governor ladder
[    0.840019] cpuidle: using governor menu
[    0.844016] PCCT header not found.
[    0.848128] ACPI: bus type PCI registered
[    0.852010] acpiphp: ACPI Hot Plug PCI Controller Driver version: 0.5
[    0.856792] PCI: Using configuration type 1 for base access
[    0.885014] ACPI: Added _OSI(Module Device)
[    0.888010] ACPI: Added _OSI(Processor Device)
[    0.892009] ACPI: Added _OSI(3.0 _SCP Extensions)
[    0.896007] ACPI: Added _OSI(Processor Aggregator Device)
[    0.906702] ACPI: Executed 1 blocks of module-level executable AML code
[    0.917823] ACPI: Interpreter enabled
[    0.920022] ACPI: (supports S0 S5)
[    0.924006] ACPI: Using IOAPIC for interrupt routing
[    0.928492] PCI: Using host bridge windows from ACPI; if necessary, use "pci=nocrs" and report a bug
[    0.945118] ACPI: PCI Root Bridge [PCI0] (domain 0000 [bus 00-ff])
[    0.948015] acpi PNP0A03:00: _OSC: OS supports [ASPM ClockPM Segments MSI]
[    0.952905] acpi PNP0A03:00: _OSC: not requesting OS control; OS requires [ExtendedConfig ASPM ClockPM MSI]
[    0.956022] acpi PNP0A03:00: fail to add MMCONFIG information, can't access extended PCI configuration space under this bridge.
[    0.961100] PCI host bridge to bus 0000:00
[    0.964006] pci_bus 0000:00: root bus resource [io  0x0000-0x0cf7 window]
[    0.968010] pci_bus 0000:00: root bus resource [io  0x0d00-0xffff window]
[    0.972011] pci_bus 0000:00: root bus resource [mem 0x000a0000-0x000bffff window]
[    0.976118] pci_bus 0000:00: root bus resource [mem 0x40000000-0xfdffffff window]
[    0.980011] pci_bus 0000:00: root bus resource [bus 00-ff]
[    0.996977] pci 0000:00:01.1: legacy IDE quirk: reg 0x10: [io  0x01f0-0x01f7]
[    1.000010] pci 0000:00:01.1: legacy IDE quirk: reg 0x14: [io  0x03f6]
[    1.004014] pci 0000:00:01.1: legacy IDE quirk: reg 0x18: [io  0x0170-0x0177]
[    1.008010] pci 0000:00:01.1: legacy IDE quirk: reg 0x1c: [io  0x0376]
[    1.046732] pci 0000:00:07.0: quirk: [io  0x4000-0x403f] claimed by PIIX4 ACPI
[    1.048065] pci 0000:00:07.0: quirk: [io  0x4100-0x410f] claimed by PIIX4 SMB
[    1.072545] ACPI: PCI Interrupt Link [LNKA] (IRQs 5 9 10 *11)
[    1.082214] ACPI: PCI Interrupt Link [LNKB] (IRQs 5 9 *10 11)
[    1.090113] ACPI: PCI Interrupt Link [LNKC] (IRQs 5 *9 10 11)
[    1.097725] ACPI: PCI Interrupt Link [LNKD] (IRQs 5 9 10 *11)
[    1.108265] ACPI: Enabled 2 GPEs in block 00 to 07
[    1.112379] vgaarb: setting as boot device: PCI:0000:00:02.0
[    1.116000] vgaarb: device added: PCI:0000:00:02.0,decodes=io+mem,owns=io+mem,locks=none
[    1.116011] vgaarb: loaded
[    1.120007] vgaarb: bridge control possible 0000:00:02.0
[    1.124717] SCSI subsystem initialized
[    1.128374] ACPI: bus type USB registered
[    1.132098] usbcore: registered new interface driver usbfs
[    1.136097] usbcore: registered new interface driver hub
[    1.140030] usbcore: registered new device driver usb
[    1.148242] PCI: Using ACPI for IRQ routing
[    1.156930] NetLabel: Initializing
[    1.160009] NetLabel:  domain hash size = 128
[    1.164008] NetLabel:  protocols = UNLABELED CIPSOv4
[    1.168024] NetLabel:  unlabeled traffic allowed by default
[    1.172251] amd_nb: Cannot enumerate AMD northbridges
[    1.180010] clocksource: Switched to clocksource kvm-clock
[    1.192424] AppArmor: AppArmor Filesystem Enabled
[    1.192424] pnp: PnP ACPI init
[    1.192424] pnp: PnP ACPI: found 3 devices
[    1.324894] clocksource: acpi_pm: mask: 0xffffff max_cycles: 0xffffff, max_idle_ns: 2085701024 ns
[    1.328810] NET: Registered protocol family 2
[    1.349584] TCP established hash table entries: 8192 (order: 4, 65536 bytes)
[    1.359879] TCP bind hash table entries: 8192 (order: 5, 131072 bytes)
[    1.363327] TCP: Hash tables configured (established 8192 bind 8192)
[    1.363327] UDP hash table entries: 512 (order: 2, 16384 bytes)
[    1.363327] UDP-Lite hash table entries: 512 (order: 2, 16384 bytes)
[    1.363327] NET: Registered protocol family 1
[    1.363327] pci 0000:00:00.0: Limiting direct PCI/PCI transfers
[    1.363327] pci 0000:00:01.0: Activating ISA DMA hang workarounds
[    1.363327] Unpacking initramfs...
[    1.936790] Freeing initrd memory: 14888K
[    1.936790] clocksource: tsc: mask: 0xffffffffffffffff max_cycles: 0x23fa772cf26, max_idle_ns: 440795269835 ns
[    1.936790] platform rtc_cmos: registered platform RTC device (no PNP device found)
[    1.936790] Scanning for low memory corruption every 60 seconds
[    2.036508] audit: initializing netlink subsys (disabled)
[    2.049618] audit: type=2000 audit(1675848833.476:1): initialized
[    2.062078] Initialise system trusted keyring
[    2.071051] HugeTLB registered 2 MB page size, pre-allocated 0 pages
[    2.082573] zbud: loaded
[    2.088525] VFS: Disk quotas dquot_6.6.0
[    2.094016] VFS: Dquot-cache hash table entries: 512 (order 0, 4096 bytes)
[    2.097844] squashfs: version 4.0 (2009/01/31) Phillip Lougher
[    2.116692] fuse init (API version 7.23)
[    2.123610] Key type big_key registered
[    2.127083] Allocating IMA MOK and blacklist keyrings.
[    2.156909] Key type asymmetric registered
[    2.163224] Asymmetric key parser 'x509' registered
[    2.171518] Block layer SCSI generic (bsg) driver version 0.4 loaded (major 249)
[    2.183805] io scheduler noop registered
[    2.189913] io scheduler deadline registered (default)
[    2.198557] io scheduler cfq registered
[    2.202371] pci_hotplug: PCI Hot Plug PCI Core version: 0.5
[    2.202371] pciehp: PCI Express Hot Plug Controller Driver version: 0.4
[    2.202371] ACPI: AC Adapter [AC] (on-line)
[    2.202371] input: Power Button as /devices/LNXSYSTM:00/LNXPWRBN:00/input/input0
[    2.202371] ACPI: Power Button [PWRF]
[    2.202371] input: Sleep Button as /devices/LNXSYSTM:00/LNXSLPBN:00/input/input1
[    2.202371] ACPI: Sleep Button [SLPF]
[    2.269067] GHES: HEST is not enabled!
[    2.276011] Serial: 8250/16550 driver, 32 ports, IRQ sharing enabled
[    2.314299] 00:02: ttyS0 at I/O 0x3f8 (irq = 4, base_baud = 115200) is a 16550A
[    2.357734] Linux agpgart interface v0.103
[    2.397612] loop: module loaded
[    2.407872] scsi host0: ata_piix
[    2.414065] scsi host1: ata_piix
[    2.419823] ata1: PATA max UDMA/33 cmd 0x1f0 ctl 0x3f6 bmdma 0xd000 irq 14
[    2.429553] ata2: PATA max UDMA/33 cmd 0x170 ctl 0x376 bmdma 0xd008 irq 15
[    2.441141] libphy: Fixed MDIO Bus: probed
[    2.447828] tun: Universal TUN/TAP device driver, 1.6
[    2.459832] tun: (C) 1999-2004 Max Krasnyansky <maxk@qualcomm.com>
[    2.471222] PPP generic driver version 2.4.2
[    2.478464] ehci_hcd: USB 2.0 'Enhanced' Host Controller (EHCI) Driver
[    2.487891] ehci-pci: EHCI PCI platform driver
[    2.494025] ehci-platform: EHCI generic platform driver
[    2.502996] ohci_hcd: USB 1.1 'Open' Host Controller (OHCI) Driver
[    2.514217] ohci-pci: OHCI PCI platform driver
[    2.522093] ohci-platform: OHCI generic platform driver
[    2.529486] uhci_hcd: USB Universal Host Controller Interface driver
[    2.538940] i8042: PNP: PS/2 Controller [PNP0303:PS2K,PNP0f03:PS2M] at 0x60,0x64 irq 1,12
[    2.557309] serio: i8042 KBD port at 0x60,0x64 irq 1
[    2.565701] serio: i8042 AUX port at 0x60,0x64 irq 12
[    2.574099] mousedev: PS/2 mouse device common for all mice
[    2.588754] rtc_cmos rtc_cmos: rtc core: registered rtc_cmos as rtc0
[    2.599928] rtc_cmos rtc_cmos: alarms up to one day, 114 bytes nvram
[    2.609487] i2c /dev entries driver
[    2.614895] device-mapper: uevent: version 1.0.3
[    2.635683] device-mapper: ioctl: 4.34.0-ioctl (2015-10-28) initialised: dm-devel@redhat.com
[    2.648183] ledtrig-cpu: registered to indicate activity on CPUs
[    2.660769] NET: Registered protocol family 10
[    2.667463] NET: Registered protocol family 17
[    2.673506] Key type dns_resolver registered
[    2.682902] input: AT Translated Set 2 keyboard as /devices/platform/i8042/serio0/input/input2
[    2.698235] registered taskstats version 1
[    2.705551] Loading compiled-in X.509 certificates
[    2.713591] Loaded X.509 cert 'Build time autogenerated kernel key: cf00e047681d67edb2720680708b7d9498083038'
[    2.728365] zswap: loaded using pool lzo/zbud
[    2.745173] Key type trusted registered
[    2.768036] Key type encrypted registered
[    2.779945] AppArmor: AppArmor sha1 policy hashing enabled
[    2.789523] ima: No TPM chip found, activating TPM-bypass!
[    2.798596] ima: Allocated hash algorithm: sha1
[    2.805866] evm: HMAC attrs: 0x1
[    2.813256]   Magic number: 11:557:575
[    2.819247]  workqueue: hash matches
[    2.825692] rtc_cmos rtc_cmos: setting system clock to 2023-02-08 09:33:50 UTC (1675848830)
[    2.839041] BIOS EDD facility v0.16 2004-Jun-25, 0 devices found
[    2.848199] EDD information not available.
[    2.858266] Freeing unused kernel memory: 1492K
[    2.876868] Write protecting the kernel read-only data: 14336k
[    2.888605] Freeing unused kernel memory: 1584K
[    2.896105] Freeing unused kernel memory: 52K
Loading, please wait...
starting version 229
[    2.935378] random: udevadm: uninitialized urandom read (16 bytes read, 6 bits of entropy available)
[    2.935672] random: systemd-udevd: uninitialized urandom read (16 bytes read, 6 bits of entropy available)
[    2.935727] random: systemd-udevd: uninitialized urandom read (16 bytes read, 6 bits of entropy available)
[    2.935736] random: systemd-udevd: uninitialized urandom read (16 bytes read, 6 bits of entropy available)
[    2.935746] random: systemd-udevd: uninitialized urandom read (16 bytes read, 6 bits of entropy available)
[    3.011780] random: udevadm: uninitialized urandom read (16 bytes read, 6 bits of entropy available)
[    3.036876] random: systemd-udevd: uninitialized urandom read (16 bytes read, 6 bits of entropy available)
[    3.055146] random: systemd-udevd: uninitialized urandom read (16 bytes read, 6 bits of entropy available)
[    3.057234] random: udevadm: uninitialized urandom read (16 bytes read, 6 bits of entropy available)
[    3.057274] random: udevadm: uninitialized urandom read (16 bytes read, 6 bits of entropy available)
[    3.142031] e1000: Intel(R) PRO/1000 Network Driver - version 7.3.21-k8-NAPI
[    3.153572] e1000: Copyright (c) 1999-2006 Intel Corporation.
[    3.190661] Fusion MPT base driver 3.04.20
[    3.197691] Copyright (c) 1999-2008 LSI Corporation
[    3.229167] Fusion MPT SPI Host driver 3.04.20
[    3.929415] input: ImExPS/2 Generic Explorer Mouse as /devices/platform/i8042/serio1/input/input4
[    3.973636] e1000 0000:00:03.0 eth0: (PCI:33MHz:32-bit) 02:be:82:6b:cc:1d
[    3.985358] e1000 0000:00:03.0 eth0: Intel(R) PRO/1000 Network Connection
[    4.833048] e1000 0000:00:08.0 eth1: (PCI:33MHz:32-bit) 08:00:27:4c:36:70
[    4.845219] e1000 0000:00:08.0 eth1: Intel(R) PRO/1000 Network Connection
[    4.858854] e1000 0000:00:08.0 enp0s8: renamed from eth1
[    4.872289] mptbase: ioc0: Initiating bringup
[    4.884631] e1000 0000:00:03.0 enp0s3: renamed from eth0
[    4.958221] ioc0: LSI53C1030 A0: Capabilities={Initiator}
[    5.165275] scsi host2: ioc0: LSI53C1030 A0, FwRev=00000000h, Ports=1, MaxQ=256, IRQ=20
[    5.298659] scsi 2:0:0:0: Direct-Access     VBOX     HARDDISK         1.0  PQ: 0 ANSI: 5
[    5.316492] scsi target2:0:0: Beginning Domain Validation
[    5.332994] scsi target2:0:0: Domain Validation skipping write tests
[    5.347637] scsi target2:0:0: Ending Domain Validation
[    5.357882] scsi target2:0:0: asynchronous
[    5.369183] scsi 2:0:1:0: Direct-Access     VBOX     HARDDISK         1.0  PQ: 0 ANSI: 5
[    5.388701] scsi target2:0:1: Beginning Domain Validation
[    5.411809] scsi target2:0:1: Domain Validation skipping write tests
[    5.423696] scsi target2:0:1: Ending Domain Validation
[    5.433897] scsi target2:0:1: asynchronous
[    5.480452] sd 2:0:0:0: Attached scsi generic sg0 type 0
[    5.484520] sd 2:0:0:0: [sda] 83886080 512-byte logical blocks: (42.9 GB/40.0 GiB)
[    5.538108] sd 2:0:1:0: Attached scsi generic sg1 type 0
[    5.548553] sd 2:0:0:0: [sda] Write Protect is off
[    5.548911] sd 2:0:1:0: [sdb] 20480 512-byte logical blocks: (10.5 MB/10.0 MiB)
[    5.550049] sd 2:0:1:0: [sdb] Write Protect is off
[    5.550635] sd 2:0:1:0: [sdb] Incomplete mode parameter data
[    5.550636] sd 2:0:1:0: [sdb] Assuming drive cache: write through
[    5.558299] sd 2:0:1:0: [sdb] Attached SCSI disk
[    5.606631] sd 2:0:0:0: [sda] Incomplete mode parameter data
[    5.619033] sd 2:0:0:0: [sda] Assuming drive cache: write through
[    5.641139]  sda: sda1
[    5.652853] sd 2:0:0:0: [sda] Attached SCSI disk
Begin: Loading essential drivers ... [    7.493590] md: linear personality registered for level -1
[    7.510678] md: multipath personality registered for level -4
[    7.529298] md: raid0 personality registered for level 0
[    7.556057] md: raid1 personality registered for level 1
[    8.113276] raid6: sse2x1   gen() 87947 MB/s
[    9.112600] raid6: sse2x1   xor() 112472 MB/s
[   11.114406] raid6: sse2x2   gen() 193491 MB/s
[   13.114090] raid6: sse2x2   xor() 140013 MB/s
[   13.207659] raid6: sse2x4   gen() 17881 MB/s
[   13.281046] raid6: sse2x4   xor()  8562 MB/s
[   13.287672] raid6: using algorithm sse2x2 gen() 193491 MB/s
[   13.296054] raid6: .... xor() 140013 MB/s, rmw enabled
[   13.305511] raid6: using ssse3x2 recovery algorithm
[   13.317547] xor: measuring software checksum speed
[   13.360175]    prefetch64-sse: 16404.000 MB/sec
[   13.404419]    generic_sse: 14749.000 MB/sec
[   13.412831] xor: using function: prefetch64-sse (16404.000 MB/sec)
[   13.425761] async_tx: api initialized (async)
[   13.488359] md: raid6 personality registered for level 6
[   13.496946] md: raid5 personality registered for level 5
[   13.506722] md: raid4 personality registered for level 4
[   13.543141] md: raid10 personality registered for level 10
done.
Begin: Running /scripts/init-premount ... done.
Begin: Mounting root file system ... Begin: Running /scripts/local-top ... done.
Begin: Running /scripts/local-premount ... [   13.656479] Btrfs loaded
Scanning for Btrfs filesystems
done.
Warning: fsck not present, so skipping root file system
[   13.727018] EXT4-fs (sda1): mounted filesystem with ordered data mode. Opts: (null)
done.
Begin: Running /scripts/local-bottom ... done.
Begin: Running /scripts/init-bottom ... done.
[   13.960846] systemd[1]: systemd 229 running in system mode. (+PAM +AUDIT +SELINUX +IMA +APPARMOR +SMACK +SYSVINIT +UTMP +LIBCRYPTSETUP +GCRYPT +GNUTLS +ACL +XZ -LZ4 +SECCOMP +BLKID +ELFUTILS +KMOD -IDN)
[   13.987525] systemd[1]: Detected virtualization oracle.
[   13.995673] systemd[1]: Detected architecture x86-64.

Welcome to [1mUbuntu 16.04.7 LTS[0m!

[   14.021829] systemd[1]: Set hostname to <ubuntu-xenial>.
[   14.298014] systemd[1]: Listening on fsck to fsckd communication Socket.
[[0;32m  OK  [0m] Listening on fsck to fsckd communication Socket.
[   14.314639] systemd[1]: Listening on LVM2 metadata daemon socket.
[[0;32m  OK  [0m] Listening on LVM2 metadata daemon socket.
[   14.333186] systemd[1]: Listening on /dev/initctl Compatibility Named Pipe.
[[0;32m  OK  [0m] Listening on /dev/initctl Compatibility Named Pipe.
[   14.349501] systemd[1]: Reached target User and Group Name Lookups.
[[0;32m  OK  [0m] Reached target User and Group Name Lookups.
[   14.365222] systemd[1]: Listening on LVM2 poll daemon socket.
[[0;32m  OK  [0m] Listening on LVM2 poll daemon socket.
[   14.381525] systemd[1]: Listening on Journal Socket.
[[0;32m  OK  [0m] Listening on Journal Socket.
[   14.395965] systemd[1]: Reached target System Time Synchronized.
[[0;32m  OK  [0m] Reached target System Time Synchronized.
[   14.413348] systemd[1]: Created slice System Slice.
[[0;32m  OK  [0m] Created slice System Slice.
[   14.428799] systemd[1]: Created slice system-serial\x2dgetty.slice.
[[0;32m  OK  [0m] Created slice system-serial\x2dgetty.slice.
[   14.457239] systemd[1]: Listening on Syslog Socket.
[[0;32m  OK  [0m] Listening on Syslog Socket.
[   14.486853] systemd[1]: Mounting Debug File System...
         Mounting Debug File System...
[   14.501381] systemd[1]: Mounting Huge Pages File System...
         Mounting Huge Pages File System...
[   14.514653] systemd[1]: Reached target Swap.
[[0;32m  OK  [0m] Reached target Swap.
[   14.528573] systemd[1]: Starting Create list of required static device nodes for the current kernel...
         Starting Create list of required st... nodes for the current kernel...
[   14.547992] systemd[1]: Started Forward Password Requests to Wall Directory Watch.
[[0;32m  OK  [0m] Started Forward Password Requests to Wall Directory Watch.
[   14.569812] systemd[1]: Reached target Encrypted Volumes.
[[0;32m  OK  [0m] Reached target Encrypted Volumes.
[   14.585584] systemd[1]: Listening on Journal Socket (/dev/log).
[[0;32m  OK  [0m] Listening on Journal Socket (/dev/log).
[   14.625194] systemd[1]: Starting Load Kernel Modules...
         Starting Load Kernel Modules...
[   14.641514] systemd[1]: Mounting POSIX Message Queue File System...
         Mounting POSIX Message Queue File System...
[   14.657921] systemd[1]: Set up automount Arbitrary Executable File Formats File System Automount Point.
[   14.673697] Loading iSCSI transport class v2.0-870.
[[0;32m  OK  [0m] Set up automount Arbitrary Executab...ats File System Automount Point.
[   14.701930] iscsi: registered transport (tcp)
[   14.705062] systemd[1]: Starting Uncomplicated firewall...
         Starting Uncomplicated firewall...
[   14.730905] systemd[1]: Starting File System Check on Root Device...
         Starting File System Check on Root Device...
[   14.747007] systemd[1]: Listening on udev Kernel Socket.
[[0;32m  OK  [0m] Listening on udev Kernel Socket.
[   14.765030] systemd[1]: Listening on udev Control Socket.
[[0;32m  OK  [0m] Listening on udev Control Socket.
[   14.782716] systemd[1]: Listening on Journal Audit Socket.
[[0;32m  OK  [0m] Listening on Journal Audit Socket.
[   14.799254] systemd[1]: Created slice User and Session Slice.
[[0;32m  OK  [0m] Created slice User and Session Slice.
[   14.815185] systemd[1]: Reached target Slices.
[[0;32m  OK  [0m] Reached target Slices.
[   14.831314] systemd[1]: Listening on Device-mapper event daemon FIFOs.
[[0;32m  OK  [0m] Listening on Device-mapper event daemon FIFOs.
[   14.892940] systemd[1]: Starting Monitoring of LVM2 mirrors, snapshots etc. using dmeventd or progress polling...
         Starting Monitoring of LVM2 mirrors... dmeventd or progress polling...
[   14.923323] iscsi: registered transport (iser)
[   14.927756] systemd[1]: Started Trigger resolvconf update for networkd DNS.
[[0;32m  OK  [0m] Started Trigger resolvconf update for networkd DNS.
[   14.964669] systemd[1]: Starting Set console keymap...
[   14.974002] random: nonblocking pool is initialized
         Starting Set console keymap...
[   14.988581] systemd[1]: Starting Journal Service...
         Starting Journal Service...
[   15.012938] systemd[1]: Starting Nameserver information manager...
         Starting Nameserver information manager...
[   15.034652] systemd[1]: Mounted Huge Pages File System.
[[0;32m  OK  [0m] Mounted Huge Pages File System.
[   15.054511] systemd[1]: Mounted POSIX Message Queue File System.
[[0;32m  OK  [0m] Mounted POSIX Message Queue File System.
[   15.073379] systemd[1]: Mounted Debug File System.
[[0;32m  OK  [0m] Mounted Debug File System.
[   15.089018] systemd[1]: Started Journal Service.
[[0;32m  OK  [0m] Started Journal Service.
[[0;32m  OK  [0m] Started Create list of required sta...ce nodes for the current kernel.
[[0;32m  OK  [0m] Started Load Kernel Modules.
[[0;32m  OK  [0m] Started Uncomplicated firewall.
[[0;32m  OK  [0m] Started File System Check on Root Device.
[[0;32m  OK  [0m] Started Set console keymap.
[[0;32m  OK  [0m] Started Nameserver information manager.
[[0;32m  OK  [0m] Started File System Check Daemon to report status.
[[0;32m  OK  [0m] Started LVM2 metadata daemon.
         Starting Remount Root and Kernel File Systems...[   15.301556] EXT4-fs (sda1): re-mounted. Opts: (null)

         Mounting FUSE Control File System...
         Starting Apply Kernel Variables...
         Starting Create Static Device Nodes in /dev...
[[0;32m  OK  [0m] Mounted FUSE Control File System.
[[0;32m  OK  [0m] Started Remount Root and Kernel File Systems.
         Starting Flush Journal to Persistent Storage...
         Starting udev Coldplug all Devices...
         Starting Load/Save Random Seed...
[[0;32m  OK  [0m] Started Apply Kernel Variables.
[[0;32m  OK  [0m] Started Create Static Device Nodes in /dev.
         Starting udev Kernel Device Manager...
[[0;32m  OK  [0m] Started Load/Save Random Seed.
[[0;32m  OK  [0m] Started Monitoring of LVM2 mirrors,...ng dmeventd or progress polling.
[[0;32m  OK  [0m] Reached target Local File Systems (Pre).
[[0;32m  OK  [0m] Reached target Local File Systems.
         Starting Set console font and keymap...
         Starting Tell Plymouth To Write Out Runtime Data...
         Starting Initial cloud-init job (pre-networking)...
         Starting LSB: AppArmor initialization...
[[0;32m  OK  [0m] Started udev Kernel Device Manager.
[[0;32m  OK  [0m] Started Flush Journal to Persistent Storage.
[[0;32m  OK  [0m] Started Tell Plymouth To Write Out Runtime Data.
         Starting Create Volatile Files and Directories...
[[0;32m  OK  [0m] Started udev Coldplug all Devices.
[[0;32m  OK  [0m] Started Dispatch Password Requests to Console Directory Watch.
[[0;32m  OK  [0m] Started Create Volatile Files and Directories.
         Starting Update UTMP about System Boot/Shutdown...
[[0;32m  OK  [0m] Started Update UTMP about System Boot/Shutdown.
[[0;32m  OK  [0m] Started LSB: AppArmor initialization.
         Starting Load AppArmor profiles managed internally by snapd...
[[0;32m  OK  [0m] Started Load AppArmor profiles managed internally by snapd.
[[0;32m  OK  [0m] Found device /dev/ttyS0.
[[0;32m  OK  [0m] Listening on Load/Save RF Kill Switch Status /dev/rfkill Watch.
[[0;32m  OK  [0m] Found device 82540EM Gigabit Ethern...r (PRO/1000 MT Desktop Adapter).
[   17.710772] cloud-init[467]: Cloud-init v. 21.1-19-gbad84ad4-0ubuntu1~16.04.2 running 'init-local' at Wed, 08 Feb 2023 09:34:04 +0000. Up 17.31 seconds.
[[0;32m  OK  [0m] Started Initial cloud-init job (pre-networking).
[[0;32m  OK  [0m] Reached target Network (Pre).
         Starting Raise network interfaces...
[[0;32m  OK  [0m] Started ifup for enp0s3.
[[0;32m  OK  [0m] Started Set console font and keymap.
[[0;32m  OK  [0m] Created slice system-getty.slice.
[[0;32m  OK  [0m] Started Raise network interfaces.
[[0;32m  OK  [0m] Reached target Network.
         Starting Initial cloud-init job (metadata service crawler)...
[   19.595839] cloud-init[980]: Cloud-init v. 21.1-19-gbad84ad4-0ubuntu1~16.04.2 running 'init' at Wed, 08 Feb 2023 09:34:06 +0000. Up 19.27 seconds.
[   19.605114] cloud-init[980]: ci-info: ++++++++++++++++++++++++++++++++++++++Net device info+++++++++++++++++++++++++++++++++++++++
[   19.613608] cloud-init[980]: ci-info: +--------+-------+----------------------------+---------------+--------+-------------------+
[   19.622087] cloud-init[980]: ci-info: | Device |   Up  |          Address           |      Mask     | Scope  |     Hw-Address    |
[   19.630506] cloud-init[980]: ci-info: +--------+-------+----------------------------+---------------+--------+-------------------+
[   19.638764] cloud-init[980]: ci-info: | enp0s3 |  True |         10.0.2.15          | 255.255.255.0 | global | 02:be:82:6b:cc:1d |
[   19.648845] cloud-init[980]: ci-info: | enp0s3 |  True | fe80::be:82ff:fe6b:cc1d/64 |       .       |  link  | 02:be:82:6b:cc:1d |
[   19.658199] cloud-init[980]: ci-info: | enp0s8 | False |             .              |       .       |   .    | 08:00:27:4c:36:70 |
[   19.667831] cloud-init[980]: ci-info: |   lo   |  True |         127.0.0.1          |   255.0.0.0   |  host  |         .         |
[   19.676171] cloud-init[980]: ci-info: |   lo   |  True |          ::1/128           |       .       |  host  |         .         |
[   19.685135] cloud-init[980]: ci-info: +--------+-------+----------------------------+---------------+--------+-------------------+
[   19.693332] cloud-init[980]: ci-info: +++++++++++++++++++++++++++Route IPv4 info++++++++++++++++++++++++++++
[   19.701391] cloud-init[980]: ci-info: +-------+-------------+----------+---------------+-----------+-------+
[   19.709873] cloud-init[980]: ci-info: | Route | Destination | Gateway  |    Genmask    | Interface | Flags |
[   19.718974] cloud-init[980]: ci-info: +-------+-------------+----------+---------------+-----------+-------+
[[0;32m  OK  [0m] Started Initial cloud-init job (metadata service crawler).
[[0;32m  OK  [0m] Reached target System Initialization.
         Starting Socket activation for snappy daemon.
[   19.728095] cloud-init[980]: ci-info: |   0   |   0.0.0.0   | 10.0.2.2 |    0.0.0.0    |   enp0s3  |   UG  |
[   19.748670]          Starting LXD - unix socket.
[[0;32m  OK  [0m] Started Daily apt download activities.
[[0;32m  OK  [0m] Started Daily apt upgrade and clean activities.
[[0;32m  OK  [0m] Started Ubuntu Advantage update messaging.
[[0;32m  OK  [0m] Listening on ACPID Listen Socket.
[[0;32m  OK  [0m] Listening on UUID daemon activation socket.
[[0;32m  OK  [0m] Started Daily Cleanup of Temporary Directories.
[[0;32m  OK  [0m] Listening on D-Bus System Message Bus Socket.
[[0;32m  OK  [0m] Started Message of the Day.
[[0;32m  OK  [0m] Reached target Timers.
cloud-init[980]: ci-info: |   1   |   10.0.2.0  | 0.0.0.0  | 255.255.255.0 |   enp0s3  |   U   |
[[0;32m  OK  [0m] Started ACPI Events Check.
[[0;32m  OK  [0m] Reached target Paths.
[[0;32m  OK  [0m] Reached target Network is Online.
[   19.788077] cloud-init[980]: ci-info: +-------+-------------+----------+---------------+-----------+-------+
[   19.804947]          Starting iSCSI initiator daemon (iscsid)...
[[0;32m  OK  [0m] Reached target Cloud-config availability.
[[0;32m  OK  [0m] Listening on Socket activation for snappy daemon.
[[0;32m  OK  [0m] Listening on LXD - unix socket.
[[0;32m  OK  [0m] Reached target Sockets.
[[0;32m  OK  [0m] Reached target Basic System.
[[0;32m  OK  [0m] Started D-Bus System Message Bus.
cloud-init[980]: ci-info: +++++++++++++++++++Route IPv6 info+++++++++++++++++++
[   19.837020] cloud-init[980]: ci-info: +-------+-------------+---------+-----------+-------+
[   19.854903] cloud-init[980]: ci-info: | Route | Destination | Gateway | Interface | Flags |
[   19.871520] cloud-init[980]: ci-info: +-------+-------------+---------+-----------+-------+
[   19.883946] cloud-init[980]: ci-info: |   0   |  fe80::/64  |    ::   |   enp0s3  |   U   |
         Starting /etc/rc.local Compatibility...
         Starting LSB: MD monitoring daemon...
[   19.912310] [[0;32m  OK  [0m] Started FUSE filesystem for LXC.
         Starting A high performance web server and a reverse proxy server...
         Starting Login Service...
         Starting Virtualbox guest utils...
         Starting LXD - container startup/shutdown...
[[0;32m  OK  [0m] Started Regular background program processing daemon.
         Starting Accounts Service...
[[0;32m  OK  [0m] Started Deferred execution scheduler.
[[0;32m  OK  [0m] Started ACPI event daemon.
         Starting LSB: Record successful boot for GRUB...
         Starting OpenBSD Secure Shell server...
         Starting System Logging Service...
cloud-init         Starting Snap Daemon...
[[0;32m  OK  [0m] Started /etc/rc.local Compatibility.
[980]: [[0;32m  OK  [0m] Started iSCSI initiator daemon (iscsid).
ci-info: |   3   |   ff00::/8  |    ::   |   enp0s3  |   U   |         Starting Login to default iSCSI targets...

[   20.026111] cloud-init[980]: ci-info: +-------+-------------+---------+-----------+-------+
[[0;32m  OK  [0m] Started System Logging Service.
[[0;32m  OK  [0m] Started LSB: Record successful boot for GRUB.
[[0;32m  OK  [0m] Started Login to default iSCSI targets.
[[0;32m  OK  [0m] Reached target Remote File Systems (Pre).
         Mounting /vagrant...
[[0;32m  OK  [0m] Started Login Service.
[[0;32m  OK  [0m] Started LSB: MD monitoring daemon.
[[0;1;31mFAILED[0m] Failed to mount /vagrant.
See 'systemctl status vagrant.mount' for details.
[[0;1;33mDEPEND[0m] Dependency failed for Remote File Systems.
         Starting LSB: daemon to balance interrupts for SMP systems...
         Starting Permit User Sessions...
         Starting LSB: automatic crash report generation...
         Starting LSB: Set the CPU Frequency Scaling governor to "ondemand"...
[[0;32m  OK  [0m] Started Unattended Upgrades Shutdown.
[[0;32m  OK  [0m] Started Permit User Sessions.
         Starting Authenticate and Authorize Users to Run Privileged Tasks...
         Starting Terminate Plymouth Boot Screen...
         Starting Hold until boot process finishes up...
[[0;32m  OK  [0m] Started Hold until boot process finishes up.
[[0;32m  OK  [0m] Started Terminate Plymouth Boot Screen.
[[0;32m  OK  [0m] Started Serial Getty on ttyS0.
[[0;32m  OK  [0m] Started Getty on tty1.
[[0;32m  OK  [0m] Reached target Login Prompts.
         Starting Set console scheme...
[[0;32m  OK  [0m] Started Set console scheme.
[[0;32m  OK  [0m] Started OpenBSD Secure Shell server.
[[0;32m  OK  [0m] Started Authenticate and Authorize Users to Run Privileged Tasks.
[[0;32m  OK  [0m] Started Accounts Service.
[[0;32m  OK  [0m] Started LSB: Set the CPU Frequency Scaling governor to "ondemand".
[[0;32m  OK  [0m] Started LSB: automatic crash report generation.
[[0;32m  OK  [0m] Started LSB: daemon to balance interrupts for SMP systems.
[[0;32m  OK  [0m] Started A high performance web server and a reverse proxy server.
[[0;32m  OK  [0m] Started LXD - container startup/shutdown.
[[0;32m  OK  [0m] Started Virtualbox guest utils.
[[0;32m  OK  [0m] Started Snap Daemon.
         Starting Wait until snapd is fully seeded...
[[0;32m  OK  [0m] Started Wait until snapd is fully seeded.
         Starting Apply the settings specified in cloud-config...
[[0;32m  OK  [0m] Reached target Multi-User System.
[[0;32m  OK  [0m] Reached target Graphical Interface.
         Starting Update UTMP about System Runlevel Changes...
[[0;32m  OK  [0m] Started Update UTMP about System Runlevel Changes.
[   21.834000] cloud-init[1256]: Cloud-init v. 21.1-19-gbad84ad4-0ubuntu1~16.04.2 running 'modules:config' at Wed, 08 Feb 2023 09:34:09 +0000. Up 21.72 seconds.
[[0;32m  OK  [0m] Started Apply the settings specified in cloud-config.
         Starting Execute cloud user/final scripts...
[   22.310977] cloud-init[1270]: Cloud-init v. 21.1-19-gbad84ad4-0ubuntu1~16.04.2 running 'modules:final' at Wed, 08 Feb 2023 09:34:09 +0000. Up 22.18 seconds.
[   22.326720] cloud-init[1270]: Cloud-init v. 21.1-19-gbad84ad4-0ubuntu1~16.04.2 finished at Wed, 08 Feb 2023 09:34:09 +0000. Datasource DataSourceNoCloud [seed=/dev/sdb][dsmode=net].  Up 22.30 seconds
[[0;32m  OK  [0m] Started Execute cloud user/final scripts.
[[0;32m  OK  [0m] Reached target Cloud-init target.

Ubuntu 16.04.7 LTS ubuntu-xenial ttyS0

ubuntu-xenial login: [[0;32m  OK  [0m] Stopped target Cloud-init target.
         Stopping User Manager for UID 1000...
         Stopping Daemon for generating UUIDs...
         Unmounting /vagrant...
[[0;32m  OK  [0m] Stopped target Timers.
         Stopping Session 9 of user vagrant.
[[0;32m  OK  [0m] Stopped Discard unused blocks once a week.
[[0;32m  OK  [0m] Stopped Ubuntu Advantage Timer for running repeated jobs.
[[0;32m  OK  [0m] Stopped Execute cloud user/final scripts.
[[0;32m  OK  [0m] Closed Load/Save RF Kill Switch Status /dev/rfkill Watch.
[[0;32m  OK  [0m] Stopped Apply the settings specified in cloud-config.
[[0;32m  OK  [0m] Stopped target Cloud-config availability.
[[0;32m  OK  [0m] Stopped Daily apt upgrade and clean activities.
[[0;32m  OK  [0m] Stopped Daily apt download activities.
[[0;32m  OK  [0m] Stopped Daily Cleanup of Temporary Directories.
         Stopping Availability of block devices...
[[0;32m  OK  [0m] Stopped Message of the Day.
[[0;32m  OK  [0m] Stopped target System Time Synchronized.
[[0;32m  OK  [0m] Stopped target Graphical Interface.
         Stopping Accounts Service...
[[0;32m  OK  [0m] Stopped target Multi-User System.
         Stopping Dispatcher daemon for systemd-networkd...
[[0;32m  OK  [0m] Stopped target Login Prompts.
         Stopping Getty on tty1...
         Stopping Serial Getty on ttyS0...
         Stopping D-Bus System Message Bus...
          Stopping LSB: automatic crash report generation...
         Stopping LXD - container startup/shutdown...
         Stopping LSB: Record successful boot for GRUB...
         Stopping Unattended Upgrades Shutdown...
         Stopping Virtualbox guest utils...
         Stopping A high performance web server and a reverse proxy server...
         Stopping FUSE filesystem for LXC...
         Stopping OpenBSD Secure Shell server...
[[0;32m  OK  [0m] Stopped Wait until snapd is fully seeded.
[[0;32m  OK  [0m] Stopped Set the CPU Frequency Scaling governor.
[[0;32m  OK  [0m] Stopped Serial Getty on ttyS0.
[[0;32m  OK  [0m] Stopped Getty on tty1.
[[0;32m  OK  [0m] Unmounted /var/lib/lxcfs.
[[0;32m  OK  [0m] Stopped User Manager for UID 1000.
[[0;32m  OK  [0m] Stopped Regular background program processing daemon.
[[0;32m  OK  [0m] Stopped Deferred execution scheduler.
[[0;32m  OK  [0m] Stopped Accounts Service.
[[0;32m  OK  [0m] Stopped Daemon for generating UUIDs.
[[0;32m  OK  [0m] Stopped OpenBSD Secure Shell server.
[[0;32m  OK  [0m] Stopped Dispatcher daemon for systemd-networkd.
[[0;32m  OK  [0m] Stopped System Logging Service.
[[0;32m  OK  [0m] Stopped irqbalance daemon.
[[0;32m  OK  [0m] Unmounted /vagrant.
[[0;32m  OK  [0m] Stopped Availability of block devices.
[[0;32m  OK  [0m] Stopped D-Bus System Message Bus.
[[0;32m  OK  [0m] Stopped A high performance web server and a reverse proxy server.
[[0;32m  OK  [0m] Stopped FUSE filesystem for LXC.
[[0;32m  OK  [0m] Stopped Session 9 of user vagrant.
[[0;32m  OK  [0m] Stopped LXD - container startup/shutdown.
[[0;32m  OK  [0m] Stopped LSB: Record successful boot for GRUB.
[[0;32m  OK  [0m] Stopped LSB: automatic crash report generation.
[[0;32m  OK  [0m] Stopped target Remote File Systems (Pre).
         Stopping Login to default iSCSI targets...
[[0;32m  OK  [0m] Removed slice User Slice of vagrant.
[[0;32m  OK  [0m] Removed slice system-getty.slice.
         Stopping Permit User Sessions...
[[0;32m  OK  [0m] Stopped /etc/rc.local Compatibility.
[[0;32m  OK  [0m] Stopped target Login Prompts (Pre).
[[0;32m  OK  [0m] Removed slice system-serial\x2dgetty.slice.
[[0;32m  OK  [0m] Stopped Unattended Upgrades Shutdown.
[[0;32m  OK  [0m] Stopped Virtualbox guest utils.
[[0;32m  OK  [0m] Stopped Permit User Sessions.
         Stopping Login Service...
[[0;32m  OK  [0m] Stopped Login Service.
[[0;32m  OK  [0m] Stopped target User and Group Name Lookups.
[[0;32m  OK  [0m] Stopped target Basic System.
[[0;32m  OK  [0m] Stopped target Sockets.
[[0;32m  OK  [0m] Closed ACPID Listen Socket.
[[0;32m  OK  [0m] Closed LXD - unix socket.
[[0;32m  OK  [0m] Closed UUID daemon activation socket.
[[0;32m  OK  [0m] Closed Syslog Socket.
[[0;32m  OK  [0m] Closed Socket activation for snappy daemon.
[[0;32m  OK  [0m] Stopped target Slices.
[[0;32m  OK  [0m] Stopped target Paths.
[[0;32m  OK  [0m] Stopped resolvconf-pull-resolved.path.
[[0;32m  OK  [0m] Removed slice User and Session Slice.
[[0;32m  OK  [0m] Closed D-Bus System Message Bus Socket.
[[0;32m  OK  [0m] Stopped target System Initialization.
         Stopping Update UTMP about System Boot/Shutdown...
[[0;32m  OK  [0m] Stopped target Local Encrypted Volumes.
[[0;32m  OK  [0m] Stopped Forward Password Requests to Wall Directory Watch.
[[0;32m  OK  [0m] Stopped Dispatch Password Requests to Console Directory Watch.
         Stopping Load/Save Random Seed...
[[0;32m  OK  [0m] Stopped Login to default iSCSI targets.
[[0;32m  OK  [0m] Stopped Load/Save Random Seed.
         Stopping iSCSI initiator daemon (iscsid)...
[[0;32m  OK  [0m] Stopped Update UTMP about System Boot/Shutdown.
[[0;32m  OK  [0m] Stopped iSCSI initiator daemon (iscsid).
[[0;32m  OK  [0m] Stopped target Network is Online.
[[0;32m  OK  [0m] Stopped Initial cloud-init job (metadata service crawler).
[[0;32m  OK  [0m] Stopped target Network.
         Stopping ifup for enp0s3...
         Stopping Raise network interfaces...
[[0;32m  OK  [0m] Stopped Create Volatile Files and Directories.
[[0;32m  OK  [0m] Stopped Raise network interfaces.
[[0;32m  OK  [0m] Stopped ifup for enp0s3.
[[0;32m  OK  [0m] Stopped Apply Kernel Variables.
[[0;32m  OK  [0m] Stopped Load Kernel Modules.
[[0;32m  OK  [0m] Stopped target Local File Systems.
[[0;32m  OK  [0m] Stopped target Mounted snaps.
[[0;32m  OK  [0m] Stopped target Mounting snaps.
         Unmounting /run/user/1000...
[[0;32m  OK  [0m] Stopped target Network (Pre).
[[0;32m  OK  [0m] Stopped Initial cloud-init job (pre-networking).
[[0;32m  OK  [0m] Unmounted /run/user/1000.
[[0;32m  OK  [0m] Reached target Unmount All Filesystems.
[[0;32m  OK  [0m] Stopped target Local File Systems (Pre).
         Stopping Monitoring of LVM2 mirrorsâ€¦ng dmeventd or progress polling...
[[0;32m  OK  [0m] Stopped Create Static Device Nodes in /dev.
[[0;32m  OK  [0m] Stopped Remount Root and Kernel File Systems.
[[0;32m  OK  [0m] Stopped target Swap.
[[0;32m  OK  [0m] Reached target Shutdown.
[[0;32m  OK  [0m] Reached target Final Step.
         Starting Reboot...
[[0;32m  OK  [0m] Stopped Monitoring of LVM2 mirrors,â€¦sing dmeventd or progress polling.
         Stopping LVM2 metadata daemon...
[[0;32m  OK  [0m] Stopped LVM2 metadata daemon.
[16963.238220] reboot: Restarting system
[    0.000000] Linux version 4.15.0-202-generic (buildd@lcy02-amd64-115) (gcc version 7.5.0 (Ubuntu 7.5.0-3ubuntu1~18.04)) #213-Ubuntu SMP Thu Jan 5 19:19:12 UTC 2023 (Ubuntu 4.15.0-202.213-generic 4.15.18)
[    0.000000] Command line: BOOT_IMAGE=/boot/vmlinuz-4.15.0-202-generic root=UUID=d733b143-dffd-45ac-b6a6-51fd97f3afd8 ro console=tty1 console=ttyS0
[    0.000000] KERNEL supported cpus:
[    0.000000]   Intel GenuineIntel
[    0.000000]   AMD AuthenticAMD
[    0.000000]   Centaur CentaurHauls
[    0.000000] x86/fpu: x87 FPU will use FXSAVE
[    0.000000] e820: BIOS-provided physical RAM map:
[    0.000000] BIOS-e820: [mem 0x0000000000000000-0x000000000009fbff] usable
[    0.000000] BIOS-e820: [mem 0x000000000009fc00-0x000000000009ffff] reserved
[    0.000000] BIOS-e820: [mem 0x00000000000f0000-0x00000000000fffff] reserved
[    0.000000] BIOS-e820: [mem 0x0000000000100000-0x000000003ffeffff] usable
[    0.000000] BIOS-e820: [mem 0x000000003fff0000-0x000000003fffffff] ACPI data
[    0.000000] BIOS-e820: [mem 0x00000000fec00000-0x00000000fec00fff] reserved
[    0.000000] BIOS-e820: [mem 0x00000000fee00000-0x00000000fee00fff] reserved
[    0.000000] BIOS-e820: [mem 0x00000000fffc0000-0x00000000ffffffff] reserved
[    0.000000] NX (Execute Disable) protection: active
[    0.000000] SMBIOS 2.5 present.
[    0.000000] DMI: innotek GmbH VirtualBox/VirtualBox, BIOS VirtualBox 12/01/2006
[    0.000000] Hypervisor detected: KVM
[    0.000000] e820: last_pfn = 0x3fff0 max_arch_pfn = 0x400000000
[    0.000000] MTRR: Disabled
[    0.000000] x86/PAT: MTRRs disabled, skipping PAT initialization too.
[    0.000000] CPU MTRRs all blank - virtualized system.
[    0.000000] x86/PAT: Configuration [0-7]: WB  WT  UC- UC  WB  WT  UC- UC  
[    0.000000] found SMP MP-table at [mem 0x0009fff0-0x0009ffff]
[    0.000000] Scanning 1 areas for low memory corruption
[    0.000000] RAMDISK: [mem 0x30b31000-0x3458ffff]
[    0.000000] ACPI: Early table checksum verification disabled
[    0.000000] ACPI: RSDP 0x00000000000E0000 000024 (v02 VBOX  )
[    0.000000] ACPI: XSDT 0x000000003FFF0030 00003C (v01 VBOX   VBOXXSDT 00000001 ASL  00000061)
[    0.000000] ACPI: FACP 0x000000003FFF00F0 0000F4 (v04 VBOX   VBOXFACP 00000001 ASL  00000061)
[    0.000000] ACPI: DSDT 0x000000003FFF0470 002325 (v02 VBOX   VBOXBIOS 00000002 INTL 20100528)
[    0.000000] ACPI: FACS 0x000000003FFF0200 000040
[    0.000000] ACPI: FACS 0x000000003FFF0200 000040
[    0.000000] ACPI: APIC 0x000000003FFF0240 00005C (v02 VBOX   VBOXAPIC 00000001 ASL  00000061)
[    0.000000] ACPI: SSDT 0x000000003FFF02A0 0001CC (v01 VBOX   VBOXCPUT 00000002 INTL 20100528)
[    0.000000] ACPI: Reserving FACP table memory at [mem 0x3fff00f0-0x3fff01e3]
[    0.000000] ACPI: Reserving DSDT table memory at [mem 0x3fff0470-0x3fff2794]
[    0.000000] ACPI: Reserving FACS table memory at [mem 0x3fff0200-0x3fff023f]
[    0.000000] ACPI: Reserving FACS table memory at [mem 0x3fff0200-0x3fff023f]
[    0.000000] ACPI: Reserving APIC table memory at [mem 0x3fff0240-0x3fff029b]
[    0.000000] ACPI: Reserving SSDT table memory at [mem 0x3fff02a0-0x3fff046b]
[    0.000000] No NUMA configuration found
[    0.000000] Faking a node at [mem 0x0000000000000000-0x000000003ffeffff]
[    0.000000] NODE_DATA(0) allocated [mem 0x3ffc5000-0x3ffeffff]
[    0.000000] kvm-clock: cpu 0, msr 0:3ff44001, primary cpu clock
[    0.000000] kvm-clock: Using msrs 4b564d01 and 4b564d00
[    0.000000] kvm-clock: using sched offset of 16975289969528 cycles
[    0.000000] clocksource: kvm-clock: mask: 0xffffffffffffffff max_cycles: 0x1cd42e4dffb, max_idle_ns: 881590591483 ns
[    0.000000] Zone ranges:
[    0.000000]   DMA      [mem 0x0000000000001000-0x0000000000ffffff]
[    0.000000]   DMA32    [mem 0x0000000001000000-0x000000003ffeffff]
[    0.000000]   Normal   empty
[    0.000000]   Device   empty
[    0.000000] Movable zone start for each node
[    0.000000] Early memory node ranges
[    0.000000]   node   0: [mem 0x0000000000001000-0x000000000009efff]
[    0.000000]   node   0: [mem 0x0000000000100000-0x000000003ffeffff]
[    0.000000] Reserved but unavailable: 104 pages
[    0.000000] Initmem setup node 0 [mem 0x0000000000001000-0x000000003ffeffff]
[    0.000000] ACPI: PM-Timer IO Port: 0x4008
[    0.000000] IOAPIC[0]: apic_id 2, version 32, address 0xfec00000, GSI 0-23
[    0.000000] ACPI: INT_SRC_OVR (bus 0 bus_irq 0 global_irq 2 dfl dfl)
[    0.000000] ACPI: INT_SRC_OVR (bus 0 bus_irq 9 global_irq 9 low level)
[    0.000000] Using ACPI (MADT) for SMP configuration information
[    0.000000] smpboot: Allowing 2 CPUs, 0 hotplug CPUs
[    0.000000] PM: Registered nosave memory: [mem 0x00000000-0x00000fff]
[    0.000000] PM: Registered nosave memory: [mem 0x0009f000-0x0009ffff]
[    0.000000] PM: Registered nosave memory: [mem 0x000a0000-0x000effff]
[    0.000000] PM: Registered nosave memory: [mem 0x000f0000-0x000fffff]
[    0.000000] e820: [mem 0x40000000-0xfebfffff] available for PCI devices
[    0.000000] Booting paravirtualized kernel on KVM
[    0.000000] clocksource: refined-jiffies: mask: 0xffffffff max_cycles: 0xffffffff, max_idle_ns: 7645519600211568 ns
[    0.000000] setup_percpu: NR_CPUS:8192 nr_cpumask_bits:2 nr_cpu_ids:2 nr_node_ids:1
[    0.000000] percpu: Embedded 50 pages/cpu s167936 r8192 d28672 u1048576
[    0.000000] PV qspinlock hash table entries: 256 (order: 0, 4096 bytes)
[    0.000000] Built 1 zonelists, mobility grouping on.  Total pages: 257913
[    0.000000] Policy zone: DMA32
[    0.000000] Kernel command line: BOOT_IMAGE=/boot/vmlinuz-4.15.0-202-generic root=UUID=d733b143-dffd-45ac-b6a6-51fd97f3afd8 ro console=tty1 console=ttyS0
[    0.000000] Memory: 942408K/1048120K available (12300K kernel code, 2477K rwdata, 4320K rodata, 2472K init, 2720K bss, 105712K reserved, 0K cma-reserved)
[    0.000000] SLUB: HWalign=64, Order=0-3, MinObjects=0, CPUs=2, Nodes=1
[    0.000000] ftrace: allocating 39478 entries in 155 pages
[    0.004000] Hierarchical RCU implementation.
[    0.004000] 	RCU restricting CPUs from NR_CPUS=8192 to nr_cpu_ids=2.
[    0.004000] 	Tasks RCU enabled.
[    0.004000] RCU: Adjusting geometry for rcu_fanout_leaf=16, nr_cpu_ids=2
[    0.004000] NR_IRQS: 524544, nr_irqs: 440, preallocated irqs: 16
[    0.004000] Console: colour VGA+ 80x25
[    0.004000] console [tty1] enabled
[    0.004000] console [ttyS0] enabled
[    0.004000] ACPI: Core revision 20170831
[    0.004000] ACPI: 2 ACPI AML tables successfully acquired and loaded
[    0.004000] APIC: Switch to symmetric I/O mode setup
[    0.004000] ..TIMER: vector=0x30 apic1=0 pin1=2 apic2=-1 pin2=-1
[    0.004010] tsc: Detected 2496.000 MHz processor
[    0.008012] Calibrating delay loop (skipped) preset value.. 4992.00 BogoMIPS (lpj=9984000)
[    0.012010] pid_max: default: 32768 minimum: 301
[    0.016073] Security Framework initialized
[    0.020008] Yama: becoming mindful.
[    0.024043] AppArmor: AppArmor initialized
[    0.028240] Dentry cache hash table entries: 131072 (order: 8, 1048576 bytes)
[    0.032097] Inode-cache hash table entries: 65536 (order: 7, 524288 bytes)
[    0.036043] Mount-cache hash table entries: 2048 (order: 2, 16384 bytes)
[    0.040019] Mountpoint-cache hash table entries: 2048 (order: 2, 16384 bytes)
[    0.049363] Last level iTLB entries: 4KB 0, 2MB 0, 4MB 0
[    0.052004] Last level dTLB entries: 4KB 0, 2MB 0, 4MB 0, 1GB 0
[    0.056010] Spectre V1 : Mitigation: usercopy/swapgs barriers and __user pointer sanitization
[    0.060011] Spectre V2 : Mitigation: Enhanced IBRS
[    0.064006] Spectre V2 : Spectre v2 / SpectreRSB mitigation: Filling RSB on context switch
[    0.068007] Speculative Store Bypass: Vulnerable
[    0.072149] Freeing SMP alternatives memory: 36K
[    0.189573] smpboot: CPU0: 12th Gen Intel(R) Core(TM) i5-1235U (family: 0x6, model: 0x9a, stepping: 0x4)
[    0.192117] Performance Events: unsupported p6 CPU model 154 no PMU driver, software events only.
[    0.196131] Hierarchical SRCU implementation.
[    0.200524] NMI watchdog: Perf event create on CPU 0 failed with -2
[    0.208008] NMI watchdog: Perf NMI watchdog permanently disabled
[    0.212506] smp: Bringing up secondary CPUs ...
[    0.216215] x86: Booting SMP configuration:
[    0.220008] .... node  #0, CPUs:      #1
[    0.004000] kvm-clock: cpu 1, msr 0:3ff44041, secondary cpu clock
[    0.244000] TSC synchronization [CPU#0 -> CPU#1]:
[    0.244000] Measured 53908 cycles TSC warp between CPUs, turning off TSC clock.
[    0.244000] tsc: Marking TSC unstable due to check_tsc_sync_source failed
[    0.248584] smp: Brought up 1 node, 2 CPUs
[    0.252146] smpboot: Max logical packages: 1
[    0.256018] smpboot: Total of 2 processors activated (9984.00 BogoMIPS)
[    0.264606] devtmpfs: initialized
[    0.272675] x86/mm: Memory block size: 128MB
[    0.276562] evm: security.selinux
[    0.280012] evm: security.SMACK64
[    0.284008] evm: security.SMACK64EXEC
[    0.292010] evm: security.SMACK64TRANSMUTE
[    0.296009] evm: security.SMACK64MMAP
[    0.300011] evm: security.apparmor
[    0.304007] evm: security.ima
[    0.308008] evm: security.capability
[    0.316180] clocksource: jiffies: mask: 0xffffffff max_cycles: 0xffffffff, max_idle_ns: 7645041785100000 ns
[    0.336088] futex hash table entries: 512 (order: 3, 32768 bytes)
[    0.352325] pinctrl core: initialized pinctrl subsystem
[    0.368376] RTC time: 14:16:37, date: 02/08/23
[    0.381598] NET: Registered protocol family 16
[    0.392422] audit: initializing netlink subsys (disabled)
[    0.408198] audit: type=2000 audit(1675882773.610:1): state=initialized audit_enabled=0 res=1
[    0.412022] cpuidle: using governor ladder
[    0.420021] cpuidle: using governor menu
[    0.428234] ACPI: bus type PCI registered
[    0.436009] acpiphp: ACPI Hot Plug PCI Controller Driver version: 0.5
[    0.448893] PCI: Using configuration type 1 for base access
[    0.464438] HugeTLB registered 2.00 MiB page size, pre-allocated 0 pages
[    0.484431] ACPI: Added _OSI(Module Device)
[    0.492168] ACPI: Added _OSI(Processor Device)
[    0.500008] ACPI: Added _OSI(3.0 _SCP Extensions)
[    0.508017] ACPI: Added _OSI(Processor Aggregator Device)
[    0.520011] ACPI: Added _OSI(Linux-Dell-Video)
[    0.528011] ACPI: Added _OSI(Linux-Lenovo-NV-HDMI-Audio)
[    0.536009] ACPI: Added _OSI(Linux-HPI-Hybrid-Graphics)
[    0.545388] ACPI: Executed 1 blocks of module-level executable AML code
[    0.565986] ACPI: Interpreter enabled
[    0.572026] ACPI: (supports S0 S5)
[    0.576011] ACPI: Using IOAPIC for interrupt routing
[    0.588706] PCI: Using host bridge windows from ACPI; if necessary, use "pci=nocrs" and report a bug
[    0.604676] ACPI: Enabled 2 GPEs in block 00 to 07
[    0.632130] ACPI: PCI Root Bridge [PCI0] (domain 0000 [bus 00-ff])
[    0.648021] acpi PNP0A03:00: _OSC: OS supports [ASPM ClockPM Segments MSI]
[    0.661267] acpi PNP0A03:00: _OSC: not requesting OS control; OS requires [ExtendedConfig ASPM ClockPM MSI]
[    0.676030] acpi PNP0A03:00: fail to add MMCONFIG information, can't access extended PCI configuration space under this bridge.
[    0.697119] PCI host bridge to bus 0000:00
[    0.708012] pci_bus 0000:00: root bus resource [io  0x0000-0x0cf7 window]
[    0.716014] pci_bus 0000:00: root bus resource [io  0x0d00-0xffff window]
[    0.732013] pci_bus 0000:00: root bus resource [mem 0x000a0000-0x000bffff window]
[    0.744014] pci_bus 0000:00: root bus resource [mem 0x40000000-0xfdffffff window]
[    0.752009] pci_bus 0000:00: root bus resource [bus 00-ff]
[    0.775325] pci 0000:00:01.1: legacy IDE quirk: reg 0x10: [io  0x01f0-0x01f7]
[    0.784010] pci 0000:00:01.1: legacy IDE quirk: reg 0x14: [io  0x03f6]
[    0.796012] pci 0000:00:01.1: legacy IDE quirk: reg 0x18: [io  0x0170-0x0177]
[    0.808015] pci 0000:00:01.1: legacy IDE quirk: reg 0x1c: [io  0x0376]
[    0.853901] pci 0000:00:07.0: quirk: [io  0x4000-0x403f] claimed by PIIX4 ACPI
[    0.864070] pci 0000:00:07.0: quirk: [io  0x4100-0x410f] claimed by PIIX4 SMB
[    0.898594] ACPI: PCI Interrupt Link [LNKA] (IRQs 5 9 10 *11)
[    0.912258] ACPI: PCI Interrupt Link [LNKB] (IRQs 5 9 *10 11)
[    0.920472] ACPI: PCI Interrupt Link [LNKC] (IRQs 5 *9 10 11)
[    0.932339] ACPI: PCI Interrupt Link [LNKD] (IRQs 5 9 10 *11)
[    0.944900] SCSI subsystem initialized
[    0.952330] pci 0000:00:02.0: vgaarb: setting as boot VGA device
[    0.956000] pci 0000:00:02.0: vgaarb: VGA device added: decodes=io+mem,owns=io+mem,locks=none
[    0.972017] pci 0000:00:02.0: vgaarb: bridge control possible
[    0.984008] vgaarb: loaded
[    0.992174] ACPI: bus type USB registered
[    0.996032] usbcore: registered new interface driver usbfs
[    1.008038] usbcore: registered new interface driver hub
[    1.016045] usbcore: registered new device driver usb
[    1.024346] EDAC MC: Ver: 3.0.0
[    1.032660] PCI: Using ACPI for IRQ routing
[    1.041870] NetLabel: Initializing
[    1.048009] NetLabel:  domain hash size = 128
[    1.056013] NetLabel:  protocols = UNLABELED CIPSOv4 CALIPSO
[    1.068043] NetLabel:  unlabeled traffic allowed by default
[    1.080107] clocksource: Switched to clocksource kvm-clock
[    1.131522] VFS: Disk quotas dquot_6.6.0
[    1.145098] VFS: Dquot-cache hash table entries: 512 (order 0, 4096 bytes)
[    1.155573] AppArmor: AppArmor Filesystem Enabled
[    1.164450] pnp: PnP ACPI init
[    1.171689] pnp: PnP ACPI: found 3 devices
[    1.189764] clocksource: acpi_pm: mask: 0xffffff max_cycles: 0xffffff, max_idle_ns: 2085701024 ns
[    1.206552] NET: Registered protocol family 2
[    1.214526] IP idents hash table entries: 16384 (order: 5, 131072 bytes)
[    1.226817] TCP established hash table entries: 8192 (order: 4, 65536 bytes)
[    1.239609] TCP bind hash table entries: 8192 (order: 5, 131072 bytes)
[    1.250921] TCP: Hash tables configured (established 8192 bind 8192)
[    1.262625] UDP hash table entries: 512 (order: 2, 16384 bytes)
[    1.275994] UDP-Lite hash table entries: 512 (order: 2, 16384 bytes)
[    1.288522] NET: Registered protocol family 1
[    1.296985] pci 0000:00:00.0: Limiting direct PCI/PCI transfers
[    1.307649] pci 0000:00:01.0: Activating ISA DMA hang workarounds
[    1.318594] pci 0000:00:02.0: Video device with shadowed ROM at [mem 0x000c0000-0x000dffff]
[    1.333527] Unpacking initramfs...
[    2.480436] Freeing initrd memory: 59772K
[    3.244545] clocksource: tsc: mask: 0xffffffffffffffff max_cycles: 0x23fa772cf26, max_idle_ns: 440795269835 ns
[    3.259887] platform rtc_cmos: registered platform RTC device (no PNP device found)
[    3.272458] Scanning for low memory corruption every 60 seconds
[    3.285915] Initialise system trusted keyrings
[    3.293591] Key type blacklist registered
[    3.300973] workingset: timestamp_bits=36 max_order=18 bucket_order=0
[    3.311975] zbud: loaded
[    3.318059] squashfs: version 4.0 (2009/01/31) Phillip Lougher
[    3.329797] fuse init (API version 7.26)
[    3.368233] Key type asymmetric registered
[    3.375357] Asymmetric key parser 'x509' registered
[    3.383400] Block layer SCSI generic (bsg) driver version 0.4 loaded (major 246)
[    3.395072] io scheduler noop registered
[    3.401837] io scheduler deadline registered
[    3.409531] io scheduler cfq registered (default)
[    3.418485] ACPI: AC Adapter [AC] (on-line)
[    3.426284] input: Power Button as /devices/LNXSYSTM:00/LNXPWRBN:00/input/input0
[    3.437763] ACPI: Power Button [PWRF]
[    3.445225] input: Sleep Button as /devices/LNXSYSTM:00/LNXSLPBN:00/input/input1
[    3.455823] ACPI: Sleep Button [SLPF]
[    3.465076] Serial: 8250/16550 driver, 32 ports, IRQ sharing enabled
[    3.517033] 00:02: ttyS0 at I/O 0x3f8 (irq = 4, base_baud = 115200) is a 16550A
[    3.533326] Linux agpgart interface v0.103
[    3.545742] loop: module loaded
[    3.563276] scsi host0: ata_piix
[    3.570359] scsi host1: ata_piix
[    3.577107] ata1: PATA max UDMA/33 cmd 0x1f0 ctl 0x3f6 bmdma 0xd000 irq 14
[    3.588525] ata2: PATA max UDMA/33 cmd 0x170 ctl 0x376 bmdma 0xd008 irq 15
[    3.601885] tun: Universal TUN/TAP device driver, 1.6
[    3.613778] PPP generic driver version 2.4.2
[    3.622658] ehci_hcd: USB 2.0 'Enhanced' Host Controller (EHCI) Driver
[    3.632975] ehci-pci: EHCI PCI platform driver
[    3.641148] ehci-platform: EHCI generic platform driver
[    3.651438] ohci_hcd: USB 1.1 'Open' Host Controller (OHCI) Driver
[    3.660710] ohci-pci: OHCI PCI platform driver
[    3.669459] ohci-platform: OHCI generic platform driver
[    3.677875] uhci_hcd: USB Universal Host Controller Interface driver
[    3.691968] i8042: PNP: PS/2 Controller [PNP0303:PS2K,PNP0f03:PS2M] at 0x60,0x64 irq 1,12
[    3.714840] serio: i8042 KBD port at 0x60,0x64 irq 1
[    3.725150] serio: i8042 AUX port at 0x60,0x64 irq 12
[    3.733733] mousedev: PS/2 mouse device common for all mice
[    3.747513] input: AT Translated Set 2 keyboard as /devices/platform/i8042/serio0/input/input2
[    3.747977] rtc_cmos rtc_cmos: rtc core: registered rtc_cmos as rtc0
[    3.811226] rtc_cmos rtc_cmos: alarms up to one day, 114 bytes nvram
[    3.821605] i2c /dev entries driver
[    3.827777] device-mapper: uevent: version 1.0.3
[    3.834228] device-mapper: ioctl: 4.37.0-ioctl (2017-09-20) initialised: dm-devel@redhat.com
[    3.850320] ledtrig-cpu: registered to indicate activity on CPUs
[    3.867715] NET: Registered protocol family 10
[    3.887265] Segment Routing with IPv6
[    3.893531] NET: Registered protocol family 17
[    3.901043] Key type dns_resolver registered
[    3.908607] mce: Using 0 MCE banks
[    3.914044] RAS: Correctable Errors collector initialized.
[    3.922096] sched_clock: Marking stable (3921976051, 0)->(5182590884, -1260614833)
[    3.941790] registered taskstats version 1
[    3.948270] Loading compiled-in X.509 certificates
[    3.963068] Loaded X.509 cert 'Build time autogenerated kernel key: f114f3958ed3c37ba1924ca66ae8368f3c35b0e4'
[    3.979566] Loaded X.509 cert 'Canonical Ltd. Live Patch Signing: 14df34d1a87cf37625abec039ef2bf521249b969'
[    3.996305] Loaded X.509 cert 'Canonical Ltd. Kernel Module Signing: 88f752e560a1e0737e31163a466ad7b70a850c19'
[    4.012155] blacklist: Loading compiled-in revocation X.509 certificates
[    4.021745] Loaded X.509 cert 'Canonical Ltd. Secure Boot Signing: 61482aa2830d0ab2ad5af10b7250da9033ddcef0'
[    4.038812] zswap: loaded using pool lzo/zbud
[    4.066332] Key type big_key registered
[    4.071921] Key type trusted registered
[    4.084622] Key type encrypted registered
[    4.091256] AppArmor: AppArmor sha1 policy hashing enabled
[    4.100985] ima: No TPM chip found, activating TPM-bypass! (rc=-19)
[    4.111562] ima: Allocated hash algorithm: sha1
[    4.118052] evm: HMAC attrs: 0x1
[    4.124595]   Magic number: 11:778:282
[    4.130751] tty tty19: hash matches
[    4.137485] rtc_cmos rtc_cmos: setting system clock to 2023-02-08 14:16:41 UTC (1675865801)
[    4.151082] BIOS EDD facility v0.16 2004-Jun-25, 0 devices found
[    4.160679] EDD information not available.
[    4.172856] Freeing unused kernel image memory: 2472K
[    4.200638] Write protecting the kernel read-only data: 20480k
[    4.216603] Freeing unused kernel image memory: 2008K
[    4.226201] Freeing unused kernel image memory: 1824K
[    4.239954] x86/mm: Checked W+X mappings: passed, no W+X pages found.
Loading, please wait...
starting version 237
[    4.370560] e1000: Intel(R) PRO/1000 Network Driver - version 7.3.21-k8-NAPI
[    4.381872] e1000: Copyright (c) 1999-2006 Intel Corporation.
[    4.405184] ACPI: Video Device [GFX0] (multi-head: yes  rom: no  post: no)
[    4.416419] input: Video Bus as /devices/LNXSYSTM:00/LNXSYBUS:00/PNP0A03:00/LNXVIDEO:00/input/input4
[    4.431558] Fusion MPT base driver 3.04.20
[    4.438802] Copyright (c) 1999-2008 LSI Corporation
[    4.490502] Fusion MPT SPI Host driver 3.04.20
[    4.755090] input: ImExPS/2 Generic Explorer Mouse as /devices/platform/i8042/serio1/input/input5
[    5.364338] e1000 0000:00:03.0 eth0: (PCI:33MHz:32-bit) 02:be:82:6b:cc:1d
[    5.374200] e1000 0000:00:03.0 eth0: Intel(R) PRO/1000 Network Connection
[    5.386931] piix4_smbus 0000:00:07.0: SMBus Host Controller at 0x4100, revision 0
[    5.407396] mptbase: ioc0: Initiating bringup
[    5.525747] ioc0: LSI53C1030 A0: Capabilities={Initiator}
[    5.960161] scsi host2: ioc0: LSI53C1030 A0, FwRev=00000000h, Ports=1, MaxQ=256, IRQ=20
[    6.199515] scsi 2:0:0:0: Direct-Access     VBOX     HARDDISK         1.0  PQ: 0 ANSI: 5
[    6.241713] scsi target2:0:0: Beginning Domain Validation
[    6.258640] scsi target2:0:0: Domain Validation skipping write tests
[    6.275688] scsi target2:0:0: Ending Domain Validation
[    6.292216] scsi target2:0:0: asynchronous
[    6.302431] scsi 2:0:1:0: Direct-Access     VBOX     HARDDISK         1.0  PQ: 0 ANSI: 5
[    6.708182] scsi target2:0:1: Beginning Domain Validation
[    6.728792] scsi target2:0:1: Domain Validation skipping write tests
[    6.738542] scsi target2:0:1: Ending Domain Validation
[    6.747670] scsi target2:0:1: asynchronous
[    6.770703] sd 2:0:0:0: [sda] 83886080 512-byte logical blocks: (42.9 GB/40.0 GiB)
[    6.782370] sd 2:0:0:0: Attached scsi generic sg0 type 0
[    6.790788] sd 2:0:0:0: [sda] Write Protect is off
[    6.798128] sd 2:0:1:0: Attached scsi generic sg1 type 0
[    6.808041] sd 2:0:0:0: [sda] Incomplete mode parameter data
[    6.816963] sd 2:0:0:0: [sda] Assuming drive cache: write through
[    6.833110] sd 2:0:1:0: [sdb] 20480 512-byte logical blocks: (10.5 MB/10.0 MiB)
[    6.844262]  sda: sda1
[    6.850923] sd 2:0:0:0: [sda] Attached SCSI disk
[    6.857919] sd 2:0:1:0: [sdb] Write Protect is off
[    6.866074] sd 2:0:1:0: [sdb] Incomplete mode parameter data
[    6.873905] sd 2:0:1:0: [sdb] Assuming drive cache: write through
[    6.894016] sd 2:0:1:0: [sdb] Attached SCSI disk
[    7.353913] e1000 0000:00:08.0 eth1: (PCI:33MHz:32-bit) 08:00:27:4c:36:70
[    7.366469] e1000 0000:00:08.0 eth1: Intel(R) PRO/1000 Network Connection
[    7.381303] e1000 0000:00:03.0 enp0s3: renamed from eth0
[    7.401660] e1000 0000:00:08.0 enp0s8: renamed from eth1
Begin: Loading essential drivers ... [   10.476166] raid6: sse2x1   gen() 198293 MB/s
[   11.478574] raid6: sse2x1   xor() 148991 MB/s
[   12.477153] raid6: sse2x2   gen() 334185 MB/s
[   13.477743] raid6: sse2x2   xor() 192806 MB/s
[   14.536425] raid6: sse2x4   gen() 17982 MB/s
[   14.589844] raid6: sse2x4   xor()  7609 MB/s
[   14.598173] raid6: using algorithm sse2x2 gen() 334185 MB/s
[   14.607689] raid6: .... xor() 192806 MB/s, rmw enabled
[   14.615534] raid6: using ssse3x2 recovery algorithm
[   14.626687] xor: measuring software checksum speed
[   14.672696]    prefetch64-sse: 16383.000 MB/sec
[   14.716416]    generic_sse: 13207.000 MB/sec
[   14.725737] xor: using function: prefetch64-sse (16383.000 MB/sec)
[   14.737787] async_tx: api initialized (async)
done.
Begin: Running /scripts/init-premount ... done.
Begin: Mounting root file system ... Begin: Running /scripts/local-top ... done.
Begin: Running /scripts/local-premount ... [   14.818780] Btrfs loaded, crc32c=crc32c-intel
Scanning for Btrfs filesystems
done.
Begin: Will now check root file system ... fsck from util-linux 2.31.1
[/sbin/fsck.ext4 (1) -- /dev/sda1] fsck.ext4 -a -C0 /dev/sda1 
cloudimg-rootfs: clean, 78673/5120000 files, 881877/10485499 blocks
done.
[   14.934308] EXT4-fs (sda1): mounted filesystem with ordered data mode. Opts: (null)
done.
Begin: Running /scripts/local-bottom ... done.
Begin: Running /scripts/init-bottom ... done.
[   15.380847] ip_tables: (C) 2000-2006 Netfilter Core Team
[   15.411859] systemd[1]: systemd 237 running in system mode. (+PAM +AUDIT +SELINUX +IMA +APPARMOR +SMACK +SYSVINIT +UTMP +LIBCRYPTSETUP +GCRYPT +GNUTLS +ACL +XZ +LZ4 +SECCOMP +BLKID +ELFUTILS +KMOD -IDN2 +IDN -PCRE2 default-hierarchy=hybrid)
[   15.442448] systemd[1]: Detected virtualization oracle.
[   15.450260] systemd[1]: Detected architecture x86-64.

Welcome to [1mUbuntu 18.04.6 LTS[0m!

[   15.514377] systemd[1]: Set hostname to <ubuntu-xenial>.
[   15.954343] random: systemd: uninitialized urandom read (16 bytes read)
[   15.980050] systemd[1]: Created slice User and Session Slice.
[[0;32m  OK  [0m] Created slice User and Session Slice.
[   15.994633] random: systemd: uninitialized urandom read (16 bytes read)
[   16.005916] systemd[1]: Reached target Swap.
[[0;32m  OK  [0m] Reached target Swap.
[   16.018974] random: systemd: uninitialized urandom read (16 bytes read)
[   16.028531] systemd[1]: Started Forward Password Requests to Wall Directory Watch.
[[0;32m  OK  [0m] Started Forward Password Requests to Wall Directory Watch.
[   16.047976] systemd[1]: Created slice System Slice.
[[0;32m  OK  [0m] Created slice System Slice.
[   16.063020] systemd[1]: Listening on fsck to fsckd communication Socket.
[[0;32m  OK  [0m] Listening on fsck to fsckd communication Socket.
[   16.081130] systemd[1]: Listening on Device-mapper event daemon FIFOs.
[[0;32m  OK  [0m] Listening on Device-mapper event daemon FIFOs.
[[0;32m  OK  [0m] Created slice system-serial\x2dgetty.slice.
[[0;32m  OK  [0m] Reached target Slices.
[[0;32m  OK  [0m] Listening on /dev/initctl Compatibility Named Pipe.
[[0;32m  OK  [0m] Reached target Mounting snaps.
[[0;32m  OK  [0m] Listening on udev Control Socket.
[[0;32m  OK  [0m] Listening on udev Kernel Socket.
[[0;32m  OK  [0m] Listening on Journal Socket (/dev/log).
[[0;32m  OK  [0m] Listening on Syslog Socket.
[[0;32m  OK  [0m] Listening on LVM2 metadata daemon socket.
[[0;32m  OK  [0m] Listening on Journal Socket.
         Starting Nameserver information manager...
         Mounting Kernel Debug File System...
         Starting Uncomplicated firewall...
         Mounting POSIX Message Queue File System...
         Starting Create list of required stâ€¦ce nodes for the current kernel...
         Starting Set the console keyboard layout...
[[0;32m  OK  [0m] Listening on Journal Audit Socket.
         Starting udev Coldplug all Devices...
[[0;32m  OK  [0m] Reached target Mounted snaps.
[[0;32m  OK  [0m] Reached target User and Group Name Lookups.
         Mounting Huge Pages File System...
         Starting Journal Service...
[[0;32m  OK  [0m] Reached target System Time Synchronized.
         Starting Load Kernel Modules...
[[0;32m  OK  [0m] Listening on LVM2 poll daemon socket.
         Starting Monitoring of LVM2 mirrorsâ€¦ng dmeventd or progress polling...
[[0;32m  OK  [0m] Set up automount Arbitrary Executabâ€¦rmats File System Automount Point.
         Starting Remount Root and Kernel File Systems...
[[0;32m  OK  [0m] Mounted Kernel Debug File System.
[[0;32m  OK  [0m] Started Uncomplicated firewall.
[[0;32m  OK  [0m] Mounted POSIX Message Queue File System.
[[0;32m  OK  [0m] Started Create list of required staâ€¦vice nodes for the current kernel.
[[0;32m  OK  [0m] Mounted Huge Pages File System.
[[0;32m  OK  [0m] Started LVM2 metadata daemon.
         Starting Create Static Device Nodes in /dev...
[[0;32m  OK  [0m] Started Nameserver information manager.
[[0;32m  OK  [0m] Started Journal Service.
[   16.572721] EXT4-fs (sda1): re-mounted. Opts: (null)
[[0;32m  OK  [0m] Started udev Coldplug all Devices.
[[0;32m  OK  [0m] Started Remount Root and Kernel File Systems.
         Starting Flush Journal to Persistent Storage...
         Starting Load/Save Random Seed...
[   16.603404] Loading iSCSI transport class v2.0-870.
[[0;32m  OK  [0m] Started Set the console keyboard layout.
[[0;32m  OK  [0m] Started Monitoring of LVM2 mirrors,â€¦sing dmeventd or progress polling.
[[0;32m  OK  [0m] Started Load/Save Random Seed.
[   16.661388] systemd-journald[392]: Received request to flush runtime journal from PID 1
[   16.705495] iscsi: registered transport (tcp)
[[0;32m  OK  [0m] Started Create Static Device Nodes in /dev.
[[0;32m  OK  [0m] Reached target Local File Systems (Pre).
[[0;32m  OK  [0m] Reached target Local File Systems.
         Starting AppArmor initialization...
         Starting Set console font and keymap...
         Starting ebtables ruleset management...
         Starting Tell Plymouth To Write Out Runtime Data...
         Starting udev Kernel Device Manager...
[[0;32m  OK  [0m] Started Set console font and keymap.
[[0;32m  OK  [0m] Started Tell Plymouth To Write Out Runtime Data.
[   16.938227] iscsi: registered transport (iser)
[[0;32m  OK  [0m] Started Load Kernel Modules.
         Mounting Kernel Configuration File System...
         Mounting FUSE Control File System...
[   16.957657] random: systemd: uninitialized urandom read (16 bytes read)
         Starting Apply Kernel Variables...
[[0;32m  OK  [0m] Mounted Kernel Configuration File System.
[[0;32m  OK  [0m] Mounted FUSE Control File System.
[   16.998351] random: systemd: uninitialized urandom read (16 bytes read)
[   17.009391] random: systemd: uninitialized urandom read (16 bytes read)
[[0;32m  OK  [0m] Started Flush Journal to Persistent Storage.
         Starting Create Volatile Files and Directories...
[[0;32m  OK  [0m] Started ebtables ruleset management.
[[0;32m  OK  [0m] Started udev Kernel Device Manager.
[[0;32m  OK  [0m] Started Dispatch Password Requests to Console Directory Watch.
[[0;32m  OK  [0m] Reached target Local Encrypted Volumes.
[[0;32m  OK  [0m] Started Apply Kernel Variables.
[[0;32m  OK  [0m] Started Create Volatile Files and Directories.
         Starting Network Name Resolution...
         Starting Update UTMP about System Boot/Shutdown...
[[0;32m  OK  [0m] Started Update UTMP about System Boot/Shutdown.
[[0;32m  OK  [0m] Started Network Name Resolution.
[[0;32m  OK  [0m] Reached target Host and Network Name Lookups.
[[0;32m  OK  [0m] Found device /dev/ttyS0.
[[0;32m  OK  [0m] Listening on Load/Save RF Kill Switch Status /dev/rfkill Watch.
[[0;32m  OK  [0m] Found device 82540EM Gigabit Ethernâ€¦ler (PRO/1000 MT Desktop Adapter).
         Mounting Arbitrary Executable File Formats File System...
[[0;32m  OK  [0m] Mounted Arbitrary Executable File Formats File System.
[[0;32m  OK  [0m] Found device 82540EM Gigabit Ethernâ€¦ler (PRO/1000 MT Desktop Adapter).
[[0;32m  OK  [0m] Started AppArmor initialization.
         Starting Initial cloud-init job (pre-networking)...
         Starting Load AppArmor profiles managed internally by snapd...
[[0;32m  OK  [0m] Started Load AppArmor profiles managed internally by snapd.
[[0;32m  OK  [0m] Reached target Sound Card.
[   20.486003] cloud-init[644]: Cloud-init v. 22.4.2-0ubuntu0~18.04.1 running 'init-local' at Wed, 08 Feb 2023 14:16:57 +0000. Up 20.21 seconds.
[[0;32m  OK  [0m] Started Initial cloud-init job (pre-networking).
[[0;32m  OK  [0m] Reached target Network (Pre).
         Starting Raise network interfaces...
[[0;32m  OK  [0m] Started ifup for enp0s8.
[[0;32m  OK  [0m] Started ifup for enp0s3.
         Stopping Network Name Resolution...
         Starting Tell Plymouth To Write Out Runtime Data...
         Starting Network Time Synchronization...
[[0;32m  OK  [0m] Started Tell Plymouth To Write Out Runtime Data.
[[0;32m  OK  [0m] Stopped Network Name Resolution.
         Starting Network Name Resolution...
[[0;32m  OK  [0m] Started Network Time Synchronization.
[[0;32m  OK  [0m] Started Network Name Resolution.
[[0;32m  OK  [0m] Started Raise network interfaces.
         Starting Initial cloud-init job (metadata service crawler)...
[[0;32m  OK  [0m] Reached target Network.
[   21.831543] cloud-init[1070]: Cloud-init v. 22.4.2-0ubuntu0~18.04.1 running 'init' at Wed, 08 Feb 2023 14:16:59 +0000. Up 21.67 seconds.
[   21.838277] cloud-init[1070]: ci-info: ++++++++++++++++++++++++++++++++++++++Net device info+++++++++++++++++++++++++++++++++++++++
[   21.845326] cloud-init[1070]: ci-info: +--------+------+-----------------------------+---------------+--------+-------------------+
[   21.851690] cloud-init[1070]: ci-info: | Device |  Up  |           Address           |      Mask     | Scope  |     Hw-Address    |
[   21.858473] cloud-init[1070]: ci-info: +--------+------+-----------------------------+---------------+--------+-------------------+
[   21.864557] cloud-init[1070]: ci-info: | enp0s3 | True |          10.0.2.15          | 255.255.255.0 | global | 02:be:82:6b:cc:1d |
[   21.870523] cloud-init[1070]: ci-info: | enp0s3 | True |  fe80::be:82ff:fe6b:cc1d/64 |       .       |  link  | 02:be:82:6b:cc:1d |
[   21.876439] cloud-init[1070]: ci-info: | enp0s8 | True |        192.168.10.100       | 255.255.255.0 | global | 08:00:27:4c:36:70 |
[   21.882758] cloud-init[1070]: ci-info: | enp0s8 | True | fe80::a00:27ff:fe4c:3670/64 |       .       |  link  | 08:00:27:4c:36:70 |
[   21.888945] cloud-init[1070]: ci-info: |   lo   | True |          127.0.0.1          |   255.0.0.0   |  host  |         .         |
[   21.895432] cloud-init[1070]: ci-info: |   lo   | True |           ::1/128           |       .       |  host  |         .         |
[   21.902747] cloud-init[1070]: ci-info: +--------+------+-----------------------------+---------------+--------+-------------------+
[   21.909218] cloud-init[1070]: ci-info: ++++++++++++++++++++++++++++Route IPv4 info++++++++++++++++++++++++++++
[   21.914799] cloud-init[1070]: ci-info: +-------+--------------+----------+---------------+-----------+-------+
[   21.920239] cloud-init[1070]: ci-info: | Route | Destination  | Gateway  |    Genmask    | Interface | Flags |
[   21.925863] cloud-init[1070]: ci-info: +-------+--------------+----------+---------------+-----------+-------+
[   21.931842] cloud-init[1070]: ci-info: |   0   |   0.0.0.0    | 10.0.2.2 |    0.0.0.0    |   enp0s3  |   UG  |
[   21.937090] cloud-init[1070]: ci-info: |   1   |   10.0.2.0   | 0.0.0.0  | 255.255.255.0 |   enp0s3  |   U   |
[   21.942321] cloud-init[1070]: ci-info: |   2   | 192.168.10.0 | 0.0.0.0  | 255.255.255.0 |   enp0s8  |   U   |
[   21.947605] cloud-init[1070]: ci-info: +-------+--------------+----------+---------------+-----------+-------+
[   21.952736] cloud-init[1070]: ci-info: +++++++++++++++++++Route IPv6 info+++++++++++++++++++
[   21.958423] cloud-init[1070]: ci-info: +-------+-------------+---------+-----------+-------+
[   21.973323] cloud-init[1070]: ci-info: | Route | Destination | Gateway | Interface | Flags |
[   21.977963] cloud-init[1070]: ci-info: +-------+-------------+---------+-----------+-------+
[   21.982354] cloud-init[1070]: ci-info: |   1   |  fe80::/64  |    ::   |   enp0s8  |   U   |
[   21.986668] cloud-init[1070]: ci-info: |   2   |  fe80::/64  |    ::   |   enp0s3  |   U   |
[   21.991211] cloud-init[1070]: ci-info: |   4   |   ff00::/8  |    ::   |   enp0s8  |   U   |
[   21.996389] cloud-init[1070]: ci-info: |   5   |   ff00::/8  |    ::   |   enp0s3  |   U   |
[   22.001124] cloud-init[1070]: ci-info: +-------+-------------+---------+-----------+-------+
