[    0.000000] Linux version 4.15.0-202-generic (buildd@lcy02-amd64-115) (gcc version 7.5.0 (Ubuntu 7.5.0-3ubuntu1~18.04)) #213-Ubuntu SMP Thu Jan 5 19:19:12 UTC 2023 (Ubuntu 4.15.0-202.213-generic 4.15.18)
[    0.000000] Command line: BOOT_IMAGE=/boot/vmlinuz-4.15.0-202-generic root=LABEL=cloudimg-rootfs ro console=tty1 console=ttyS0
[    0.000000] KERNEL supported cpus:
[    0.000000]   Intel GenuineIntel
[    0.000000]   AMD AuthenticAMD
[    0.000000]   Centaur CentaurHauls
[    0.000000] x86/fpu: x87 FPU will use FXSAVE
[    0.000000] e820: BIOS-provided physical RAM map:
[    0.000000] BIOS-e820: [mem 0x0000000000000000-0x000000000009fbff] usable
[    0.000000] BIOS-e820: [mem 0x000000000009fc00-0x000000000009ffff] reserved
[    0.000000] BIOS-e820: [mem 0x00000000000f0000-0x00000000000fffff] reserved
[    0.000000] BIOS-e820: [mem 0x0000000000100000-0x000000003ffeffff] usable
[    0.000000] BIOS-e820: [mem 0x000000003fff0000-0x000000003fffffff] ACPI data
[    0.000000] BIOS-e820: [mem 0x00000000fec00000-0x00000000fec00fff] reserved
[    0.000000] BIOS-e820: [mem 0x00000000fee00000-0x00000000fee00fff] reserved
[    0.000000] BIOS-e820: [mem 0x00000000fffc0000-0x00000000ffffffff] reserved
[    0.000000] NX (Execute Disable) protection: active
[    0.000000] SMBIOS 2.5 present.
[    0.000000] DMI: innotek GmbH VirtualBox/VirtualBox, BIOS VirtualBox 12/01/2006
[    0.000000] Hypervisor detected: KVM
[    0.000000] e820: last_pfn = 0x3fff0 max_arch_pfn = 0x400000000
[    0.000000] MTRR: Disabled
[    0.000000] x86/PAT: MTRRs disabled, skipping PAT initialization too.
[    0.000000] CPU MTRRs all blank - virtualized system.
[    0.000000] x86/PAT: Configuration [0-7]: WB  WT  UC- UC  WB  WT  UC- UC  
[    0.000000] found SMP MP-table at [mem 0x0009fff0-0x0009ffff]
[    0.000000] Scanning 1 areas for low memory corruption
[    0.000000] RAMDISK: [mem 0x359c9000-0x36cdbfff]
[    0.000000] ACPI: Early table checksum verification disabled
[    0.000000] ACPI: RSDP 0x00000000000E0000 000024 (v02 VBOX  )
[    0.000000] ACPI: XSDT 0x000000003FFF0030 00003C (v01 VBOX   VBOXXSDT 00000001 ASL  00000061)
[    0.000000] ACPI: FACP 0x000000003FFF00F0 0000F4 (v04 VBOX   VBOXFACP 00000001 ASL  00000061)
[    0.000000] ACPI: DSDT 0x000000003FFF0470 002325 (v02 VBOX   VBOXBIOS 00000002 INTL 20100528)
[    0.000000] ACPI: FACS 0x000000003FFF0200 000040
[    0.000000] ACPI: FACS 0x000000003FFF0200 000040
[    0.000000] ACPI: APIC 0x000000003FFF0240 00005C (v02 VBOX   VBOXAPIC 00000001 ASL  00000061)
[    0.000000] ACPI: SSDT 0x000000003FFF02A0 0001CC (v01 VBOX   VBOXCPUT 00000002 INTL 20100528)
[    0.000000] ACPI: Reserving FACP table memory at [mem 0x3fff00f0-0x3fff01e3]
[    0.000000] ACPI: Reserving DSDT table memory at [mem 0x3fff0470-0x3fff2794]
[    0.000000] ACPI: Reserving FACS table memory at [mem 0x3fff0200-0x3fff023f]
[    0.000000] ACPI: Reserving FACS table memory at [mem 0x3fff0200-0x3fff023f]
[    0.000000] ACPI: Reserving APIC table memory at [mem 0x3fff0240-0x3fff029b]
[    0.000000] ACPI: Reserving SSDT table memory at [mem 0x3fff02a0-0x3fff046b]
[    0.000000] No NUMA configuration found
[    0.000000] Faking a node at [mem 0x0000000000000000-0x000000003ffeffff]
[    0.000000] NODE_DATA(0) allocated [mem 0x3ffc5000-0x3ffeffff]
[    0.000000] kvm-clock: cpu 0, msr 0:3ff44001, primary cpu clock
[    0.000000] kvm-clock: Using msrs 4b564d01 and 4b564d00
[    0.000000] kvm-clock: using sched offset of 4878210234 cycles
[    0.000000] clocksource: kvm-clock: mask: 0xffffffffffffffff max_cycles: 0x1cd42e4dffb, max_idle_ns: 881590591483 ns
[    0.000000] Zone ranges:
[    0.000000]   DMA      [mem 0x0000000000001000-0x0000000000ffffff]
[    0.000000]   DMA32    [mem 0x0000000001000000-0x000000003ffeffff]
[    0.000000]   Normal   empty
[    0.000000]   Device   empty
[    0.000000] Movable zone start for each node
[    0.000000] Early memory node ranges
[    0.000000]   node   0: [mem 0x0000000000001000-0x000000000009efff]
[    0.000000]   node   0: [mem 0x0000000000100000-0x000000003ffeffff]
[    0.000000] Reserved but unavailable: 104 pages
[    0.000000] Initmem setup node 0 [mem 0x0000000000001000-0x000000003ffeffff]
[    0.000000] ACPI: PM-Timer IO Port: 0x4008
[    0.000000] IOAPIC[0]: apic_id 2, version 32, address 0xfec00000, GSI 0-23
[    0.000000] ACPI: INT_SRC_OVR (bus 0 bus_irq 0 global_irq 2 dfl dfl)
[    0.000000] ACPI: INT_SRC_OVR (bus 0 bus_irq 9 global_irq 9 low level)
[    0.000000] Using ACPI (MADT) for SMP configuration information
[    0.000000] smpboot: Allowing 2 CPUs, 0 hotplug CPUs
[    0.000000] PM: Registered nosave memory: [mem 0x00000000-0x00000fff]
[    0.000000] PM: Registered nosave memory: [mem 0x0009f000-0x0009ffff]
[    0.000000] PM: Registered nosave memory: [mem 0x000a0000-0x000effff]
[    0.000000] PM: Registered nosave memory: [mem 0x000f0000-0x000fffff]
[    0.000000] e820: [mem 0x40000000-0xfebfffff] available for PCI devices
[    0.000000] Booting paravirtualized kernel on KVM
[    0.000000] clocksource: refined-jiffies: mask: 0xffffffff max_cycles: 0xffffffff, max_idle_ns: 7645519600211568 ns
[    0.000000] setup_percpu: NR_CPUS:8192 nr_cpumask_bits:2 nr_cpu_ids:2 nr_node_ids:1
[    0.000000] percpu: Embedded 50 pages/cpu s167936 r8192 d28672 u1048576
[    0.000000] PV qspinlock hash table entries: 256 (order: 0, 4096 bytes)
[    0.000000] Built 1 zonelists, mobility grouping on.  Total pages: 257913
[    0.000000] Policy zone: DMA32
[    0.000000] Kernel command line: BOOT_IMAGE=/boot/vmlinuz-4.15.0-202-generic root=LABEL=cloudimg-rootfs ro console=tty1 console=ttyS0
[    0.000000] Memory: 982648K/1048120K available (12300K kernel code, 2477K rwdata, 4320K rodata, 2472K init, 2720K bss, 65472K reserved, 0K cma-reserved)
[    0.000000] SLUB: HWalign=64, Order=0-3, MinObjects=0, CPUs=2, Nodes=1
[    0.000000] ftrace: allocating 39478 entries in 155 pages
[    0.004000] Hierarchical RCU implementation.
[    0.004000] 	RCU restricting CPUs from NR_CPUS=8192 to nr_cpu_ids=2.
[    0.004000] 	Tasks RCU enabled.
[    0.004000] RCU: Adjusting geometry for rcu_fanout_leaf=16, nr_cpu_ids=2
[    0.004000] NR_IRQS: 524544, nr_irqs: 440, preallocated irqs: 16
[    0.004000] Console: colour VGA+ 80x25
[    0.004000] console [tty1] enabled
[    0.004000] console [ttyS0] enabled
[    0.004000] ACPI: Core revision 20170831
[    0.004000] ACPI: 2 ACPI AML tables successfully acquired and loaded
[    0.004000] APIC: Switch to symmetric I/O mode setup
[    0.008000] ..TIMER: vector=0x30 apic1=0 pin1=2 apic2=-1 pin2=-1
[    0.008006] tsc: Detected 2496.002 MHz processor
[    0.012011] Calibrating delay loop (skipped) preset value.. 4992.00 BogoMIPS (lpj=9984008)
[    0.016008] pid_max: default: 32768 minimum: 301
[    0.020147] Security Framework initialized
[    0.024005] Yama: becoming mindful.
[    0.028168] AppArmor: AppArmor initialized
[    0.044213] Dentry cache hash table entries: 131072 (order: 8, 1048576 bytes)
[    0.052688] Inode-cache hash table entries: 65536 (order: 7, 524288 bytes)
[    0.056129] Mount-cache hash table entries: 2048 (order: 2, 16384 bytes)
[    0.060137] Mountpoint-cache hash table entries: 2048 (order: 2, 16384 bytes)
[    0.066442] Last level iTLB entries: 4KB 0, 2MB 0, 4MB 0
[    0.068005] Last level dTLB entries: 4KB 0, 2MB 0, 4MB 0, 1GB 0
[    0.072006] Spectre V1 : Mitigation: usercopy/swapgs barriers and __user pointer sanitization
[    0.076004] Spectre V2 : Mitigation: Enhanced IBRS
[    0.080003] Spectre V2 : Spectre v2 / SpectreRSB mitigation: Filling RSB on context switch
[    0.084004] Speculative Store Bypass: Vulnerable
[    0.088183] Freeing SMP alternatives memory: 36K
[    0.212259] APIC calibration not consistent with PM-Timer: 101ms instead of 100ms
[    0.216000] APIC delta adjusted to PM-Timer: 6394064 (6502688)
[    0.216534] smpboot: CPU0: 12th Gen Intel(R) Core(TM) i5-1235U (family: 0x6, model: 0x9a, stepping: 0x4)
[    0.221215] Performance Events: unsupported p6 CPU model 154 no PMU driver, software events only.
[    0.224170] Hierarchical SRCU implementation.
[    0.229129] NMI watchdog: Perf event create on CPU 0 failed with -2
[    0.232004] NMI watchdog: Perf NMI watchdog permanently disabled
[    0.237564] smp: Bringing up secondary CPUs ...
[    0.245476] x86: Booting SMP configuration:
[    0.248005] .... node  #0, CPUs:      #1
[    0.004000] kvm-clock: cpu 1, msr 0:3ff44041, secondary cpu clock
[    0.267760] TSC synchronization [CPU#0 -> CPU#1]:
[    0.268000] Measured 53254 cycles TSC warp between CPUs, turning off TSC clock.
[    0.268000] tsc: Marking TSC unstable due to check_tsc_sync_source failed
[    0.272376] smp: Brought up 1 node, 2 CPUs
[    0.276008] smpboot: Max logical packages: 1
[    0.280006] smpboot: Total of 2 processors activated (9984.00 BogoMIPS)
[    0.289032] devtmpfs: initialized
[    0.292162] x86/mm: Memory block size: 128MB
[    0.296690] evm: security.selinux
[    0.300004] evm: security.SMACK64
[    0.304003] evm: security.SMACK64EXEC
[    0.308003] evm: security.SMACK64TRANSMUTE
[    0.312004] evm: security.SMACK64MMAP
[    0.316003] evm: security.apparmor
[    0.320003] evm: security.ima
[    0.324003] evm: security.capability
[    0.328613] clocksource: jiffies: mask: 0xffffffff max_cycles: 0xffffffff, max_idle_ns: 7645041785100000 ns
[    0.332011] futex hash table entries: 512 (order: 3, 32768 bytes)
[    0.336330] pinctrl core: initialized pinctrl subsystem
[    0.340836] RTC time: 10:52:14, date: 02/12/23
[    0.350411] NET: Registered protocol family 16
[    0.352185] audit: initializing netlink subsys (disabled)
[    0.356354] audit: type=2000 audit(1676199139.341:1): state=initialized audit_enabled=0 res=1
[    0.372009] cpuidle: using governor ladder
[    0.376016] cpuidle: using governor menu
[    0.380209] ACPI: bus type PCI registered
[    0.384005] acpiphp: ACPI Hot Plug PCI Controller Driver version: 0.5
[    0.389063] PCI: Using configuration type 1 for base access
[    0.400847] HugeTLB registered 2.00 MiB page size, pre-allocated 0 pages
[    0.417094] ACPI: Added _OSI(Module Device)
[    0.424007] ACPI: Added _OSI(Processor Device)
[    0.432011] ACPI: Added _OSI(3.0 _SCP Extensions)
[    0.440004] ACPI: Added _OSI(Processor Aggregator Device)
[    0.452006] ACPI: Added _OSI(Linux-Dell-Video)
[    0.460005] ACPI: Added _OSI(Linux-Lenovo-NV-HDMI-Audio)
[    0.468004] ACPI: Added _OSI(Linux-HPI-Hybrid-Graphics)
[    0.480379] ACPI: Executed 1 blocks of module-level executable AML code
[    0.500000] ACPI: Interpreter enabled
[    0.508024] ACPI: (supports S0 S5)
[    0.512005] ACPI: Using IOAPIC for interrupt routing
[    0.524590] PCI: Using host bridge windows from ACPI; if necessary, use "pci=nocrs" and report a bug
[    0.540377] ACPI: Enabled 2 GPEs in block 00 to 07
[    0.570683] ACPI: PCI Root Bridge [PCI0] (domain 0000 [bus 00-ff])
[    0.580022] acpi PNP0A03:00: _OSC: OS supports [ASPM ClockPM Segments MSI]
[    0.592938] acpi PNP0A03:00: _OSC: not requesting OS control; OS requires [ExtendedConfig ASPM ClockPM MSI]
[    0.608029] acpi PNP0A03:00: fail to add MMCONFIG information, can't access extended PCI configuration space under this bridge.
[    0.624912] PCI host bridge to bus 0000:00
[    0.632009] pci_bus 0000:00: root bus resource [io  0x0000-0x0cf7 window]
[    0.640010] pci_bus 0000:00: root bus resource [io  0x0d00-0xffff window]
[    0.648011] pci_bus 0000:00: root bus resource [mem 0x000a0000-0x000bffff window]
[    0.660009] pci_bus 0000:00: root bus resource [mem 0x40000000-0xfdffffff window]
[    0.672009] pci_bus 0000:00: root bus resource [bus 00-ff]
[    0.691474] pci 0000:00:01.1: legacy IDE quirk: reg 0x10: [io  0x01f0-0x01f7]
[    0.700008] pci 0000:00:01.1: legacy IDE quirk: reg 0x14: [io  0x03f6]
[    0.708011] pci 0000:00:01.1: legacy IDE quirk: reg 0x18: [io  0x0170-0x0177]
[    0.720011] pci 0000:00:01.1: legacy IDE quirk: reg 0x1c: [io  0x0376]
[    0.762268] pci 0000:00:07.0: quirk: [io  0x4000-0x403f] claimed by PIIX4 ACPI
[    0.772062] pci 0000:00:07.0: quirk: [io  0x4100-0x410f] claimed by PIIX4 SMB
[    0.798789] ACPI: PCI Interrupt Link [LNKA] (IRQs 5 9 10 *11)
[    0.808243] ACPI: PCI Interrupt Link [LNKB] (IRQs 5 9 *10 11)
[    0.816327] ACPI: PCI Interrupt Link [LNKC] (IRQs 5 *9 10 11)
[    0.824331] ACPI: PCI Interrupt Link [LNKD] (IRQs 5 9 10 *11)
[    0.833067] SCSI subsystem initialized
[    0.840317] pci 0000:00:02.0: vgaarb: setting as boot VGA device
[    0.844000] pci 0000:00:02.0: vgaarb: VGA device added: decodes=io+mem,owns=io+mem,locks=none
[    0.864011] pci 0000:00:02.0: vgaarb: bridge control possible
[    0.872005] vgaarb: loaded
[    0.876091] ACPI: bus type USB registered
[    0.880024] usbcore: registered new interface driver usbfs
[    0.888065] usbcore: registered new interface driver hub
[    0.896019] usbcore: registered new device driver usb
[    0.904323] EDAC MC: Ver: 3.0.0
[    0.913270] PCI: Using ACPI for IRQ routing
[    0.921244] NetLabel: Initializing
[    0.928003] NetLabel:  domain hash size = 128
[    0.932003] NetLabel:  protocols = UNLABELED CIPSOv4 CALIPSO
[    0.940295] NetLabel:  unlabeled traffic allowed by default
[    0.952446] clocksource: Switched to clocksource kvm-clock
[    1.029181] VFS: Disk quotas dquot_6.6.0
[    1.040251] VFS: Dquot-cache hash table entries: 512 (order 0, 4096 bytes)
[    1.050423] AppArmor: AppArmor Filesystem Enabled
[    1.057842] pnp: PnP ACPI init
[    1.066061] pnp: PnP ACPI: found 3 devices
[    1.081699] clocksource: acpi_pm: mask: 0xffffff max_cycles: 0xffffff, max_idle_ns: 2085701024 ns
[    1.094565] NET: Registered protocol family 2
[    1.102352] IP idents hash table entries: 16384 (order: 5, 131072 bytes)
[    1.121702] TCP established hash table entries: 8192 (order: 4, 65536 bytes)
[    1.136982] TCP bind hash table entries: 8192 (order: 5, 131072 bytes)
[    1.149794] TCP: Hash tables configured (established 8192 bind 8192)
[    1.168851] UDP hash table entries: 512 (order: 2, 16384 bytes)
[    1.178944] UDP-Lite hash table entries: 512 (order: 2, 16384 bytes)
[    1.190470] NET: Registered protocol family 1
[    1.197347] pci 0000:00:00.0: Limiting direct PCI/PCI transfers
[    1.205939] pci 0000:00:01.0: Activating ISA DMA hang workarounds
[    1.215566] pci 0000:00:02.0: Video device with shadowed ROM at [mem 0x000c0000-0x000dffff]
[    1.228142] Unpacking initramfs...
[    1.899008] Freeing initrd memory: 19532K
[    1.899008] clocksource: tsc: mask: 0xffffffffffffffff max_cycles: 0x23fa79125d1, max_idle_ns: 440795329579 ns
[    1.959920] platform rtc_cmos: registered platform RTC device (no PNP device found)
[    1.963745] Scanning for low memory corruption every 60 seconds
[    1.981390] Initialise system trusted keyrings
[    1.989562] Key type blacklist registered
[    1.996977] workingset: timestamp_bits=36 max_order=18 bucket_order=0
[    2.011253] zbud: loaded
[    2.018558] squashfs: version 4.0 (2009/01/31) Phillip Lougher
[    2.029375] fuse init (API version 7.26)
[    2.076316] Key type asymmetric registered
[    2.083014] Asymmetric key parser 'x509' registered
[    2.090572] Block layer SCSI generic (bsg) driver version 0.4 loaded (major 246)
[    2.102809] io scheduler noop registered
[    2.110411] io scheduler deadline registered
[    2.120554] io scheduler cfq registered (default)
[    2.129731] ACPI: AC Adapter [AC] (on-line)
[    2.136265] input: Power Button as /devices/LNXSYSTM:00/LNXPWRBN:00/input/input0
[    2.149022] ACPI: Power Button [PWRF]
[    2.155724] input: Sleep Button as /devices/LNXSYSTM:00/LNXSLPBN:00/input/input1
[    2.166759] ACPI: Sleep Button [SLPF]
[    2.174541] Serial: 8250/16550 driver, 32 ports, IRQ sharing enabled
[    2.222061] 00:02: ttyS0 at I/O 0x3f8 (irq = 4, base_baud = 115200) is a 16550A
[    2.239143] Linux agpgart interface v0.103
[    2.252467] loop: module loaded
[    2.267559] scsi host0: ata_piix
[    2.274399] scsi host1: ata_piix
[    2.279988] ata1: PATA max UDMA/33 cmd 0x1f0 ctl 0x3f6 bmdma 0xd000 irq 14
[    2.289853] ata2: PATA max UDMA/33 cmd 0x170 ctl 0x376 bmdma 0xd008 irq 15
[    2.299949] tun: Universal TUN/TAP device driver, 1.6
[    2.309512] PPP generic driver version 2.4.2
[    2.316399] ehci_hcd: USB 2.0 'Enhanced' Host Controller (EHCI) Driver
[    2.325866] ehci-pci: EHCI PCI platform driver
[    2.332533] ehci-platform: EHCI generic platform driver
[    2.342261] ohci_hcd: USB 1.1 'Open' Host Controller (OHCI) Driver
[    2.353092] ohci-pci: OHCI PCI platform driver
[    2.361248] ohci-platform: OHCI generic platform driver
[    2.370641] uhci_hcd: USB Universal Host Controller Interface driver
[    2.381072] i8042: PNP: PS/2 Controller [PNP0303:PS2K,PNP0f03:PS2M] at 0x60,0x64 irq 1,12
[    2.398562] serio: i8042 KBD port at 0x60,0x64 irq 1
[    2.406208] serio: i8042 AUX port at 0x60,0x64 irq 12
[    2.414201] mousedev: PS/2 mouse device common for all mice
[    2.426678] input: AT Translated Set 2 keyboard as /devices/platform/i8042/serio0/input/input2
[    2.427001] rtc_cmos rtc_cmos: rtc core: registered rtc_cmos as rtc0
[    2.450097] rtc_cmos rtc_cmos: alarms up to one day, 114 bytes nvram
[    2.460123] i2c /dev entries driver
[    2.464053] device-mapper: uevent: version 1.0.3
[    2.476666] device-mapper: ioctl: 4.37.0-ioctl (2017-09-20) initialised: dm-devel@redhat.com
[    2.548208] ledtrig-cpu: registered to indicate activity on CPUs
[    2.562705] NET: Registered protocol family 10
[    2.587801] Segment Routing with IPv6
[    2.593860] NET: Registered protocol family 17
[    2.601524] Key type dns_resolver registered
[    2.610134] mce: Using 0 MCE banks
[    2.616714] RAS: Correctable Errors collector initialized.
[    2.624970] sched_clock: Marking stable (2624892746, 0)->(3784984926, -1160092180)
[    2.645444] registered taskstats version 1
[    2.651839] Loading compiled-in X.509 certificates
[    2.669391] Loaded X.509 cert 'Build time autogenerated kernel key: f114f3958ed3c37ba1924ca66ae8368f3c35b0e4'
[    2.686071] Loaded X.509 cert 'Canonical Ltd. Live Patch Signing: 14df34d1a87cf37625abec039ef2bf521249b969'
[    2.702737] Loaded X.509 cert 'Canonical Ltd. Kernel Module Signing: 88f752e560a1e0737e31163a466ad7b70a850c19'
[    2.719073] blacklist: Loading compiled-in revocation X.509 certificates
[    2.731016] Loaded X.509 cert 'Canonical Ltd. Secure Boot Signing: 61482aa2830d0ab2ad5af10b7250da9033ddcef0'
[    2.747590] zswap: loaded using pool lzo/zbud
[    2.772529] Key type big_key registered
[    2.779307] Key type trusted registered
[    2.792697] Key type encrypted registered
[    2.799737] AppArmor: AppArmor sha1 policy hashing enabled
[    2.808801] ima: No TPM chip found, activating TPM-bypass! (rc=-19)
[    2.818316] ima: Allocated hash algorithm: sha1
[    2.825763] evm: HMAC attrs: 0x1
[    2.832322]   Magic number: 11:275:881
[    2.839113] rtc_cmos rtc_cmos: setting system clock to 2023-02-12 10:52:16 UTC (1676199136)
[    2.853455] BIOS EDD facility v0.16 2004-Jun-25, 0 devices found
[    2.862284] EDD information not available.
[    2.873984] Freeing unused kernel image memory: 2472K
[    2.896716] Write protecting the kernel read-only data: 20480k
[    2.907955] Freeing unused kernel image memory: 2008K
[    2.915910] Freeing unused kernel image memory: 1824K
[    2.930092] x86/mm: Checked W+X mappings: passed, no W+X pages found.
Loading, please wait...
starting version 237
[    3.070390] Fusion MPT base driver 3.04.20
[    3.076707] Copyright (c) 1999-2008 LSI Corporation
[    3.077348] e1000: Intel(R) PRO/1000 Network Driver - version 7.3.21-k8-NAPI
[    3.093289] e1000: Copyright (c) 1999-2006 Intel Corporation.
[    3.157434] Fusion MPT SPI Host driver 3.04.20
[    3.576777] input: ImExPS/2 Generic Explorer Mouse as /devices/platform/i8042/serio1/input/input4
[    4.027804] e1000 0000:00:03.0 eth0: (PCI:33MHz:32-bit) 02:47:43:72:71:6b
[    4.036585] e1000 0000:00:03.0 eth0: Intel(R) PRO/1000 Network Connection
[    4.913661] e1000 0000:00:08.0 eth1: (PCI:33MHz:32-bit) 08:00:27:ff:9b:bb
[    4.923008] e1000 0000:00:08.0 eth1: Intel(R) PRO/1000 Network Connection
[    4.935311] e1000 0000:00:08.0 enp0s8: renamed from eth1
[    4.944757] mptbase: ioc0: Initiating bringup
[    4.952727] e1000 0000:00:03.0 enp0s3: renamed from eth0
[    6.022533] ioc0: LSI53C1030 A0: Capabilities={Initiator}
[    8.199088] scsi host2: ioc0: LSI53C1030 A0, FwRev=00000000h, Ports=1, MaxQ=256, IRQ=20
[    8.409395] scsi 2:0:0:0: Direct-Access     VBOX     HARDDISK         1.0  PQ: 0 ANSI: 5
[    8.858129] scsi target2:0:0: Beginning Domain Validation
[    8.868554] scsi target2:0:0: Domain Validation skipping write tests
[    8.876996] scsi target2:0:0: Ending Domain Validation
[    8.884282] scsi target2:0:0: asynchronous
[    8.892688] scsi 2:0:1:0: Direct-Access     VBOX     HARDDISK         1.0  PQ: 0 ANSI: 5
[    9.800489] scsi target2:0:1: Beginning Domain Validation
[    9.818565] scsi target2:0:1: Domain Validation skipping write tests
[    9.827281] scsi target2:0:1: Ending Domain Validation
[    9.834273] scsi target2:0:1: asynchronous
[    9.859492] sd 2:0:0:0: Attached scsi generic sg0 type 0
[    9.859500] sd 2:0:0:0: [sda] 83886080 512-byte logical blocks: (42.9 GB/40.0 GiB)
[    9.880625] sd 2:0:1:0: Attached scsi generic sg1 type 0
[    9.881182] sd 2:0:0:0: [sda] Write Protect is off
[    9.898159] sd 2:0:1:0: [sdb] 20480 512-byte logical blocks: (10.5 MB/10.0 MiB)
[    9.898264] sd 2:0:0:0: [sda] Incomplete mode parameter data
[    9.917237] sd 2:0:0:0: [sda] Assuming drive cache: write through
[    9.926222] sd 2:0:1:0: [sdb] Write Protect is off
[    9.935083] sd 2:0:1:0: [sdb] Incomplete mode parameter data
[    9.941295]  sda: sda1
[    9.943496] sd 2:0:1:0: [sdb] Assuming drive cache: write through
[    9.960684] sd 2:0:0:0: [sda] Attached SCSI disk
[    9.976567] sd 2:0:1:0: [sdb] Attached SCSI disk
Begin: Loading essential drivers ... [   13.001689] raid6: sse2x1   gen() 207592 MB/s
[   15.000857] raid6: sse2x1   xor() 160759 MB/s
[   17.002173] raid6: sse2x2   gen() 361376 MB/s
[   17.064793] raid6: sse2x2   xor()  8884 MB/s
[   17.129357] raid6: sse2x4   gen() 16735 MB/s
[   17.182836] raid6: sse2x4   xor()  8672 MB/s
[   17.193560] raid6: using algorithm sse2x2 gen() 361376 MB/s
[   17.200989] raid6: .... xor() 8884 MB/s, rmw enabled
[   17.207884] raid6: using ssse3x2 recovery algorithm
[   17.217448] xor: measuring software checksum speed
[   17.276232]    prefetch64-sse: 30448.000 MB/sec
[   17.328716]    generic_sse: 17893.000 MB/sec
[   17.334765] xor: using function: prefetch64-sse (30448.000 MB/sec)
[   17.347873] async_tx: api initialized (async)
done.
Begin: Running /scripts/init-premount ... done.
Begin: Mounting root file system ... Begin: Running /scripts/local-top ... done.
Begin: Running /scripts/local-premount ... [   17.451452] Btrfs loaded, crc32c=crc32c-intel
Scanning for Btrfs filesystems
done.
Warning: fsck not present, so skipping root file system
[   17.537751] EXT4-fs (sda1): mounted filesystem with ordered data mode. Opts: (null)
done.
Begin: Running /scripts/local-bottom ... done.
Begin: Running /scripts/init-bottom ... done.
[   17.836544] ip_tables: (C) 2000-2006 Netfilter Core Team
[   17.862418] systemd[1]: systemd 237 running in system mode. (+PAM +AUDIT +SELINUX +IMA +APPARMOR +SMACK +SYSVINIT +UTMP +LIBCRYPTSETUP +GCRYPT +GNUTLS +ACL +XZ +LZ4 +SECCOMP +BLKID +ELFUTILS +KMOD -IDN2 +IDN -PCRE2 default-hierarchy=hybrid)
[   17.892206] systemd[1]: Detected virtualization oracle.
[   17.900182] systemd[1]: Detected architecture x86-64.

Welcome to [1mUbuntu 18.04.6 LTS[0m!

[   17.949437] systemd[1]: Set hostname to <ubuntu>.
[   17.963408] random: systemd: uninitialized urandom read (16 bytes read)
[   17.972237] systemd[1]: Initializing machine ID from random generator.
[   17.980864] systemd[1]: Installed transient /etc/machine-id file.
[   18.491994] random: systemd: uninitialized urandom read (16 bytes read)
[   18.500855] systemd[1]: Reached target System Time Synchronized.
[[0;32m  OK  [0m] Reached target System Time Synchronized.
[   18.515628] random: systemd: uninitialized urandom read (16 bytes read)
[   18.524392] systemd[1]: Reached target User and Group Name Lookups.
[[0;32m  OK  [0m] Reached target User and Group Name Lookups.
[   18.540353] systemd[1]: Reached target Mounting snaps.
[[0;32m  OK  [0m] Reached target Mounting snaps.
[   18.553378] systemd[1]: Set up automount Arbitrary Executable File Formats File System Automount Point.
[[0;32m  OK  [0m] Set up automount Arbitrary Executabâ€¦rmats File System Automount Point.
[[0;32m  OK  [0m] Created slice System Slice.
[[0;32m  OK  [0m] Listening on Syslog Socket.
[[0;32m  OK  [0m] Created slice system-serial\x2dgetty.slice.
[[0;32m  OK  [0m] Listening on udev Kernel Socket.
[[0;32m  OK  [0m] Listening on udev Control Socket.
[[0;32m  OK  [0m] Listening on Journal Socket (/dev/log).
[[0;32m  OK  [0m] Listening on fsck to fsckd communication Socket.
[[0;32m  OK  [0m] Listening on LVM2 metadata daemon socket.
[[0;32m  OK  [0m] Listening on Journal Socket.
         Starting Load Kernel Modules...
         Mounting Huge Pages File System...
         Mounting POSIX Message Queue File System...
[[0;32m  OK  [0m] Listening on LVM2 poll daemon socket.
[   18.674658] Loading iSCSI transport class v2.0-870.
         Starting Set the console keyboard layout...
[[0;32m  OK  [0m] Reached target Swap.
[[0;32m  OK  [0m] Started Forward Password Requests to Wall Directory Watch.
[[0;32m  OK  [0m] Reached target Mounted snaps.
[[0;32m  OK  [0m] Listening on /dev/initctl Compatibility Named Pipe.
         Starting Create list of required stâ€¦ce nodes for the current kernel...[   18.734511] iscsi: registered transport (tcp)

         Starting File System Check on Root Device...
[[0;32m  OK  [0m] Created slice User and Session Slice.
[[0;32m  OK  [0m] Reached target Slices.
         Starting Uncomplicated firewall...
         Mounting Kernel Debug File System...
         Starting udev Coldplug all Devices...
[[0;32m  OK  [0m] Listening on Network Service Netlink Socket.
[[0;32m  OK  [0m] Listening on Device-mapper event daemon FIFOs.
         Starting Monitoring of LVM2 mirrorsâ€¦ng dmeventd or progress polling...
[[0;32m  OK  [0m] Listening on Journal Audit Socket.
         Starting Journal Service...
[[0;32m  OK  [0m] Mounted Huge Pages File System.
[[0;32m  OK  [0m] Mounted POSIX Message Queue File System.
[[0;32m  OK  [0m] Started Create list of required staâ€¦vice nodes for the current kernel.
[[0;32m  OK  [0m] Started Uncomplicated firewall.
[[0;32m  OK  [0m] Started File System Check on Root Device.
[[0;32m  OK  [0m] Mounted Kernel Debug File System.
[[0;32m  OK  [0m] Started File System Check Daemon to report status.
         Starting Remount Root and Kernel File Systems...
         Starting Create Static Device Nodes in /dev...
[[0;32m  OK  [0m] Started LVM2 metadata daemon.
[[0;32m  OK  [0m] Started udev Coldplug all Devices.
[   18.986720] random: systemd-journal: uninitialized urandom read (16 bytes read)
[[   18.999080] random: systemd-journal: uninitialized urandom read (16 bytes read)
[0;32m  OK  [0m] Started Journal Service.
[   19.011589] random: systemd-journal: uninitialized urandom read (16 bytes read)
[   19.054896] EXT4-fs (sda1): re-mounted. Opts: (null)
[[0;32m  OK  [0m] Started Remount Root and Kernel File Systems.
         Starting Flush Journal to Persistent Storage...
         Starting Load/Save Random Seed...
[[0;32m  OK  [0m] Started Monitoring of LVM2 mirrors,â€¦sing dmeventd or progress polling.
[   19.125944] systemd-journald[390]: Received request to flush runtime journal from PID 1
[[0;32m  OK  [0m] Started Create Static Device Nodes in /dev.
         Starting udev Kernel Device Manager...
[[0;32m  OK  [0m] Started Load/Save Random Seed.
[   19.185379] iscsi: registered transport (iser)
[[0;32m  OK  [0m] Started Load Kernel Modules.
         Mounting Kernel Configuration File System...
         Mounting FUSE Control File System...
         Starting Apply Kernel Variables...
[[0;32m  OK  [0m] Mounted Kernel Configuration File System.
[[0;32m  OK  [0m] Mounted FUSE Control File System.
[[0;32m  OK  [0m] Started udev Kernel Device Manager.
[[0;32m  OK  [0m] Started Flush Journal to Persistent Storage.
[[0;32m  OK  [0m] Started Apply Kernel Variables.
[[0;32m  OK  [0m] Found device /dev/ttyS0.
[[0;32m  OK  [0m] Listening on Load/Save RF Kill Switch Status /dev/rfkill Watch.
[[0;32m  OK  [0m] Started Set the console keyboard layout.
[[0;32m  OK  [0m] Started Dispatch Password Requests to Console Directory Watch.
[[0;32m  OK  [0m] Reached target Local Encrypted Volumes.
[[0;32m  OK  [0m] Reached target Local File Systems (Pre).
[[0;32m  OK  [0m] Reached target Local File Systems.
         Starting Commit a transient machine-id on disk...
         Starting ebtables ruleset management...
         Starting Create Volatile Files and Directories...
         Starting Set console font and keymap...
         Starting Tell Plymouth To Write Out Runtime Data...
         Starting AppArmor initialization...
         Mounting Arbitrary Executable File Formats File System...
[[0;32m  OK  [0m] Started Tell Plymouth To Write Out Runtime Data.
[[0;32m  OK  [0m] Started Create Volatile Files and Directories.
         Starting Update UTMP about System Boot/Shutdown...
[[0;32m  OK  [0m] Mounted Arbitrary Executable File Formats File System.
[[0;32m  OK  [0m] Started Update UTMP about System Boot/Shutdown.
[[0;32m  OK  [0m] Started Commit a transient machine-id on disk.
[[0;32m  OK  [0m] Started ebtables ruleset management.
[[0;32m  OK  [0m] Started AppArmor initialization.
         Starting Initial cloud-init job (pre-networking)...
         Starting Load AppArmor profiles managed internally by snapd...
[[0;32m  OK  [0m] Started Load AppArmor profiles managed internally by snapd.
[[0;32m  OK  [0m] Started Set console font and keymap.
[   23.972049] cloud-init[723]: Cloud-init v. 22.4.2-0ubuntu0~18.04.1 running 'init-local' at Sun, 12 Feb 2023 10:52:37 +0000. Up 23.49 seconds.
[[0;32m  OK  [0m] Started Initial cloud-init job (pre-networking).
[[0;32m  OK  [0m] Reached target Network (Pre).
         Starting Network Service...
[[0;32m  OK  [0m] Started Network Service.
         Starting Network Name Resolution...
         Starting Wait for Network to be Configured...
[[0;32m  OK  [0m] Started Network Name Resolution.
[[0;32m  OK  [0m] Reached target Network.
[[0;32m  OK  [0m] Reached target Host and Network Name Lookups.
[[0;32m  OK  [0m] Started Wait for Network to be Configured.
         Starting Initial cloud-init job (metadata service crawler)...
[   26.139659] cloud-init[893]: Cloud-init v. 22.4.2-0ubuntu0~18.04.1 running 'init' at Sun, 12 Feb 2023 10:52:39 +0000. Up 25.99 seconds.
[   26.148368] cloud-init[893]: ci-info: ++++++++++++++++++++++++++++++++++++++Net device info+++++++++++++++++++++++++++++++++++++++
[   26.155154] cloud-init[893]: ci-info: +--------+-------+----------------------------+---------------+--------+-------------------+
[   26.162290] cloud-init[893]: ci-info: | Device |   Up  |          Address           |      Mask     | Scope  |     Hw-Address    |
[   26.168991] cloud-init[893]: ci-info: +--------+-------+----------------------------+---------------+--------+-------------------+
[   26.175715] cloud-init[893]: ci-info: | enp0s3 |  True |         10.0.2.15          | 255.255.255.0 | global | 02:47:43:72:71:6b |
[   26.182274] cloud-init[893]: ci-info: | enp0s3 |  True | fe80::47:43ff:fe72:716b/64 |       .       |  link  | 02:47:43:72:71:6b |
[   26.188756] cloud-init[893]: ci-info: | enp0s8 | False |             .              |       .       |   .    | 08:00:27:ff:9b:bb |
[   26.195097] cloud-init[893]: ci-info: |   lo   |  True |         127.0.0.1          |   255.0.0.0   |  host  |         .         |
[   26.201309] cloud-init[893]: ci-info: |   lo   |  True |          ::1/128           |       .       |  host  |         .         |
[   26.207860] cloud-init[893]: ci-info: +--------+-------+----------------------------+---------------+--------+-------------------+
[   26.214187] cloud-init[893]: ci-info: ++++++++++++++++++++++++++++Route IPv4 info+++++++++++++++++++++++++++++
[   26.219909] cloud-init[893]: ci-info: +-------+-------------+----------+-----------------+-----------+-------+
[   26.225741] cloud-init[893]: ci-info: | Route | Destination | Gateway  |     Genmask     | Interface | Flags |
[   26.231115] cloud-init[893]: ci-info: +-------+-------------+----------+-----------------+-----------+-------+
[   26.236540] cloud-init[893]: ci-info: |   0   |   0.0.0.0   | 10.0.2.2 |     0.0.0.0     |   enp0s3  |   UG  |
[   26.241794] cloud-init[893]: ci-info: |   1   |   10.0.2.0  | 0.0.0.0  |  255.255.255.0  |   enp0s3  |   U   |
[   26.247663] cloud-init[893]: ci-info: |   2   |   10.0.2.2  | 0.0.0.0  | 255.255.255.255 |   enp0s3  |   UH  |
[   26.253277] cloud-init[893]: ci-info: +-------+-------------+----------+-----------------+-----------+-------+
[   26.258667] cloud-init[893]: ci-info: +++++++++++++++++++Route IPv6 info+++++++++++++++++++
[   26.263228] cloud-init[893]: ci-info: +-------+-------------+---------+-----------+-------+
[   26.267989] cloud-init[893]: ci-info: | Route | Destination | Gateway | Interface | Flags |
[   26.272603] cloud-init[893]: ci-info: +-------+-------------+---------+-----------+-------+
[   26.277035] cloud-init[893]: ci-info: |   1   |  fe80::/64  |    ::   |   enp0s3  |   U   |
[   26.281270] cloud-init[893]: ci-info: |   3   |    local    |    ::   |   enp0s3  |   U   |
[   26.285990] cloud-init[893]: ci-info: |   4   |   ff00::/8  |    ::   |   enp0s3  |   U   |
[   26.290422] cloud-init[893]: ci-info: +-------+-------------+---------+-----------+-------+
[   27.441603] cloud-init[893]: Generating public/private rsa key pair.
[   27.446346] cloud-init[893]: Your identification has been saved in /etc/ssh/ssh_host_rsa_key.
[   27.451232] cloud-init[893]: Your public key has been saved in /etc/ssh/ssh_host_rsa_key.pub.
[   27.456092] cloud-init[893]: The key fingerprint is:
[   27.459102] cloud-init[893]: SHA256:LQ9jRna29YHNO2vGgBUN5r/+pudH1k+ikZsGiguRPQg root@ubuntu-bionic
[   27.464111] cloud-init[893]: The key's randomart image is:
[   27.471622] cloud-init[893]: +---[RSA 2048]----+
[   27.478818] cloud-init[893]: |            +o   |
[   27.485958] cloud-init[893]: |           o =.  |
[   27.493022] cloud-init[893]: |  E     o o = +  |
[   27.500164] cloud-init[893]: |   . + o + = o o |
[   27.507396] cloud-init[893]: |    + o S + ..= .|[[0;32m  OK  [0m] Started Initial cloud-init job (metadata service crawler).
[[0;32m  OK  [0m] Reached target Network is Online.

[[0;32m  OK  [0m] Reached target Remote File Systems (Pre).
[[0;32m  OK  [0m] Reached target Remote File Systems.
         Starting Availability of block devices...
[[0;32m  OK  [0m] Reached target System Initialization.
[[0;32m  OK  [0m] Listening on cloud-init hotplug hook socket.
[[0;32m  OK  [0m] Started Discard unused blocks once a week.
[[0;32m  OK  [0m] Started ACPI Events Check.
[[0;32m  OK  [0m] Listening on UUID daemon activation socket.
[[0;32m  OK  [0m] Listening on Open-iSCSI iscsid Socket.
[[0;32m  OK  [0m] Started Ubuntu Advantage Timer for running repeated jobs.
[[0;32m  OK  [0m] Listening on ACPID Listen Socket.
         Starting Socket activation for snappy daemon.
[[0;32m  OK  [0m] Started Daily Cleanup of Temporary Directories.
[[0;32m  OK  [0m] Listening on D-Bus System Message Bus Socket.
[[0;32m  OK  [0m] Started Daily apt download activities.
[[0;32m  OK  [0m] Started Daily apt upgrade and clean activities.
[   27.540638] cloud-init[893]: |     . + =. oo.+=|
[   27.584761] cloud-init[893]: |    .  . ... =*=.|
[   27.587621] cloud-init[893]: |     .. .   =+  =|
         Starting LXD - unix socket.
[[0;32m  OK  [0m] Started Message of the Day.
[   27.607321] cloud-init[893]: |      ..   .  o*+|
[   27.613141] cloud-init[893]: +----[SHA256]-----+
[   27.613192] cloud-init[893]: Generating public/private dsa key pair.
[   27.613965] cloud-init[893]: Your identification has been saved in /etc/ssh/ssh_host_dsa_key.
[   27.614642] cloud-init[893]: Your public key has been saved in /etc/ssh/ssh_host_dsa_key.pub.
[   27.615309] cloud-init[893]: The key fingerprint is:
[[0;32m  OK  [0m] Reached target Timers.
[[0;32m  OK  [0m] Reached target Paths.
[[0;32m  OK  [0m] Reached target Cloud-config availability.
[[0;32m  OK  [0m] Started Availability of block devices.
[[0;32m  OK  [0m] Listening on Socket activation for snappy daemon.
[[0;32m  OK  [0m] Listening on LXD - unix socket.
[[0;32m  OK  [0m] Reached target Sockets.
[[0;32m  OK  [0m] Reached target Basic System.
[   27.615985] cloud-init[893]: SHA256:kCkuE3scr1MZE3lTIxTEV6jkZ2E/FPNxbPu3upP7C8M root@ubuntu-bionic
         Starting Dispatcher daemon for systemd-networkd...
         Starting Permit User Sessions...
[[0;32m  OK  [0m] Started irqbalance daemon.
         Starting Accounts Service...
         Starting Virtualbox guest utils...
[[0;32m  OK  [0m] Reached target Login Prompts (Pre).
[   27.663343] cloud-init[893]: The key's randomart image is:
         Starting Pollinate to seed the pseudo random number generator...
         Starting Login Service...
[[0;32m  OK  [0m] Started FUSE filesystem for LXC.
[[0;32m  OK  [0m] Started D-Bus System Message Bus.
[   27.697040] cloud-init[893]: +---[DSA 1024]----+
[   27.727364] cloud-init[893]: |      .==ooo+....|
[   27.730460] cloud-init[893]: |      .+=.=..o oo|
[   27.733591] cloud-init[893]: |  . o *+ = +  ...|
[   27.736617] cloud-init[893]: |   = + =o o o  . |
[   27.739758] cloud-init[893]: |  + + + So   .  .|
[   27.743031] cloud-init[893]: |   + o      .   o|
[   27.746223] cloud-init[893]: |    o        E. o|
[   27.749260] cloud-init[893]: |     .       oo. |
[   27.752037] cloud-init[893]: |             +*o.|
[   27.755228] cloud-init[893]: +----[SHA256]-----+
[   27.758038] cloud-init[893]: Generating public/private ecdsa key pair.
[   27.762068] cloud-init[893]: Your identification has been saved in /etc/ssh/ssh_host_ecdsa_key.
[   27.766915] cloud-init[893]: Your public key has been saved in /etc/ssh/ssh_host_ecdsa_key.pub.
[   27.772851] cloud-init[893]: The key fingerprint is:
[   27.788607] cloud-init[893]: SHA256:o7ZxwasaApmt1FQ4NZ7u/g/EEYaPQpA0ox35Bw0OIYQ root@ubuntu-bionic
[   27.815055] cloud-init[893]: The key's randomart image is:
[   27.834189] cloud-init[893]: +---[ECDSA 256]---+
         Starting LXD - container startup/shutdown...
[[0;32m  OK  [0m] Started Deferred execution scheduler.
[   27.861333] cloud-init[893]: |=**o+*.o         |
[   27.873363] cloud-init[893]: |E++B+.= .        |
[   27.876832] cloud-init[893]: |. ooo+o.         |
[   27.879973] cloud-init[893]: | +o.o.oo.        |
[   27.883249] cloud-init[893]: |+....o oS        |
[   27.886567] cloud-init[893]: |.o  . .. +       |
[   27.889695] cloud-init[893]: |. . ..+.o        |
[   27.892770] cloud-init[893]: |   ..o =.        |
[   27.898903] cloud-init[893]: |    .o+...       |
[   27.902159] cloud-init[893]: +----[SHA256]-----+
[   27.905028] cloud-init[893]: Generating public/private ed25519 key pair.
[   27.916873] cloud-init[893]: Your identification has been saved in /etc/ssh/ssh_host_ed25519_key.
[   27.922576] cloud-init[893]: Your public key has been saved in /etc/ssh/ssh_host_ed25519_key.pub.
[   27.929941] cloud-init[893]: The key fingerprint is:
[   27.944074] cloud-init[893]: SHA256:ZlPncZSrk3wqVPdLLhD8fh/4fErU20C4jKRw8gBGiQc root@ubuntu-bionic
[   27.954440] cloud-init[893]: The key's randomart image is:
[   27.966102] cloud-init[893]: +--[ED25519 256]--+
[   27.975137] cloud-init[893]: |  E++.        .. |
[   27.987302] cloud-init[893]: [[0;32m  OK  [0m] Started Regular background program processing daemon.
         Starting LSB: automatic crash report generation...
         Starting System Logging Service...
         Starting LSB: Record successful boot for GRUB...
|  ..o.       o.  |
[   28.022172] cloud-init[893]: |   .  + . + + o. |         Starting Snap Daemon...
[[0;32m  OK  [0m] Started Permit User Sessions.

[   28.047487] cloud-init[893]: |       * + B.=o. |[[0;32m  OK  [0m] Started Login Service.
[[0;32m  OK  [0m] Started Unattended Upgrades Shutdown.
         Starting Terminate Plymouth Boot Screen...
         Starting Hold until boot process finishes up...

[[0;32m  OK  [0m] Started Hold until boot process finishes up.
         Starting Set console scheme...
[[0;32m  OK  [0m] Started Serial Getty on ttyS0.
[[0;32m  OK  [0m] Started Terminate Plymouth Boot Screen.
[   28.092722] cloud-init[893]: |        S .o*+o..|
[   28.099759] cloud-init[893]: |       o ...=ooo+|
[   28.111918] cloud-init[893]: |         .  o=+oo|
[   28.119980] cloud-init[893]: |          . .+o+o|
[   28.133954] cloud-init[893]: |           .  +++|
[   28.141751] cloud-init[893]: +----[SHA256]-----+
[[0;32m  OK  [0m] Started System Logging Service.
[[0;32m  OK  [0m] Started Set console scheme.
[[0;32m  OK  [0m] Created slice system-getty.slice.
[[0;32m  OK  [0m] Started Getty on tty1.
[[0;32m  OK  [0m] Reached target Login Prompts.
[[0;32m  OK  [0m] Started LSB: automatic crash report generation.
[[0;32m  OK  [0m] Started LSB: Record successful boot for GRUB.
         Starting Authorization Manager...
[[0;32m  OK  [0m] Started Authorization Manager.
[[0;32m  OK  [0m] Started Accounts Service.
[[0;32m  OK  [0m] Started LXD - container startup/shutdown.
[[0;32m  OK  [0m] Started Virtualbox guest utils.
[[0;32m  OK  [0m] Started Dispatcher daemon for systemd-networkd.
[[0;32m  OK  [0m] Started Pollinate to seed the pseudo random number generator.
         Starting OpenBSD Secure Shell server...
[[0;32m  OK  [0m] Started OpenBSD Secure Shell server.
[[0;32m  OK  [0m] Started Snap Daemon.
         Starting Wait until snapd is fully seeded...
[[0;32m  OK  [0m] Created slice User Slice of vagrant.
         Starting User Manager for UID 1000...
[[0;32m  OK  [0m] Started Session 1 of user vagrant.
[[0;32m  OK  [0m] Started User Manager for UID 1000.
         Starting Time & Date Service...
[[0;32m  OK  [0m] Started Time & Date Service.
[[0;32m  OK  [0m] Started Wait until snapd is fully seeded.
         Starting Apply the settings specified in cloud-config...

Ubuntu 18.04.6 LTS ubuntu-bionic ttyS0

ubuntu-bionic login: [   34.487021] cloud-init[1439]: Cloud-init v. 22.4.2-0ubuntu0~18.04.1 running 'modules:config' at Sun, 12 Feb 2023 10:52:46 +0000. Up 32.74 seconds.
ci-info: no authorized SSH keys fingerprints found for user ubuntu.
<14>Feb 12 10:52:48 cloud-init: #############################################################
<14>Feb 12 10:52:48 cloud-init: -----BEGIN SSH HOST KEY FINGERPRINTS-----
<14>Feb 12 10:52:48 cloud-init: 1024 SHA256:kCkuE3scr1MZE3lTIxTEV6jkZ2E/FPNxbPu3upP7C8M root@ubuntu-bionic (DSA)
<14>Feb 12 10:52:48 cloud-init: 256 SHA256:o7ZxwasaApmt1FQ4NZ7u/g/EEYaPQpA0ox35Bw0OIYQ root@ubuntu-bionic (ECDSA)
<14>Feb 12 10:52:48 cloud-init: 256 SHA256:ZlPncZSrk3wqVPdLLhD8fh/4fErU20C4jKRw8gBGiQc root@ubuntu-bionic (ED25519)
<14>Feb 12 10:52:48 cloud-init: 2048 SHA256:LQ9jRna29YHNO2vGgBUN5r/+pudH1k+ikZsGiguRPQg root@ubuntu-bionic (RSA)
<14>Feb 12 10:52:49 cloud-init: -----END SSH HOST KEY FINGERPRINTS-----
<14>Feb 12 10:52:49 cloud-init: #############################################################
-----BEGIN SSH HOST KEY KEYS-----
ecdsa-sha2-nistp256 AAAAE2VjZHNhLXNoYTItbmlzdHAyNTYAAAAIbmlzdHAyNTYAAABBBKMlA2lIjGyvKidvthWZ0+Eq3toFvd+T3zaPQbRoSZhSU2qBDuCplPwSaV1l+WROf9S1r/K2JAHaO9sio6WCIqg= root@ubuntu-bionic
ssh-ed25519 AAAAC3NzaC1lZDI1NTE5AAAAIG7K6uK9W4Oj+ZKMzMUy/h1URjavYRbN3hLrglKYrPn5 root@ubuntu-bionic
ssh-rsa AAAAB3NzaC1yc2EAAAADAQABAAABAQC7xhdMtUUgmz/2NSLug1xUzpFnX8PS4ancqOLAy+33ONFrFVuGhbLQ4KP3dHwJV6JUJWRG4i7yP3v/R2BkNN2NQfiLY9smybdZVcuiVD405yf5HYEW1gNKudPMHeWQuNIm6dfE8x6j3ncJX0f94Vc08iGrikzDpdhMxsCuP2QzjcmEaULld1oDVpKppXZoS+p2QOB92euKAdK5l41izXjH/TJJcKrsasniE+omO/HNK0zyB1JeSxMAEs0NoS0640X4Vm9yFa6O7gAtYt2IdHKvtBLaPwXB+JRuCbMzOIqVmJXFzDSWuehX0E9+iF81/BDfHaUSwe4l1QacEUo27ooV root@ubuntu-bionic
-----END SSH HOST KEY KEYS-----
[   35.418756] cloud-init[1564]: Cloud-init v. 22.4.2-0ubuntu0~18.04.1 running 'modules:final' at Sun, 12 Feb 2023 10:52:48 +0000. Up 35.14 seconds.
[   35.418975] cloud-init[1564]: Cloud-init v. 22.4.2-0ubuntu0~18.04.1 finished at Sun, 12 Feb 2023 10:52:49 +0000. Datasource DataSourceNoCloud [seed=/dev/sdb][dsmode=net].  Up 35.36 seconds
