[    0.000000] Initializing cgroup subsys cpuset
[    0.000000] Initializing cgroup subsys cpu
[    0.000000] Initializing cgroup subsys cpuacct
[    0.000000] Linux version 4.4.0-210-generic (buildd@lgw01-amd64-009) (gcc version 5.4.0 20160609 (Ubuntu 5.4.0-6ubuntu1~16.04.12) ) #242-Ubuntu SMP Fri Apr 16 09:57:56 UTC 2021 (Ubuntu 4.4.0-210.242-generic 4.4.262)
[    0.000000] Command line: BOOT_IMAGE=/boot/vmlinuz-4.4.0-210-generic root=LABEL=cloudimg-rootfs ro console=tty1 console=ttyS0
[    0.000000] KERNEL supported cpus:
[    0.000000]   Intel GenuineIntel
[    0.000000]   AMD AuthenticAMD
[    0.000000]   Centaur CentaurHauls
[    0.000000] x86/fpu: Legacy x87 FPU detected.
[    0.000000] e820: BIOS-provided physical RAM map:
[    0.000000] BIOS-e820: [mem 0x0000000000000000-0x000000000009fbff] usable
[    0.000000] BIOS-e820: [mem 0x000000000009fc00-0x000000000009ffff] reserved
[    0.000000] BIOS-e820: [mem 0x00000000000f0000-0x00000000000fffff] reserved
[    0.000000] BIOS-e820: [mem 0x0000000000100000-0x000000003ffeffff] usable
[    0.000000] BIOS-e820: [mem 0x000000003fff0000-0x000000003fffffff] ACPI data
[    0.000000] BIOS-e820: [mem 0x00000000fec00000-0x00000000fec00fff] reserved
[    0.000000] BIOS-e820: [mem 0x00000000fee00000-0x00000000fee00fff] reserved
[    0.000000] BIOS-e820: [mem 0x00000000fffc0000-0x00000000ffffffff] reserved
[    0.000000] NX (Execute Disable) protection: active
[    0.000000] SMBIOS 2.5 present.
[    0.000000] Hypervisor detected: KVM
[    0.000000] Kernel/User page tables isolation: disabled
[    0.000000] e820: last_pfn = 0x3fff0 max_arch_pfn = 0x400000000
[    0.000000] MTRR: Disabled
[    0.000000] x86/PAT: MTRRs disabled, skipping PAT initialization too.
[    0.000000] CPU MTRRs all blank - virtualized system.
[    0.000000] x86/PAT: Configuration [0-7]: WB  WT  UC- UC  WB  WT  UC- UC  
[    0.000000] found SMP MP-table at [mem 0x0009fff0-0x0009ffff] mapped at [ffff88000009fff0]
[    0.000000] Scanning 1 areas for low memory corruption
[    0.000000] RAMDISK: [mem 0x362dc000-0x37165fff]
[    0.000000] ACPI: Early table checksum verification disabled
[    0.000000] ACPI: RSDP 0x00000000000E0000 000024 (v02 VBOX  )
[    0.000000] ACPI: XSDT 0x000000003FFF0030 00003C (v01 VBOX   VBOXXSDT 00000001 ASL  00000061)
[    0.000000] ACPI: FACP 0x000000003FFF00F0 0000F4 (v04 VBOX   VBOXFACP 00000001 ASL  00000061)
[    0.000000] ACPI: DSDT 0x000000003FFF0470 002325 (v02 VBOX   VBOXBIOS 00000002 INTL 20100528)
[    0.000000] ACPI: FACS 0x000000003FFF0200 000040
[    0.000000] ACPI: FACS 0x000000003FFF0200 000040
[    0.000000] ACPI: APIC 0x000000003FFF0240 00005C (v02 VBOX   VBOXAPIC 00000001 ASL  00000061)
[    0.000000] ACPI: SSDT 0x000000003FFF02A0 0001CC (v01 VBOX   VBOXCPUT 00000002 INTL 20100528)
[    0.000000] No NUMA configuration found
[    0.000000] Faking a node at [mem 0x0000000000000000-0x000000003ffeffff]
[    0.000000] NODE_DATA(0) allocated [mem 0x3ffeb000-0x3ffeffff]
[    0.000000] kvm-clock: Using msrs 4b564d01 and 4b564d00
[    0.000000] kvm-clock: cpu 0, msr 0:3ffe3001, primary cpu clock
[    0.000000] kvm-clock: using sched offset of 4093614994 cycles
[    0.000000] clocksource: kvm-clock: mask: 0xffffffffffffffff max_cycles: 0x1cd42e4dffb, max_idle_ns: 881590591483 ns
[    0.000000] Zone ranges:
[    0.000000]   DMA      [mem 0x0000000000001000-0x0000000000ffffff]
[    0.000000]   DMA32    [mem 0x0000000001000000-0x000000003ffeffff]
[    0.000000]   Normal   empty
[    0.000000]   Device   empty
[    0.000000] Movable zone start for each node
[    0.000000] Early memory node ranges
[    0.000000]   node   0: [mem 0x0000000000001000-0x000000000009efff]
[    0.000000]   node   0: [mem 0x0000000000100000-0x000000003ffeffff]
[    0.000000] Initmem setup node 0 [mem 0x0000000000001000-0x000000003ffeffff]
[    0.000000] ACPI: PM-Timer IO Port: 0x4008
[    0.000000] IOAPIC[0]: apic_id 2, version 32, address 0xfec00000, GSI 0-23
[    0.000000] ACPI: INT_SRC_OVR (bus 0 bus_irq 0 global_irq 2 dfl dfl)
[    0.000000] ACPI: INT_SRC_OVR (bus 0 bus_irq 9 global_irq 9 low level)
[    0.000000] Using ACPI (MADT) for SMP configuration information
[    0.000000] smpboot: Allowing 2 CPUs, 0 hotplug CPUs
[    0.000000] PM: Registered nosave memory: [mem 0x00000000-0x00000fff]
[    0.000000] PM: Registered nosave memory: [mem 0x0009f000-0x0009ffff]
[    0.000000] PM: Registered nosave memory: [mem 0x000a0000-0x000effff]
[    0.000000] PM: Registered nosave memory: [mem 0x000f0000-0x000fffff]
[    0.000000] e820: [mem 0x40000000-0xfebfffff] available for PCI devices
[    0.000000] Booting paravirtualized kernel on KVM
[    0.000000] clocksource: refined-jiffies: mask: 0xffffffff max_cycles: 0xffffffff, max_idle_ns: 7645519600211568 ns
[    0.000000] setup_percpu: NR_CPUS:512 nr_cpumask_bits:512 nr_cpu_ids:2 nr_node_ids:1
[    0.000000] PERCPU: Embedded 33 pages/cpu @ffff88003fc00000 s95192 r8192 d31784 u1048576
[    0.000000] Built 1 zonelists in Node order, mobility grouping on.  Total pages: 257912
[    0.000000] Policy zone: DMA32
[    0.000000] Kernel command line: BOOT_IMAGE=/boot/vmlinuz-4.4.0-210-generic root=LABEL=cloudimg-rootfs ro console=tty1 console=ttyS0
[    0.000000] PID hash table entries: 4096 (order: 3, 32768 bytes)
[    0.000000] Memory: 997792K/1048120K available (8644K kernel code, 1332K rwdata, 4044K rodata, 1492K init, 1164K bss, 50328K reserved, 0K cma-reserved)
[    0.000000] SLUB: HWalign=64, Order=0-3, MinObjects=0, CPUs=2, Nodes=1
[    0.000000] Hierarchical RCU implementation.
[    0.000000] 	Build-time adjustment of leaf fanout to 64.
[    0.000000] 	RCU restricting CPUs from NR_CPUS=512 to nr_cpu_ids=2.
[    0.000000] RCU: Adjusting geometry for rcu_fanout_leaf=64, nr_cpu_ids=2
[    0.000000] NR_IRQS:33024 nr_irqs:440 16
[    0.000000] Console: colour VGA+ 80x25
[    0.000000] console [tty1] enabled
[    0.000000] console [ttyS0] enabled
[    0.000000] tsc: Detected 2496.000 MHz processor
[    0.882418] Calibrating delay loop (skipped) preset value.. 4992.00 BogoMIPS (lpj=9984000)
[    0.894010] pid_max: default: 32768 minimum: 301
[    0.900921] ACPI: Core revision 20150930
[    0.907924] ACPI: 2 ACPI AML tables successfully acquired and loaded
[    0.921585] Security Framework initialized
[    0.930548] Yama: becoming mindful.
[    0.937596] AppArmor: AppArmor initialized
[    0.944529] Dentry cache hash table entries: 131072 (order: 8, 1048576 bytes)
[    0.965441] Inode-cache hash table entries: 65536 (order: 7, 524288 bytes)
[    0.978406] Mount-cache hash table entries: 2048 (order: 2, 16384 bytes)
[    0.981668] Mountpoint-cache hash table entries: 2048 (order: 2, 16384 bytes)
[    0.990747] Initializing cgroup subsys io
[    0.993689] Initializing cgroup subsys memory
[    0.996041] Initializing cgroup subsys devices
[    0.998411] Initializing cgroup subsys freezer
[    1.000784] Initializing cgroup subsys net_cls
[    1.003066] Initializing cgroup subsys perf_event
[    1.006310] Initializing cgroup subsys net_prio
[    1.012017] Initializing cgroup subsys hugetlb
[    1.015396] Initializing cgroup subsys pids
[    1.025368] mce: CPU supports 0 MCE banks
[    1.031964] Last level iTLB entries: 4KB 0, 2MB 0, 4MB 0
[    1.039422] Last level dTLB entries: 4KB 0, 2MB 0, 4MB 0, 1GB 0
[    1.048346] Spectre V1 : Mitigation: usercopy/swapgs barriers and __user pointer sanitization
[    1.062853] Spectre V2 : Mitigation: Enhanced IBRS
[    1.068298] Spectre V2 : Spectre v2 / SpectreRSB mitigation: Filling RSB on context switch
[    1.085124] Speculative Store Bypass: Vulnerable
[    1.158812] Freeing SMP alternatives memory: 36K
[    1.300039] ftrace: allocating 32380 entries in 127 pages
[    2.144998] smpboot: APIC(0) Converting physical 0 to logical package 0
[    2.156422] smpboot: Max logical packages: 1
[    2.184252] ..TIMER: vector=0x30 apic1=0 pin1=2 apic2=-1 pin2=-1
[    2.301975] APIC calibration not consistent with PM-Timer: 98ms instead of 100ms
[    2.312609] APIC delta adjusted to PM-Timer: 6245535 (6128164)
[    2.320975] smpboot: CPU0: 12th Gen Intel(R) Core(TM) i5-1235U (family: 0x6, model: 0x9a, stepping: 0x4)
[    2.334513] Performance Events: unsupported p6 CPU model 154 no PMU driver, software events only.
[    2.477260] KVM setup paravirtual spinlock
[    2.486971] x86: Booting SMP configuration:
[    2.493743] .... node  #0, CPUs:      #1
[    2.501161] kvm-clock: cpu 1, msr 0:3ffe3041, secondary cpu clock
[    2.508868] mce: CPU supports 0 MCE banks
[    2.514492] TSC synchronization [CPU#0 -> CPU#1]:
[    2.521533] Measured 130297 cycles TSC warp between CPUs, turning off TSC clock.
[    2.532048] tsc: Marking TSC unstable due to check_tsc_sync_source failed
[    0.649600] x86: Booted up 1 node, 2 CPUs
[    0.652007] smpboot: Total of 2 processors activated (9984.00 BogoMIPS)
[    0.664014] devtmpfs: initialized
[    0.669916] evm: security.selinux
[    0.672007] evm: security.SMACK64
[    0.676006] evm: security.SMACK64EXEC
[    0.680002] evm: security.SMACK64TRANSMUTE
[    0.684003] evm: security.SMACK64MMAP
[    0.688002] evm: security.ima
[    0.692005] evm: security.capability
[    0.696508] clocksource: jiffies: mask: 0xffffffff max_cycles: 0xffffffff, max_idle_ns: 7645041785100000 ns
[    0.700017] futex hash table entries: 512 (order: 3, 32768 bytes)
[    0.708192] pinctrl core: initialized pinctrl subsystem
[    0.712339] RTC time: 21:03:09, date: 02/09/23
[    0.717671] NET: Registered protocol family 16
[    0.732013] cpuidle: using governor ladder
[    0.748010] cpuidle: using governor menu
[    0.752000] PCCT header not found.
[    0.752281] ACPI: bus type PCI registered
[    0.756007] acpiphp: ACPI Hot Plug PCI Controller Driver version: 0.5
[    0.761019] PCI: Using configuration type 1 for base access
[    0.788791] ACPI: Added _OSI(Module Device)
[    0.792005] ACPI: Added _OSI(Processor Device)
[    0.796004] ACPI: Added _OSI(3.0 _SCP Extensions)
[    0.800000] ACPI: Added _OSI(Processor Aggregator Device)
[    0.800000] ACPI: Executed 1 blocks of module-level executable AML code
[    0.805529] ACPI: Interpreter enabled
[    0.808012] ACPI: (supports S0 S5)
[    0.812004] ACPI: Using IOAPIC for interrupt routing
[    0.816619] PCI: Using host bridge windows from ACPI; if necessary, use "pci=nocrs" and report a bug
[    0.833611] ACPI: PCI Root Bridge [PCI0] (domain 0000 [bus 00-ff])
[    0.836009] acpi PNP0A03:00: _OSC: OS supports [ASPM ClockPM Segments MSI]
[    0.844123] acpi PNP0A03:00: _OSC: not requesting OS control; OS requires [ExtendedConfig ASPM ClockPM MSI]
[    0.848012] acpi PNP0A03:00: fail to add MMCONFIG information, can't access extended PCI configuration space under this bridge.
[    0.856041] PCI host bridge to bus 0000:00
[    0.858489] pci_bus 0000:00: root bus resource [io  0x0000-0x0cf7 window]
[    0.860004] pci_bus 0000:00: root bus resource [io  0x0d00-0xffff window]
[    0.864005] pci_bus 0000:00: root bus resource [mem 0x000a0000-0x000bffff window]
[    0.868005] pci_bus 0000:00: root bus resource [mem 0x40000000-0xfdffffff window]
[    0.872004] pci_bus 0000:00: root bus resource [bus 00-ff]
[    0.887925] pci 0000:00:01.1: legacy IDE quirk: reg 0x10: [io  0x01f0-0x01f7]
[    0.888005] pci 0000:00:01.1: legacy IDE quirk: reg 0x14: [io  0x03f6]
[    0.892003] pci 0000:00:01.1: legacy IDE quirk: reg 0x18: [io  0x0170-0x0177]
[    0.896004] pci 0000:00:01.1: legacy IDE quirk: reg 0x1c: [io  0x0376]
[    0.920000] pci 0000:00:07.0: quirk: [io  0x4000-0x403f] claimed by PIIX4 ACPI
[    0.924060] pci 0000:00:07.0: quirk: [io  0x4100-0x410f] claimed by PIIX4 SMB
[    0.940000] ACPI: PCI Interrupt Link [LNKA] (IRQs 5 9 10 *11)
[    0.946040] ACPI: PCI Interrupt Link [LNKB] (IRQs 5 9 *10 11)
[    0.957664] ACPI: PCI Interrupt Link [LNKC] (IRQs 5 *9 10 11)
[    0.964000] ACPI: PCI Interrupt Link [LNKD] (IRQs 5 9 10 *11)
[    0.968000] ACPI: Enabled 2 GPEs in block 00 to 07
[    0.972058] vgaarb: setting as boot device: PCI:0000:00:02.0
[    0.976000] vgaarb: device added: PCI:0000:00:02.0,decodes=io+mem,owns=io+mem,locks=none
[    0.976005] vgaarb: loaded
[    0.980002] vgaarb: bridge control possible 0000:00:02.0
[    0.984247] SCSI subsystem initialized
[    0.988119] ACPI: bus type USB registered
[    0.992030] usbcore: registered new interface driver usbfs
[    0.996082] usbcore: registered new interface driver hub
[    1.000015] usbcore: registered new device driver usb
[    1.009127] PCI: Using ACPI for IRQ routing
[    1.016344] NetLabel: Initializing
[    1.020002] NetLabel:  domain hash size = 128
[    1.024003] NetLabel:  protocols = UNLABELED CIPSOv4
[    1.028022] NetLabel:  unlabeled traffic allowed by default
[    1.032423] amd_nb: Cannot enumerate AMD northbridges
[    1.036594] clocksource: Switched to clocksource kvm-clock
[    1.048188] AppArmor: AppArmor Filesystem Enabled
[    1.048188] pnp: PnP ACPI init
[    1.048188] pnp: PnP ACPI: found 3 devices
[    1.187689] clocksource: acpi_pm: mask: 0xffffff max_cycles: 0xffffff, max_idle_ns: 2085701024 ns
[    1.200026] NET: Registered protocol family 2
[    1.207963] TCP established hash table entries: 8192 (order: 4, 65536 bytes)
[    1.211039] TCP bind hash table entries: 8192 (order: 5, 131072 bytes)
[    1.227107] TCP: Hash tables configured (established 8192 bind 8192)
[    1.236573] UDP hash table entries: 512 (order: 2, 16384 bytes)
[    1.239694] UDP-Lite hash table entries: 512 (order: 2, 16384 bytes)
[    1.239694] NET: Registered protocol family 1
[    1.239694] pci 0000:00:00.0: Limiting direct PCI/PCI transfers
[    1.239694] pci 0000:00:01.0: Activating ISA DMA hang workarounds
[    1.239694] Unpacking initramfs...
[    1.743428] Freeing initrd memory: 14888K
[    1.749837] clocksource: tsc: mask: 0xffffffffffffffff max_cycles: 0x23fa772cf26, max_idle_ns: 440795269835 ns
[    1.763636] platform rtc_cmos: registered platform RTC device (no PNP device found)
[    1.774708] Scanning for low memory corruption every 60 seconds
[    1.785618] audit: initializing netlink subsys (disabled)
[    1.794247] audit: type=2000 audit(1675976594.471:1): initialized
[    1.802640] Initialise system trusted keyring
[    1.810305] HugeTLB registered 2 MB page size, pre-allocated 0 pages
[    1.822841] zbud: loaded
[    1.828038] VFS: Disk quotas dquot_6.6.0
[    1.833930] VFS: Dquot-cache hash table entries: 512 (order 0, 4096 bytes)
[    1.843990] squashfs: version 4.0 (2009/01/31) Phillip Lougher
[    1.854645] fuse init (API version 7.23)
[    1.861303] Key type big_key registered
[    1.866695] Allocating IMA MOK and blacklist keyrings.
[    1.893213] Key type asymmetric registered
[    1.902860] Asymmetric key parser 'x509' registered
[    1.909889] Block layer SCSI generic (bsg) driver version 0.4 loaded (major 249)
[    1.920848] io scheduler noop registered
[    1.926310] io scheduler deadline registered (default)
[    1.933925] io scheduler cfq registered
[    1.939431] pci_hotplug: PCI Hot Plug PCI Core version: 0.5
[    1.949655] pciehp: PCI Express Hot Plug Controller Driver version: 0.4
[    1.958820] ACPI: AC Adapter [AC] (on-line)
[    1.964723] input: Power Button as /devices/LNXSYSTM:00/LNXPWRBN:00/input/input0
[    1.975554] ACPI: Power Button [PWRF]
[    1.981422] input: Sleep Button as /devices/LNXSYSTM:00/LNXSLPBN:00/input/input1
[    1.991296] ACPI: Sleep Button [SLPF]
[    1.998339] GHES: HEST is not enabled!
[    2.004539] Serial: 8250/16550 driver, 32 ports, IRQ sharing enabled
[    2.043413] 00:02: ttyS0 at I/O 0x3f8 (irq = 4, base_baud = 115200) is a 16550A
[    2.084814] Linux agpgart interface v0.103
[    2.100283] loop: module loaded
[    2.104465] scsi host0: ata_piix
[    2.106795] scsi host1: ata_piix
[    2.108402] ata1: PATA max UDMA/33 cmd 0x1f0 ctl 0x3f6 bmdma 0xd000 irq 14
[    2.110755] ata2: PATA max UDMA/33 cmd 0x170 ctl 0x376 bmdma 0xd008 irq 15
[    2.114850] libphy: Fixed MDIO Bus: probed
[    2.117403] tun: Universal TUN/TAP device driver, 1.6
[    2.119748] tun: (C) 1999-2004 Max Krasnyansky <maxk@qualcomm.com>
[    2.130210] PPP generic driver version 2.4.2
[    2.139388] ehci_hcd: USB 2.0 'Enhanced' Host Controller (EHCI) Driver
[    2.149233] ehci-pci: EHCI PCI platform driver
[    2.156550] ehci-platform: EHCI generic platform driver
[    2.163604] ohci_hcd: USB 1.1 'Open' Host Controller (OHCI) Driver
[    2.171820] ohci-pci: OHCI PCI platform driver
[    2.178155] ohci-platform: OHCI generic platform driver
[    2.186349] uhci_hcd: USB Universal Host Controller Interface driver
[    2.196469] i8042: PNP: PS/2 Controller [PNP0303:PS2K,PNP0f03:PS2M] at 0x60,0x64 irq 1,12
[    2.214632] serio: i8042 KBD port at 0x60,0x64 irq 1
[    2.223126] serio: i8042 AUX port at 0x60,0x64 irq 12
[    2.234855] mousedev: PS/2 mouse device common for all mice
[    2.242431] input: AT Translated Set 2 keyboard as /devices/platform/i8042/serio0/input/input2
[    2.249436] rtc_cmos rtc_cmos: rtc core: registered rtc_cmos as rtc0
[    2.254877] rtc_cmos rtc_cmos: alarms up to one day, 114 bytes nvram
[    2.258888] i2c /dev entries driver
[    2.261041] device-mapper: uevent: version 1.0.3
[    2.263505] device-mapper: ioctl: 4.34.0-ioctl (2015-10-28) initialised: dm-devel@redhat.com
[    2.267932] ledtrig-cpu: registered to indicate activity on CPUs
[    2.272759] NET: Registered protocol family 10
[    2.276193] NET: Registered protocol family 17
[    2.278508] Key type dns_resolver registered
[    2.281151] registered taskstats version 1
[    2.283307] Loading compiled-in X.509 certificates
[    2.286347] Loaded X.509 cert 'Build time autogenerated kernel key: cf00e047681d67edb2720680708b7d9498083038'
[    2.291272] zswap: loaded using pool lzo/zbud
[    2.372857] Key type trusted registered
[    2.390417] Key type encrypted registered
[    2.397109] AppArmor: AppArmor sha1 policy hashing enabled
[    2.406080] ima: No TPM chip found, activating TPM-bypass!
[    2.414214] ima: Allocated hash algorithm: sha1
[    2.421689] evm: HMAC attrs: 0x1
[    2.429237]   Magic number: 11:392:95
[    2.437452] rtc_cmos rtc_cmos: setting system clock to 2023-02-09 21:03:11 UTC (1675976591)
[    2.451524] BIOS EDD facility v0.16 2004-Jun-25, 0 devices found
[    2.461135] EDD information not available.
[    2.472600] Freeing unused kernel memory: 1492K
[    2.496544] Write protecting the kernel read-only data: 14336k
[    2.507184] Freeing unused kernel memory: 1584K
[    2.514443] Freeing unused kernel memory: 52K
Loading, please wait...
starting version 229
[    2.552671] random: systemd-udevd: uninitialized urandom read (16 bytes read, 5 bits of entropy available)
[    2.553647] random: udevadm: uninitialized urandom read (16 bytes read, 5 bits of entropy available)
[    2.553668] random: udevadm: uninitialized urandom read (16 bytes read, 5 bits of entropy available)
[    2.565385] random: udevadm: uninitialized urandom read (16 bytes read, 5 bits of entropy available)
[    2.565422] random: udevadm: uninitialized urandom read (16 bytes read, 5 bits of entropy available)
[    2.565620] random: udevadm: uninitialized urandom read (16 bytes read, 5 bits of entropy available)
[    2.565663] random: udevadm: uninitialized urandom read (16 bytes read, 5 bits of entropy available)
[    2.565702] random: udevadm: uninitialized urandom read (16 bytes read, 5 bits of entropy available)
[    2.565809] random: udevadm: uninitialized urandom read (16 bytes read, 5 bits of entropy available)
[    2.565891] random: udevadm: uninitialized urandom read (16 bytes read, 5 bits of entropy available)
[    2.750996] Fusion MPT base driver 3.04.20
[    2.766201] Copyright (c) 1999-2008 LSI Corporation
[    2.779063] e1000: Intel(R) PRO/1000 Network Driver - version 7.3.21-k8-NAPI
[    2.790190] e1000: Copyright (c) 1999-2006 Intel Corporation.
[    2.823210] Fusion MPT SPI Host driver 3.04.20
[    3.697624] e1000 0000:00:03.0 eth0: (PCI:33MHz:32-bit) 02:be:82:6b:cc:1d
[    3.703672] e1000 0000:00:03.0 eth0: Intel(R) PRO/1000 Network Connection
[    3.715297] input: ImExPS/2 Generic Explorer Mouse as /devices/platform/i8042/serio1/input/input4
[    4.593218] e1000 0000:00:08.0 eth1: (PCI:33MHz:32-bit) 08:00:27:31:97:bf
[    4.593218] e1000 0000:00:08.0 eth1: Intel(R) PRO/1000 Network Connection
[    4.630959] e1000 0000:00:08.0 enp0s8: renamed from eth1
[    4.644195] mptbase: ioc0: Initiating bringup
[    4.662059] e1000 0000:00:03.0 enp0s3: renamed from eth0
[    4.741115] ioc0: LSI53C1030 A0: Capabilities={Initiator}
[    4.948567] scsi host2: ioc0: LSI53C1030 A0, FwRev=00000000h, Ports=1, MaxQ=256, IRQ=20
[    5.081960] scsi 2:0:0:0: Direct-Access     VBOX     HARDDISK         1.0  PQ: 0 ANSI: 5
[    5.096692] scsi target2:0:0: Beginning Domain Validation
[    5.117771] scsi target2:0:0: Domain Validation skipping write tests
[    5.123887] scsi target2:0:0: Ending Domain Validation
[    5.127027] scsi target2:0:0: asynchronous
[    5.131559] scsi 2:0:1:0: Direct-Access     VBOX     HARDDISK         1.0  PQ: 0 ANSI: 5
[    5.136329] scsi target2:0:1: Beginning Domain Validation
[    5.141832] scsi target2:0:1: Domain Validation skipping write tests
[    5.144981] scsi target2:0:1: Ending Domain Validation
[    5.152044] scsi target2:0:1: asynchronous
[    5.184660] sd 2:0:0:0: Attached scsi generic sg0 type 0
[    5.194501] sd 2:0:0:0: [sda] 83886080 512-byte logical blocks: (42.9 GB/40.0 GiB)
[    5.236016] sd 2:0:1:0: Attached scsi generic sg1 type 0
[    5.244240] sd 2:0:0:0: [sda] Write Protect is off
[    5.244316] sd 2:0:1:0: [sdb] 20480 512-byte logical blocks: (10.5 MB/10.0 MiB)
[    5.245160] sd 2:0:0:0: [sda] Incomplete mode parameter data
[    5.245161] sd 2:0:0:0: [sda] Assuming drive cache: write through
[    5.245572] sd 2:0:1:0: [sdb] Write Protect is off
[    5.246465] sd 2:0:1:0: [sdb] Incomplete mode parameter data
[    5.246466] sd 2:0:1:0: [sdb] Assuming drive cache: write through
[    5.278003]  sda: sda1
[    5.282789] sd 2:0:1:0: [sdb] Attached SCSI disk
[    5.283454] sd 2:0:0:0: [sda] Attached SCSI disk
Begin: Loading essential drivers ... [    7.091020] md: linear personality registered for level -1
[    7.127531] md: multipath personality registered for level -4
[    7.150262] md: raid0 personality registered for level 0
[    7.205357] md: raid1 personality registered for level 1
[    7.304132] raid6: sse2x1   gen()  9716 MB/s
[    7.376477] raid6: sse2x1   xor()  8255 MB/s
[    7.444565] raid6: sse2x2   gen() 16759 MB/s
[    7.516529] raid6: sse2x2   xor()  8749 MB/s
[    7.584832] raid6: sse2x4   gen() 16005 MB/s
[    7.660213] raid6: sse2x4   xor()  9282 MB/s
[    7.664158] raid6: using algorithm sse2x2 gen() 16759 MB/s
[    7.673753] raid6: .... xor() 8749 MB/s, rmw enabled
[    7.677689] raid6: using ssse3x2 recovery algorithm
[    7.692701] xor: measuring software checksum speed
[    7.748135]    prefetch64-sse: 53493.000 MB/sec
[    7.804072]    generic_sse: 55422.000 MB/sec
[    7.810447] xor: using function: generic_sse (55422.000 MB/sec)
[    7.821083] async_tx: api initialized (async)
[    7.892830] md: raid6 personality registered for level 6
[    7.900229] md: raid5 personality registered for level 5
[    7.908300] md: raid4 personality registered for level 4
[    7.945317] md: raid10 personality registered for level 10
done.
Begin: Running /scripts/init-premount ... done.
Begin: Mounting root file system ... Begin: Running /scripts/local-top ... done.
Begin: Running /scripts/local-premount ... [    8.071900] Btrfs loaded
Scanning for Btrfs filesystems
done.
Warning: fsck not present, so skipping root file system
[    8.148804] EXT4-fs (sda1): mounted filesystem with ordered data mode. Opts: (null)
done.
Begin: Running /scripts/local-bottom ... done.
Begin: Running /scripts/init-bottom ... done.
[    8.417981] systemd[1]: systemd 229 running in system mode. (+PAM +AUDIT +SELINUX +IMA +APPARMOR +SMACK +SYSVINIT +UTMP +LIBCRYPTSETUP +GCRYPT +GNUTLS +ACL +XZ -LZ4 +SECCOMP +BLKID +ELFUTILS +KMOD -IDN)
[    8.443569] systemd[1]: Detected virtualization oracle.
[    8.450140] systemd[1]: Detected architecture x86-64.

Welcome to [1mUbuntu 16.04.7 LTS[0m!

[    8.459869] systemd[1]: Set hostname to <ubuntu>.
[    8.466078] systemd[1]: Initializing machine ID from random generator.
[    8.469436] systemd[1]: Installed transient /etc/machine-id file.
[    8.693406] systemd[1]: Reached target User and Group Name Lookups.
[[0;32m  OK  [0m] Reached target User and Group Name Lookups.
[    8.713201] systemd[1]: Reached target System Time Synchronized.
[[0;32m  OK  [0m] Reached target System Time Synchronized.
[    8.730166] systemd[1]: Listening on udev Control Socket.
[[0;32m  OK  [0m] Listening on udev Control Socket.
[    8.747133] systemd[1]: Created slice User and Session Slice.
[[0;32m  OK  [0m] Created slice User and Session Slice.
[    8.766478] systemd[1]: Listening on Device-mapper event daemon FIFOs.
[[0;32m  OK  [0m] Listening on Device-mapper event daemon FIFOs.
[    8.786236] systemd[1]: Started Forward Password Requests to Wall Directory Watch.
[[0;32m  OK  [0m] Started Forward Password Requests to Wall Directory Watch.
[    8.806971] systemd[1]: Listening on Journal Socket (/dev/log).
[[0;32m  OK  [0m] Listening on Journal Socket (/dev/log).
[    8.815294] systemd[1]: Listening on /dev/initctl Compatibility Named Pipe.
[[0;32m  OK  [0m] Listening on /dev/initctl Compatibility Named Pipe.
[    8.823693] systemd[1]: Reached target Swap.
[[0;32m  OK  [0m] Reached target Swap.
[    8.827540] systemd[1]: Listening on Syslog Socket.
[[0;32m  OK  [0m] Listening on Syslog Socket.
[    8.832869] systemd[1]: Set up automount Arbitrary Executable File Formats File System Automount Point.
[[0;32m  OK  [0m] Set up automount Arbitrary Executab...ats File System Automount Point.
[    8.839618] systemd[1]: Listening on Journal Audit Socket.
[[0;32m  OK  [0m] Listening on Journal Audit Socket.
[    8.844012] systemd[1]: Listening on fsck to fsckd communication Socket.
[[0;32m  OK  [0m] Listening on fsck to fsckd communication Socket.
[    8.849371] systemd[1]: Listening on LVM2 poll daemon socket.
[[0;32m  OK  [0m] Listening on LVM2 poll daemon socket.
[    8.854987] systemd[1]: Listening on udev Kernel Socket.
[[0;32m  OK  [0m] Listening on udev Kernel Socket.
[    8.859687] systemd[1]: Created slice System Slice.
[[0;32m  OK  [0m] Created slice System Slice.
[    8.864901] systemd[1]: Reached target Slices.
[[0;32m  OK  [0m] Reached target Slices.
[    8.870199] systemd[1]: Created slice system-serial\x2dgetty.slice.
[[0;32m  OK  [0m] Created slice system-serial\x2dgetty.slice.
[    8.876321] systemd[1]: Listening on Journal Socket.
[[0;32m  OK  [0m] Listening on Journal Socket.
[    8.897770] systemd[1]: Mounting POSIX Message Queue File System...
         Mounting POSIX Message Queue File System...
[    8.924602] systemd[1]: Starting Create list of required static device nodes for the current kernel...
         Starting Create list of required st... nodes for the current kernel...
[    8.950976] systemd[1]: Starting Journal Service...
         Starting Journal Service...
[    8.970490] systemd[1]: Starting Nameserver information manager...
         Starting Nameserver information manager...
[    8.990079] systemd[1]: Mounting Debug File System...
         Mounting Debug File System...
[    9.006822] systemd[1]: Starting Uncomplicated firewall...
         Starting Uncomplicated firewall...
[    9.025062] systemd[1]: Starting File System Check on Root Device...
         Starting File System Check on Root Device...
[    9.047861] systemd[1]: Starting Load Kernel Modules...
         Starting Load Kernel Modules...
[    9.069987] systemd[1]: Mounting Huge Pages File System...
[    9.079677] Loading iSCSI transport class v2.0-870.
         Mounting Huge Pages File System...
[    9.096727] systemd[1]: Starting Set console keymap...
         Starting Set console keymap...
[    9.114708] systemd[1]: Started Trigger resolvconf update for networkd DNS.
[    9.115344] iscsi: registered transport (tcp)
[[0;32m  OK  [0m] Started Trigger resolvconf update for networkd DNS.
[    9.146755] systemd[1]: Listening on LVM2 metadata daemon socket.
[[0;32m  OK  [0m] Listening on LVM2 metadata daemon socket.
[    9.188318] systemd[1]: Starting Monitoring of LVM2 mirrors, snapshots etc. using dmeventd or progress polling...
         Starting Monitoring of LVM2 mirrors... dmeventd or progress polling...
[    9.232862] systemd[1]: Reached target Encrypted Volumes.
[[0;32m  OK  [0m] Reached target Encrypted Volumes.
[    9.287216] systemd[1]: Mounted Huge Pages File System.
[[0;32m  OK  [0m] Mounted Huge Pages File System.
[    9.308527] systemd[1]: Mounted POSIX Message Queue File System.
[[0;32m  OK  [0m] Mounted POSIX Message Queue File System.
[    9.330925] systemd[1]: Mounted Debug File System.
[[0;32m  OK  [0m] Mounted Debug File System.
[    9.350027] systemd[1]: Started Journal Service.
[[0;32m  OK  [0m] Started Journal Service.
[[0;32m  OK  [0m] Started Create list of required sta...ce nodes for the current kernel.
[    9.391849] iscsi: registered transport (iser)
[[0;32m  OK  [0m] Started Uncomplicated firewall.
[[0;32m  OK  [0m] Started File System Check on Root Device.
[[0;32m  OK  [0m] Started Load Kernel Modules.
[[0;32m  OK  [0m] Started Set console keymap.
[[0;32m  OK  [0m] Started Nameserver information manager.
[[0;32m  OK  [0m] Started File System Check Daemon to report status.
[[0;32m  OK  [0m] Started LVM2 metadata daemon.
[    9.508345] random: nonblocking pool is initialized
         Starting Apply Kernel Variables...
         Mounting FUSE Control File System...
         Starting Remount Root and Kernel File Systems...
         Starting Create Static Device Nodes in /dev...
[[0;32m  OK  [0m] Mounted FUSE Control File System.
[[0;32m  OK  [0m] Started Apply Kernel Variables.
[[0;32m  OK  [0m] Started Remount Root and Kernel File Systems.
[[0;32m  OK  [0m] Started Create Static Device Nodes in /dev.
         Starting udev Kernel Device Manager...
         Starting Flush Journal to Persistent Storage...
         Starting Load/Save Random Seed...
         Starting udev Coldplug all Devices...
[[0;32m  OK  [0m] Started Load/Save Random Seed.
[[0;32m  OK  [0m] Started Flush Journal to Persistent Storage.
[[0;32m  OK  [0m] Started udev Kernel Device Manager.
[[0;32m  OK  [0m] Started udev Coldplug all Devices.
[[0;32m  OK  [0m] Started Dispatch Password Requests to Console Directory Watch.
[[0;32m  OK  [0m] Started Monitoring of LVM2 mirrors,...ng dmeventd or progress polling.
[[0;32m  OK  [0m] Reached target Local File Systems (Pre).
[[0;32m  OK  [0m] Reached target Local File Systems.
         Starting Set console font and keymap...
         Starting Initial cloud-init job (pre-networking)...
         Starting Tell Plymouth To Write Out Runtime Data...
         Starting Commit a transient machine-id on disk...
         Starting Create Volatile Files and Directories...
         Starting LSB: AppArmor initialization...
[[0;32m  OK  [0m] Started Tell Plymouth To Write Out Runtime Data.
[[0;32m  OK  [0m] Started Commit a transient machine-id on disk.
[[0;32m  OK  [0m] Started Create Volatile Files and Directories.
[[0;32m  OK  [0m] Found device /dev/ttyS0.
[[0;32m  OK  [0m] Listening on Load/Save RF Kill Switch Status /dev/rfkill Watch.
         Starting Update UTMP about System Boot/Shutdown...
[[0;32m  OK  [0m] Started LSB: AppArmor initialization.
[   12.337976] cloud-init[473]: Cloud-init v. 21.1-19-gbad84ad4-0ubuntu1~16.04.2 running 'init-local' at Thu, 09 Feb 2023 21:03:20 +0000. Up 11.86 seconds.
[[0;32m  OK  [0m] Started Initial cloud-init job (pre-networking).
[[0;32m  OK  [0m] Reached target Network (Pre).
         Starting Load AppArmor profiles managed internally by snapd...
         Starting Raise network interfaces...
[[0;32m  OK  [0m] Started Update UTMP about System Boot/Shutdown.
[[0;32m  OK  [0m] Started Set console font and keymap.
[[0;32m  OK  [0m] Started Load AppArmor profiles managed internally by snapd.
[[0;32m  OK  [0m] Created slice system-getty.slice.
[[0;32m  OK  [0m] Started Raise network interfaces.
[[0;32m  OK  [0m] Reached target Network.
         Starting Initial cloud-init job (metadata service crawler)...
[   14.873324] cloud-init[934]: Cloud-init v. 21.1-19-gbad84ad4-0ubuntu1~16.04.2 running 'init' at Thu, 09 Feb 2023 21:03:23 +0000. Up 14.15 seconds.
[   14.882634] cloud-init[934]: ci-info: ++++++++++++++++++++++++++++++++++++++Net device info+++++++++++++++++++++++++++++++++++++++
[   14.891540] cloud-init[934]: ci-info: +--------+-------+----------------------------+---------------+--------+-------------------+
[   14.900125] cloud-init[934]: ci-info: | Device |   Up  |          Address           |      Mask     | Scope  |     Hw-Address    |
[   14.909067] cloud-init[934]: ci-info: +--------+-------+----------------------------+---------------+--------+-------------------+
[   14.918823] cloud-init[934]: ci-info: | enp0s3 |  True |         10.0.2.15          | 255.255.255.0 | global | 02:be:82:6b:cc:1d |
[   14.927406] cloud-init[934]: ci-info: | enp0s3 |  True | fe80::be:82ff:fe6b:cc1d/64 |       .       |  link  | 02:be:82:6b:cc:1d |
[   14.936739] cloud-init[934]: ci-info: | enp0s8 | False |             .              |       .       |   .    | 08:00:27:31:97:bf |
[   14.945255] cloud-init[934]: ci-info: |   lo   |  True |         127.0.0.1          |   255.0.0.0   |  host  |         .         |
[   14.953612] cloud-init[934]: ci-info: |   lo   |  True |          ::1/128           |       .       |  host  |         .         |
[   14.962440] cloud-init[934]: ci-info: +--------+-------+----------------------------+---------------+--------+-------------------+
[   14.972299] cloud-init[934]: ci-info: +++++++++++++++++++++++++++Route IPv4 info++++++++++++++++++++++++++++
[   14.980702] cloud-init[934]: ci-info: +-------+-------------+----------+---------------+-----------+-------+
[   14.988699] cloud-init[934]: ci-info: | Route | Destination | Gateway  |    Genmask    | Interface | Flags |
[   14.996202] cloud-init[934]: ci-info: +-------+-------------+----------+---------------+-----------+-------+
[   15.004512] cloud-init[934]: ci-info: |   0   |   0.0.0.0   | 10.0.2.2 |    0.0.0.0    |   enp0s3  |   UG  |
[   15.012533] cloud-init[934]: ci-info: |   1   |   10.0.2.0  | 0.0.0.0  | 255.255.255.0 |   enp0s3  |   U   |
[   15.021154] cloud-init[934]: ci-info: +-------+-------------+----------+---------------+-----------+-------+
[   15.028947] cloud-init[934]: ci-info: +++++++++++++++++++Route IPv6 info+++++++++++++++++++
[   15.036370] cloud-init[934]: ci-info: +-------+-------------+---------+-----------+-------+
[[0;32m  OK  [0m] Started Initial cloud-init job (metadata service crawler).
[   15.045484] cloud-init[934]: ci-info: | Route | Destination | Gateway | Interface | Flags |
[   15.059214] cloud-init[934]: ci-info: +-------+-------------+---------+-----------+-------+
[   15.067714] cloud-init[934]: ci-info: |   0   |  fe80::/64  |    ::   |   enp0s3  |   U   |
[[0;32m  OK  [0m] Reached target System Initialization.
[   15.078744] [[0;32m  OK  [0m] Listening on D-Bus System Message Bus Socket.
[[0;32m  OK  [0m] Listening on UUID daemon activation socket.
cloud-init         Starting LXD - unix socket.
[[0;32m  OK  [0m] Started Daily Cleanup of Temporary Directories.
         Starting Socket activation for snappy daemon.
[934]: [[0;32m  OK  [0m] Started ACPI Events Check.
[[0;32m  OK  [0m] Reached target Paths.
[[0;32m  OK  [0m] Started Daily apt download activities.
[[0;32m  OK  [0m] Listening on ACPID Listen Socket.
[[0;32m  OK  [0m] Started Message of the Day.
[[0;32m  OK  [0m] Started Daily apt upgrade and clean activities.
[[0;32m  OK  [0m] Started Ubuntu Advantage update messaging.
[[0;32m  OK  [0m] Reached target Timers.
[[0;32m  OK  [0m] Reached target Network is Online.
ci-info: |   3   |   ff00::/8  |    ::   |   enp0s3  |   U   |
[   15.127966] cloud-init[934]: ci-info: +-------+-------------+---------+-----------+-------+
[   15.138802] cloud-init[934]: Generating public/private rsa key pair.         Starting iSCSI initiator daemon (iscsid)...
[[0;32m  OK  [0m] Reached target Cloud-config availability.
[[0;32m  OK  [0m] Listening on LXD - unix socket.
[[0;32m  OK  [0m] Listening on Socket activation for snappy daemon.
[[0;32m  OK  [0m] Reached target Sockets.
[[0;32m  OK  [0m] Reached target Basic System.
         Starting Login Service...
         Starting LSB: MD monitoring daemon...

         Starting Pollinate to seed the pseudo random number generator...
         Starting Snap Daemon...
         Starting /etc/rc.local Compatibility...
[[0;32m  OK  [0m] Started Deferred execution scheduler.
         Starting Accounts Service...
[[0;32m  OK  [0m] Started D-Bus System Message Bus.
[   15.180145] cloud-init[934]: Your identification has been saved in /etc/ssh/ssh_host_rsa_key.
[   15.236973] cloud-init[934]: Your public key has been saved in /etc/ssh/ssh_host_rsa_key.pub.
[   15.275264] cloud-init[934]: The key fingerprint is:         Starting System Logging Service...
         Starting Virtualbox guest utils...

[   15.313780] [[0;32m  OK  [0m] Started Regular background program processing daemon.
[[0;32m  OK  [0m] Started FUSE filesystem for LXC.
[[0;32m  OK  [0m] Started ACPI event daemon.
         Starting LSB: Record successful boot for GRUB...
         Starting LXD - container startup/shutdown...
[[0;32m  OK  [0m] Started /etc/rc.local Compatibility.
cloud-init[[0;32m  OK  [0m] Started iSCSI initiator daemon (iscsid).
[[0;32m  OK  [0m] Started Login Service.
[[0;32m  OK  [0m] Started Unattended Upgrades Shutdown.
         Starting Authenticate and Authorize Users to Run Privileged Tasks...
         Starting Login to default iSCSI targets...
[[0;32m  OK  [0m] Started System Logging Service.
[934]: SHA256:rCTLgfbSM1dtbAs9h2uxj9qyZGaO/nFUnybXk3lgjfE root@ubuntu-xenial
[   15.482588] cloud-init[934]: The key's randomart image is:
[[0;32m  OK  [0m] Started Login to default iSCSI targets.
[[0;32m  OK  [0m] Reached target Remote File Systems (Pre).
[[0;32m  OK  [0m] Reached target Remote File Systems.
         Starting LSB: automatic crash report generation...
         Starting LSB: Set the CPU Frequency Scaling governor to "ondemand"...
         Starting Permit User Sessions...
         Starting LSB: daemon to balance interrupts for SMP systems...
[   15.501358] [[0;32m  OK  [0m] Started Permit User Sessions.
         Starting Hold until boot process finishes up...
         Starting Terminate Plymouth Boot Screen...
[[0;32m  OK  [0m] Started LSB: MD monitoring daemon.
cloud-init[[0;32m  OK  [0m] Started Hold until boot process finishes up.
         Starting Set console scheme...
[[0;32m  OK  [0m] Started Serial Getty on ttyS0.
[[0;32m  OK  [0m] Started Getty on tty1.
[[0;32m  OK  [0m] Reached target Login Prompts.
[[0;32m  OK  [0m] Started Terminate Plymouth Boot Screen.
[934]: +---[RSA 2048]----+
[   15.608547] [[0;32m  OK  [0m] Started Authenticate and Authorize Users to Run Privileged Tasks.
[[0;32m  OK  [0m] Started Accounts Service.
cloud-init[[0;32m  OK  [0m] Started LSB: Set the CPU Frequency Scaling governor to "ondemand".
[[0;32m  OK  [0m] Started Set console scheme.
[934]: |              .  |
[   15.668458] cloud-init[934]: |               = |[[0;32m  OK  [0m] Started LSB: Record successful boot for GRUB.

[   15.723394] cloud-init[[0;32m  OK  [0m] Started LSB: automatic crash report generation.
[934]: |            . + E|
[   15.774066] cloud-init[934]: |   .   . + o o +o|[[0;32m  OK  [0m] Started LSB: daemon to balance interrupts for SMP systems.

[   15.794831] cloud-init[934]: |  o o . S @ o =+o|
[   15.828936] cloud-init[934]: | . + = o = B +  o|
[   15.854827] cloud-init[934]: |  . B o * *      |
[[0;32m  OK  [0m] Started LXD - container startup/shutdown.
[   15.892552] [[0;32m  OK  [0m] Started Virtualbox guest utils.
cloud-init[934]: |   . + B.= o     |
[   15.915067] cloud-init[934]: |     .o.=+o .    |
[   15.927942] cloud-init[934]: +----[SHA256]-----+
[   15.942168] cloud-init[934]: Generating public/private dsa key pair.
[   15.953964] cloud-init[934]: Your identification has been saved in /etc/ssh/ssh_host_dsa_key.
[   15.967644] cloud-init[934]: Your public key has been saved in /etc/ssh/ssh_host_dsa_key.pub.
[   15.983675] cloud-init[934]: The key fingerprint is:
[   15.996012] cloud-init[934]: SHA256:Qv1lDvgWABeBUWHkuy7bhqLU8LGPcQ33ahYwy27BVlg root@ubuntu-xenial
[   16.011665] cloud-init[934]: The key's randomart image is:
[   16.023877] cloud-init[934]: +---[DSA 1024]----+
[   16.043733] cloud-init[934]: |      o*X+       |
[   16.062876] cloud-init[934]: |      .=Eo       |
[   16.078456] cloud-init[934]: |      .o+ o o    |
[   16.083245] cloud-init[934]: |     .+ .+ *     |
[   16.088199] cloud-init[934]: |  . .oo=S + .    |
[   16.094082] cloud-init[934]: |   + o*=.+       |
[   16.099337] cloud-init[934]: |  . =o.oo..      |
[   16.104274] cloud-init[934]: | .  .==o+.       |
[   16.109569] cloud-init[934]: |  ...oo*+        |
[   16.117069] cloud-init[934]: +----[SHA256]-----+
[   16.134788] cloud-init[934]: Generating public/private ecdsa key pair.
[   16.160760] cloud-init[934]: Your identification has been saved in /etc/ssh/ssh_host_ecdsa_key.
[   16.187302] [[0;32m  OK  [0m] Started Snap Daemon.
cloud-init[934]: Your public key has been saved in /etc/ssh/ssh_host_ecdsa_key.pub.
[   16.200959] cloud-init         Starting Wait until snapd is fully seeded...
[934]: The key fingerprint is:
[   16.239632] cloud-init[934]: SHA256:EyXKfD6GNj8TxV6lGv3eiEEWrYWLgfL020ufXB25rHQ root@ubuntu-xenial
[   16.274724] cloud-init[934]: The key's randomart image is:
[   16.300221] cloud-init[934]: +---[ECDSA 256]---+
[   16.313636] cloud-init[934]: |        ... .o.  |
[   16.329144] cloud-init[934]: |     o..o+...+o  |
[   16.342193] cloud-init[934]: |      ++o.+o*+  .|
[   16.351323] cloud-init[934]: |       +.+o*o. o |
[   16.359945] cloud-init[934]: |      + S oo. o +|
[   16.370895] cloud-init[934]: |     . + +. o= Eo|
[   16.379618] cloud-init[934]: |        +  .o+=o.|
[   16.397528] cloud-init[934]: |         o  ..+  |
[   16.412940] cloud-init[934]: |                 |
[   16.428246] cloud-init[934]: +----[SHA256]-----+
[   16.437106] cloud-init[934]: Generating public/private ed25519 key pair.
[   16.454813] cloud-init[934]: Your identification has been saved in /etc/ssh/ssh_host_ed25519_key.
[   16.468982] cloud-init[934]: Your public key has been saved in /etc/ssh/ssh_host_ed25519_key.pub.
[   16.484957] cloud-init[934]: The key fingerprint is:
[   16.497629] cloud-init[934]: SHA256:idJQsDGMMhYBF3Zr59m93LRVgevkQwptSMW5JimCF8w root@ubuntu-xenial
[   16.512600] cloud-init[934]: The key's randomart image is:
[   16.526215] cloud-init[934]: +--[ED25519 256]--+
[   16.539071] cloud-init[934]: |oo*+B..   o.. .. |
[   16.555004] cloud-init[934]: |o+...E   . o .  .|
[   16.569902] cloud-init[934]: |.o  * o . + . . .|
[   16.585892] cloud-init[934]: |   o B = B = + . |
[   16.601159] cloud-init[934]: |    o * S * B .  |
[   16.612868] cloud-init[934]: |     .   . = *   |
[   16.628388] cloud-init[934]: |          o o .  |
[   16.643150] cloud-init[934]: |                 |
[   16.658514] cloud-init[934]: |                 |
[   16.672626] cloud-init[934]: +----[SHA256]-----+
[[0;32m  OK  [0m] Started Pollinate to seed the pseudo random number generator.
         Starting OpenBSD Secure Shell server...
[[0;32m  OK  [0m] Started OpenBSD Secure Shell server.
[[0;32m  OK  [0m] Created slice User Slice of vagrant.
         Starting User Manager for UID 1000...
[[0;32m  OK  [0m] Started Session 1 of user vagrant.
[[0;32m  OK  [0m] Started User Manager for UID 1000.
[[0;32m  OK  [0m] Started Wait until snapd is fully seeded.
[[0;32m  OK  [0m] Reached target Multi-User System.
[[0;32m  OK  [0m] Reached target Graphical Interface.
         Starting Update UTMP about System Runlevel Changes...
         Starting Apply the settings specified in cloud-config...
[[0;32m  OK  [0m] Started Update UTMP about System Runlevel Changes.
[   18.784600] cloud-init[1364]: Generating locales (this might take a while)...
[   20.217766] cloud-init[1364]:   en_US.UTF-8... done
[   20.223485] cloud-init[1364]: Generation complete.
[   20.804337] cloud-init[1364]: Cloud-init v. 21.1-19-gbad84ad4-0ubuntu1~16.04.2 running 'modules:config' at Thu, 09 Feb 2023 21:03:27 +0000. Up 18.64 seconds.
ci-info: no authorized SSH keys fingerprints found for user ubuntu.
<14>Feb  9 21:03:30 ec2: 
<14>Feb  9 21:03:30 ec2: #############################################################
<14>Feb  9 21:03:30 ec2: -----BEGIN SSH HOST KEY FINGERPRINTS-----
<14>Feb  9 21:03:30 ec2: 1024 SHA256:Qv1lDvgWABeBUWHkuy7bhqLU8LGPcQ33ahYwy27BVlg root@ubuntu-xenial (DSA)
<14>Feb  9 21:03:30 ec2: 256 SHA256:EyXKfD6GNj8TxV6lGv3eiEEWrYWLgfL020ufXB25rHQ root@ubuntu-xenial (ECDSA)
<14>Feb  9 21:03:30 ec2: 256 SHA256:idJQsDGMMhYBF3Zr59m93LRVgevkQwptSMW5JimCF8w root@ubuntu-xenial (ED25519)
<14>Feb  9 21:03:30 ec2: 2048 SHA256:rCTLgfbSM1dtbAs9h2uxj9qyZGaO/nFUnybXk3lgjfE root@ubuntu-xenial (RSA)
<14>Feb  9 21:03:30 ec2: -----END SSH HOST KEY FINGERPRINTS-----
<14>Feb  9 21:03:30 ec2: #############################################################
-----BEGIN SSH HOST KEY KEYS-----
ecdsa-sha2-nistp256 AAAAE2VjZHNhLXNoYTItbmlzdHAyNTYAAAAIbmlzdHAyNTYAAABBBFobI3TSTrd0bpBwozf0q+KdxCCtJmmOFOj2jrbVGLJgzKt+q2lomgw68sDInOyoLYHMOR8det9Wzf6iy6DVGNc= root@ubuntu-xenial
ssh-ed25519 AAAAC3NzaC1lZDI1NTE5AAAAIFt4h8vGcbVf5i4CLClDA1T4mFZmDt0QyHtOdjcofAWs root@ubuntu-xenial
ssh-rsa AAAAB3NzaC1yc2EAAAADAQABAAABAQD3TuIvozoUXBUAfQBtVvC4R7v6JoFKxRQ3dZy8yF0VEjSKRhq2zzpPYec6cl/V67uDIZlyCJWz0pMC4DkDccRXMT3ER1sdy6JSvR5Ci4pPyt+hVtQ/My+VkrRUBE7NejAIo65x1e5Z3Z/ws7OGEkfHTuRicH9EEKdVQmlwrf1/6KcRoANubuvGG9mognDCpSzj/Z0s8rQY7ZlcelNdHxBJ6ipwWun323kMBX7u+d0C/a/xaMpp3qTwCduOvPJfh61a/nbZlX6j76xRX9g6IzUg3OY+GgVvbtkQoIMAXt8HuN90VTV3uj21UGnj3ZW82kJTPHDYwHFqDMjHTjvcO6K5 root@ubuntu-xenial
-----END SSH HOST KEY KEYS-----
[   21.324366] cloud-init[1534]: Cloud-init v. 21.1-19-gbad84ad4-0ubuntu1~16.04.2 running 'modules:final' at Thu, 09 Feb 2023 21:03:30 +0000. Up 21.12 seconds.
[   21.324730] cloud-init[1534]: ci-info: no authorized SSH keys fingerprints found for user ubuntu.
[   21.325342] cloud-init[1534]: Cloud-init v. 21.1-19-gbad84ad4-0ubuntu1~16.04.2 finished at Thu, 09 Feb 2023 21:03:30 +0000. Datasource DataSourceNoCloud [seed=/dev/sdb][dsmode=net].  Up 21.28 seconds

Ubuntu 16.04.7 LTS ubuntu-xenial ttyS0

ubuntu-xenial login: 